Archive member included because of file (symbol)

C:/SaturnOrbit/SBL_601/segalib/lib_coff/sega_int.a(int.o)
                              C:/SaturnOrbit/SBL_601/segasmp/v_blank/set_vb.o (INT_SetScuFunc)
C:/SaturnOrbit/SBL_601/segalib/lib_coff/sega_int.a(int_trmp.o)
                              C:/SaturnOrbit/SBL_601/segalib/lib_coff/sega_int.a(int.o) (__interrupt_handler0)
C:/SaturnOrbit/SBL_601/segalib/lib_coff/sega_spr.a(spr_1c.o)
                              main.o (SPR_Initial)
C:/SaturnOrbit/SBL_601/segalib/lib_coff/sega_scl.a(scl_vblv.o)
                              C:/SaturnOrbit/SBL_601/segalib/lib_coff/sega_spr.a(spr_1c.o) (VBInterval)
C:/SaturnOrbit/SBL_601/segalib/lib_coff/sega_scl.a(scl_func.o)
                              main.o (SCL_Vdp2Init)
C:/SaturnOrbit/SBL_601/segalib/lib_coff/sega_scl.a(scl_back.o)
                              main.o (SCL_SetBack)
C:/SaturnOrbit/SBL_601/segalib/lib_coff/sega_scl.a(scl_fu03.o)
                              main.o (SCL_InitConfigTb)
C:/SaturnOrbit/SBL_601/segalib/lib_coff/sega_scl.a(scl_fu04.o)
                              main.o (SCL_SetCycleTable)
C:/SaturnOrbit/SBL_601/segalib/lib_coff/sega_scl.a(scl_pr07.o)
                              main.o (SCL_SetPriority)
C:/SaturnOrbit/SBL_601/segalib/lib_coff/sega_scl.a(scl_pr01.o)
                              main.o (SCL_SetSpriteMode)
C:/SaturnOrbit/SBL_601/segalib/lib_coff/sega_scl.a(scl_pr12.o)
                              main.o (SCL_SetColOffset)
C:/SaturnOrbit/SBL_601/segalib/lib_coff/sega_scl.a(scl_pr11.o)
                              main.o (SCL_SetAutoColOffset)
C:/SaturnOrbit/SBL_601/segalib/lib_coff/sega_scl.a(scl_pr03.o)
                              main.o (SCL_AllocColRam)
C:/SaturnOrbit/SBL_601/segalib/lib_coff/sega_scl.a(scl_pr02.o)
                              main.o (SCL_SetColRam)
C:/SaturnOrbit/SBL_601/segalib/lib_coff/sega_scl.a(scl_pri.o)
                              C:/SaturnOrbit/SBL_601/segalib/lib_coff/sega_scl.a(scl_func.o) (SclRealColOffset)
C:/SaturnOrbit/SBL_601/segalib/lib_coff/sega_scl.a(scl_ro00.o)
                              C:/SaturnOrbit/SBL_601/segalib/lib_coff/sega_scl.a(scl_func.o) (SCL_Rotate)
C:/SaturnOrbit/SBL_601/segalib/lib_coff/sega_scl.a(scl_pr06.o)
                              C:/SaturnOrbit/SBL_601/segalib/lib_coff/sega_scl.a(scl_pr03.o) (SCL_SetColRamOffset)
C:/SaturnOrbit/SBL_601/segalib/lib_coff/sega_scl.a(scl_pr05.o)
                              C:/SaturnOrbit/SBL_601/segalib/lib_coff/sega_scl.a(scl_pr02.o) (SCL_GetColRamOffset)
C:/SaturnOrbit/SBL_601/segalib/lib_coff/sega_mth.a(mth_fixd.o)
                              C:/SaturnOrbit/SBL_601/segalib/lib_coff/sega_scl.a(scl_ro00.o) (MTH_Mul)
C:/SaturnOrbit/SBL_601/segalib/lib_coff/sega_mth.a(mth_tri.o)
                              C:/SaturnOrbit/SBL_601/segalib/lib_coff/sega_scl.a(scl_ro00.o) (fsin)
C:/SaturnOrbit/SBL_601/segalib/lib_coff/sega_per.a(per_prt.o)
                              C:/SaturnOrbit/SBL_601/segasmp/per/smpclib/per_x2.o (PER_LInit)
C:/SaturnOrbit/SBL_601/segalib/lib_coff/sega_sat.a(gfs.o)
                              main.o (GFS_NameToId)
C:/SaturnOrbit/SBL_601/segalib/lib_coff/sega_sat.a(dbg_disp.o)
                              main.o (DBG_Initial)
C:/SaturnOrbit/SBL_601/segalib/lib_coff/sega_sat.a(gfs_cdc.o)
                              C:/SaturnOrbit/SBL_601/segalib/lib_coff/sega_sat.a(gfs.o) (GFCD_SetCdbfs)
C:/SaturnOrbit/SBL_601/segalib/lib_coff/sega_sat.a(gfs_dir.o)
                              C:/SaturnOrbit/SBL_601/segalib/lib_coff/sega_sat.a(gfs.o) (GFDR_NameToId)
C:/SaturnOrbit/SBL_601/segalib/lib_coff/sega_sat.a(gfs_buf.o)
                              C:/SaturnOrbit/SBL_601/segalib/lib_coff/sega_sat.a(gfs.o) (GFBF_GetNumData)
C:/SaturnOrbit/SBL_601/segalib/lib_coff/sega_sat.a(gfs_cdf.o)
                              C:/SaturnOrbit/SBL_601/segalib/lib_coff/sega_sat.a(gfs.o) (GFCF_Init)
C:/SaturnOrbit/SBL_601/segalib/lib_coff/sega_sat.a(gfs_trn.o)
                              C:/SaturnOrbit/SBL_601/segalib/lib_coff/sega_sat.a(gfs.o) (GFTR_SetMode)
C:/SaturnOrbit/SBL_601/segalib/lib_coff/sega_sat.a(gfs_cdb.o)
                              C:/SaturnOrbit/SBL_601/segalib/lib_coff/sega_sat.a(gfs.o) (GFCB_Close)
C:/SaturnOrbit/SBL_601/segalib/lib_coff/sega_sat.a(dbg_intr.o)
                              C:/SaturnOrbit/SBL_601/segalib/lib_coff/sega_sat.a(dbg_disp.o) (DBG_IntrGenOpErr)
C:/SaturnOrbit/SBL_601/segalib/lib_coff/sega_sat.a(scl_pr08.o)
                              C:/SaturnOrbit/SBL_601/segalib/lib_coff/sega_sat.a(dbg_disp.o) (SCL_GetPriority)
C:/SaturnOrbit/SBL_601/segalib/lib_coff/sega_sat.a(cdc_cmn.o)
                              C:/SaturnOrbit/SBL_601/segalib/lib_coff/sega_sat.a(gfs_cdc.o) (CDC_GetCurStat)
C:/SaturnOrbit/SBL_601/segalib/lib_coff/sega_sat.a(cdc_reg.o)
                              C:/SaturnOrbit/SBL_601/segalib/lib_coff/sega_sat.a(gfs_cdb.o) (CDC_GetDataPtr)
C:/SaturnOrbit/SBL_601/segalib/lib_coff/sega_sat.a(cdc_sel.o)
[...]
Memory Configuration

Name             Origin             Length             Attributes
*default*        0x00000000         0xffffffff

Linker script and memory map

TARGET(coff-sh)
LOAD C:/SaturnOrbit/SBL_601/segasmp/lib/strt1_g.o
LOAD C:/SaturnOrbit/SBL_601/segasmp/lib/strt2_g.o
LOAD C:/SaturnOrbit/SBL_601/segasmp/v_blank/set_vb.o
LOAD C:/SaturnOrbit/SBL_601/segasmp/v_blank/v_blank.o
LOAD C:/SaturnOrbit/SBL_601/segasmp/per/smpclib/per_x1.o
LOAD C:/SaturnOrbit/SBL_601/segasmp/per/smpclib/per_x2.o
LOAD C:/SaturnOrbit/SBL_601/segasmp/per/smpclib/per_x3.o
LOAD main.o
LOAD C:/SaturnOrbit/SBL_601/segalib/lib_coff/sega_int.a
LOAD C:/SaturnOrbit/SBL_601/segalib/lib_coff/sega_spr.a
LOAD C:/SaturnOrbit/SBL_601/segalib/lib_coff/sega_scl.a
LOAD C:/SaturnOrbit/SBL_601/segalib/lib_coff/sega_mth.a
LOAD C:/SaturnOrbit/SBL_601/segalib/lib_coff/sega_cdc.a
LOAD C:/SaturnOrbit/SBL_601/segalib/lib_coff/sega_adp.a
LOAD C:/SaturnOrbit/SBL_601/segalib/lib_coff/sega_per.a
LOAD C:/SaturnOrbit/SBL_601/segalib/lib_coff/sega_sat.a
LOAD C:/SaturnOrbit/SBL_601/segalib/lib_coff/sega_gfs.a
LOAD C:/SaturnOrbit/SBL_601/segalib/lib_coff/sega_dbg.a
LOAD C:/Saturn~1/SH_COFF/sh-coff/bin/../lib/gcc/sh-coff/3.4-GNUSH_v0501\libgcc.a
LOAD C:/Saturn~1/SH_COFF/sh-coff/bin/../lib/gcc/sh-coff/3.4-GNUSH_v0501/../../../../sh-coff/lib\libc.a
LOAD C:/Saturn~1/SH_COFF/sh-coff/bin/../lib/gcc/sh-coff/3.4-GNUSH_v0501\libgcc.a

.text           0x06004000    0x1bcb0
 *(.text)
 .text          0x06004000       0x30 C:/SaturnOrbit/SBL_601/segasmp/lib/strt1_g.o
                0x06004024                _D_END
                0x06004020                _D_BGN
                0x0600402c                _B_END
                0x06004028                _B_BGN
                0x06004000                START
 .text          0x06004030       0x60 C:/SaturnOrbit/SBL_601/segasmp/lib/strt2_g.o
                0x06004050                _INITSCT
                0x06004030                _INIT
 .text          0x06004090       0x70 C:/SaturnOrbit/SBL_601/segasmp/v_blank/set_vb.o
                0x06004090                SetVblank
 .text          0x06004100      0x150 C:/SaturnOrbit/SBL_601/segasmp/v_blank/v_blank.o
                0x0600411c                UsrVblankOut
                0x06004100                UsrVblankIn
 .text          0x06004250      0x430 C:/SaturnOrbit/SBL_601/segasmp/per/smpclib/per_x1.o
                0x060045e4                PER_GetAnalogXYZ
                0x06004274                PER_GetTriggerHandler
                0x0600450e                PER_GetEdge
                0x0600448c                PER_GetTrigger
                0x06004538                PER_GetPressEdge
                0x0600458c                PER_GetReleaseEdge
                0x06004250                PER_SetTriggerHandler
 .text          0x06004680      0x200 C:/SaturnOrbit/SBL_601/segasmp/per/smpclib/per_x2.o
                0x06004784                PER_GetDeviceA
                0x06004680                PER_OpenPort
                0x060046b8                PER_GetPort
                0x060047fe                PER_GetDeviceR
 .text          0x06004880       0x20 C:/SaturnOrbit/SBL_601/segasmp/per/smpclib/per_x3.o
                0x06004880                PER_DisguiseTrigger
 .text          0x060048a0     0x15d0 main.o
                0x060048a0                initscl
                0x06004bb0                fadeout
                0x06004a5a                initspr
                0x06005cdc                spr_set_anim
                0x06005900                draw_char
                0x06004b1c                fadein
                0x06004c44                load_map
                0x060055c0                debug_print
                0x06005568                get_elapsed
                0x06005664                debugBreak
                0x0600568a                readData
                0x060059c8                draw_box
                0x06004ad8                initgfs
                0x0600562c                openFileByName
                0x06005d30                spr_draw
                0x06005a90                spr_update
                0x06005748                load_sprite
                0x060057e4                load_chars
                0x06004ecc                main
 .text          0x06005e70       0x50 C:/SaturnOrbit/SBL_601/segalib/lib_coff/sega_int.a(int.o)
                0x06005ea0                INT_GetScuFunc
                0x06005e70                INT_SetScuFunc
 .text          0x06005ec0      0x630 C:/SaturnOrbit/SBL_601/segalib/lib_coff/sega_int.a(int_trmp.o)
                0x06006028                __interrupt_handler60
                0x060061d8                __interrupt_handler132
                0x0600638e                __interrupt_handler205
                0x060061f6                __interrupt_handler137
                0x06006124                __interrupt_handler102
                0x06005f62                __interrupt_handler27
                0x06006364                __interrupt_handler198
                0x06006256                __interrupt_handler153
                0x06005f3e                __interrupt_handler21
                0x0600604c                __interrupt_handler66
                0x0600613c                __interrupt_handler106
                0x06006286                __interrupt_handler161
                0x060060d0                __interrupt_handler88
                0x0600629e                __interrupt_handler165
                0x060061ae                __interrupt_handler125
                0x06005ee4                __interrupt_handler6
                0x06005f80                __interrupt_handler32
                0x0600633a                __interrupt_handler191
                0x06006454                __interrupt_handler238
                0x0600646c                __interrupt_handler242
                0x06006274                __interrupt_handler158
                0x060060dc                __interrupt_handler90
                0x06006298                __interrupt_handler164
                0x06005fbc                __interrupt_handler42
                0x060062fe                __interrupt_handler181
                0x06006406                __interrupt_handler225
                0x060064ae                __interrupt_handler253
                0x060062c2                __interrupt_handler171
                0x0600607c                __interrupt_handler74
                0x06005ed2                __interrupt_handler3
                0x06006016                __interrupt_handler57
                0x06005f14                __interrupt_handler14
                0x060063ac                __interrupt_handler210
                0x060063dc                __interrupt_handler218
                0x060063a0                __interrupt_handler208
                0x06005fa4                __interrupt_handler38
                0x06005ec0                __interrupt_handler0
                0x06006130                __interrupt_handler104
                0x0600626e                __interrupt_handler157
                0x060063be                __interrupt_handler213
                0x060062b0                __interrupt_handler168
                0x060060be                __interrupt_handler85
                0x0600615a                __interrupt_handler111
                0x0600616c                __interrupt_handler114
                0x06005fda                __interrupt_handler47
                0x06006430                __interrupt_handler232
                0x060063fa                __interrupt_handler223
                0x0600644e                __interrupt_handler237
                0x0600603a                __interrupt_handler63
                0x06005fc8                __interrupt_handler44
                0x060062da                __interrupt_handler175
                0x06006304                __interrupt_handler182
                0x0600631c                __interrupt_handler186
                0x0600621a                __interrupt_handler143
                0x06006142                __interrupt_handler107
                0x060061a8                __interrupt_handler124
                0x060062c8                __interrupt_handler172
                0x0600647e                __interrupt_handler245
                0x060060fa                __interrupt_handler95
                0x060061d2                __interrupt_handler131
                0x060061e4                __interrupt_handler134
                0x06006202                __interrupt_handler139
                0x06006070                __interrupt_handler72
                0x0600642a                __interrupt_handler231
                0x06006280                __interrupt_handler160
                0x060061c6                __interrupt_handler129
                0x06005f38                __interrupt_handler20
                0x06006046                __interrupt_handler65
                0x06006010                __interrupt_handler56
                0x06005f0e                __interrupt_handler13
                0x060063a6                __interrupt_handler209
                0x06006160                __interrupt_handler112
                0x06005f32                __interrupt_handler19
                0x060060ee                __interrupt_handler93
                0x06006358                __interrupt_handler196
                0x0600624a                __interrupt_handler151
                0x060062aa                __interrupt_handler167
                0x060064c0                __trampoline
                0x06005f26                __interrupt_handler17
                0x06006418                __interrupt_handler228
                0x060064ba                __interrupt_handler255
                0x06006478                __interrupt_handler244
                0x06006112                __interrupt_handler99
                0x0600630a                __interrupt_handler183
                0x06006208                __interrupt_handler140
                0x0600632e                __interrupt_handler189
                0x0600622c                __interrupt_handler146
                0x060063f4                __interrupt_handler222
                0x06006268                __interrupt_handler156
                0x0600619c                __interrupt_handler122
                0x06006490                __interrupt_handler248
                0x06005fe0                __interrupt_handler48
                0x0600605e                __interrupt_handler69
                0x06005f50                __interrupt_handler24
                0x060060d6                __interrupt_handler89
                0x060063ca                __interrupt_handler215
                0x060064b4                __interrupt_handler254
                0x060060ca                __interrupt_handler87
                0x0600602e                __interrupt_handler61
                0x06006352                __interrupt_handler195
                0x06006244                __interrupt_handler150
                0x06005fb6                __interrupt_handler41
                0x06006154                __interrupt_handler110
                0x060061ba                __interrupt_handler127
                0x06006148                __interrupt_handler108
                0x06006166                __interrupt_handler113
                0x06006178                __interrupt_handler116
                0x06006196                __interrupt_handler121
                0x0600608e                __interrupt_handler77
                0x06005faa                __interrupt_handler39
                0x06005fc2                __interrupt_handler43
                0x06006496                __interrupt_handler249
                0x060062d4                __interrupt_handler174
                0x060061f0                __interrupt_handler136
                0x06006328                __interrupt_handler188
                0x06006226                __interrupt_handler145
                0x06005ef6                __interrupt_handler9
                0x0600609a                __interrupt_handler79
                0x06006412                __interrupt_handler227
                0x06005f8c                __interrupt_handler34
                0x060061cc                __interrupt_handler130
                0x0600648a                __interrupt_handler247
                0x06006082                __interrupt_handler75
                0x060062ce                __interrupt_handler173
                0x06005ffe                __interrupt_handler53
                0x0600623e                __interrupt_handler149
                0x060064a2                __interrupt_handler251
                0x06006436                __interrupt_handler233
                0x06005efc                __interrupt_handler10
                0x06006388                __interrupt_handler204
                0x060060ac                __interrupt_handler82
                0x060060b2                __interrupt_handler83
                0x06005f56                __interrupt_handler25
                0x06006472                __interrupt_handler243
                0x0600628c                __interrupt_handler162
                0x06005fd4                __interrupt_handler46
                0x060062ec                __interrupt_handler178
                0x060060a0                __interrupt_handler80
                0x06006034                __interrupt_handler62
                0x06005ecc                __interrupt_handler2
                0x06005f6e                __interrupt_handler29
                0x06006064                __interrupt_handler70
                0x0600614e                __interrupt_handler109
                0x06006238                __interrupt_handler148
                0x060060f4                __interrupt_handler94
                0x06006400                __interrupt_handler224
                0x0600612a                __interrupt_handler103
                0x06005f98                __interrupt_handler36
                0x060061b4                __interrupt_handler126
                0x06006484                __interrupt_handler246
                0x0600600a                __interrupt_handler55
                0x06005f08                __interrupt_handler12
                0x06005ff8                __interrupt_handler52
                0x06006322                __interrupt_handler187
                0x06006220                __interrupt_handler144
                0x0600617e                __interrupt_handler117
                0x06005f2c                __interrupt_handler18
                0x0600635e                __interrupt_handler197
                0x06006250                __interrupt_handler152
                0x06006184                __interrupt_handler118
                0x060062bc                __interrupt_handler170
                0x06006376                __interrupt_handler201
                0x06006106                __interrupt_handler97
                0x06006292                __interrupt_handler163
                0x060062f8                __interrupt_handler180
                0x06006340                __interrupt_handler192
                0x06006460                __interrupt_handler240
                0x060061a2                __interrupt_handler123
                0x060063c4                __interrupt_handler214
                0x06005f7a                __interrupt_handler31
                0x06005f68                __interrupt_handler28
                0x06006052                __interrupt_handler67
                0x06006058                __interrupt_handler68
                0x06005f44                __interrupt_handler22
                0x06005f4a                __interrupt_handler23
                0x060062e0                __interrupt_handler176
                0x06005eea                __interrupt_handler7
                0x060063ee                __interrupt_handler221
                0x060063d6                __interrupt_handler217
                0x0600641e                __interrupt_handler229
                0x06005fe6                __interrupt_handler49
                0x06005ed8                __interrupt_handler4
                0x06005fb0                __interrupt_handler40
                0x06006172                __interrupt_handler115
                0x06006442                __interrupt_handler235
                0x060060e2                __interrupt_handler91
                0x06006394                __interrupt_handler206
                0x060062e6                __interrupt_handler177
                0x06006232                __interrupt_handler147
                0x06005f9e                __interrupt_handler37
                0x0600649c                __interrupt_handler250
                0x06005ec6                __interrupt_handler1
                0x060063e2                __interrupt_handler219
                0x06006088                __interrupt_handler76
                0x06006118                __interrupt_handler100
                0x0600601c                __interrupt_handler58
                0x06005f1a                __interrupt_handler15
                0x060063b8                __interrupt_handler212
                0x06006466                __interrupt_handler241
                0x0600637c                __interrupt_handler202
                0x06006346                __interrupt_handler193
                0x06006094                __interrupt_handler78
                0x06005fec                __interrupt_handler50
                0x06005f86                __interrupt_handler33
                0x060062a4                __interrupt_handler166
                0x060061fc                __interrupt_handler138
                0x060061ea                __interrupt_handler135
                0x06005f74                __interrupt_handler30
                0x06006310                __interrupt_handler184
                0x0600620e                __interrupt_handler141
                0x06006424                __interrupt_handler230
                0x06006448                __interrupt_handler236
                0x0600618a                __interrupt_handler119
                0x060060c4                __interrupt_handler86
                0x06006136                __interrupt_handler105
                0x060060a6                __interrupt_handler81
                0x06006190                __interrupt_handler120
                0x060061c0                __interrupt_handler128
                0x06006004                __interrupt_handler54
                0x06005f02                __interrupt_handler11
                0x0600636a                __interrupt_handler199
                0x0600625c                __interrupt_handler154
                0x06005fce                __interrupt_handler45
                0x060063d0                __interrupt_handler216
                0x06006382                __interrupt_handler203
                0x0600611e                __interrupt_handler101
                0x060060b8                __interrupt_handler84
                0x06006316                __interrupt_handler185
                0x06006214                __interrupt_handler142
                0x06005f5c                __interrupt_handler26
                0x06006040                __interrupt_handler64
                0x06006370                __interrupt_handler200
                0x0600639a                __interrupt_handler207
                0x0600634c                __interrupt_handler194
                0x060060e8                __interrupt_handler92
                0x06006262                __interrupt_handler155
                0x060063b2                __interrupt_handler211
                0x060061de                __interrupt_handler133
                0x06005ede                __interrupt_handler5
                0x06006076                __interrupt_handler73
                0x06005f20                __interrupt_handler16
                0x0600645a                __interrupt_handler239
                0x0600643c                __interrupt_handler234
                0x06005f92                __interrupt_handler35
                0x06006022                __interrupt_handler59
                0x060062b6                __interrupt_handler169
                0x0600610c                __interrupt_handler98
                0x0600606a                __interrupt_handler71
                0x06005ff2                __interrupt_handler51
                0x0600627a                __interrupt_handler159
                0x0600640c                __interrupt_handler226
                0x06006100                __interrupt_handler96
                0x06006334                __interrupt_handler190
                0x060063e8                __interrupt_handler220
                0x06005ef0                __interrupt_handler8
                0x060062f2                __interrupt_handler179
                0x060064a8                __interrupt_handler252
 .text          0x060064f0      0x4f0 C:/SaturnOrbit/SBL_601/segalib/lib_coff/sega_spr.a(spr_1c.o)
                0x06006984                SPR_WaitDrawEnd
                0x060069ac                SPR_SetEosMode
                0x06006804                SPR_SetEraseData
                0x060064f0                SPR_Initial
                0x06006684                SPR_SetTvMode
                0x06006774                SPR_GetStatus
 .text          0x060069e0      0x360 C:/SaturnOrbit/SBL_601/segalib/lib_coff/sega_scl.a(scl_vblv.o)
                0x06006aa0                SCL_DisplayFrame
                0x060069e0                SCL_SetFrameInterval
                0x06006ae0                SCL_VblInit
                0x06006b30                SCL_VblankStart
                0x06006b80                SCL_VblankEnd
 .text          0x06006d40      0xcd0 C:/SaturnOrbit/SBL_601/segalib/lib_coff/sega_scl.a(scl_func.o)
                0x060078c0                SCL_Vdp2_SGLInit
                0x060076c0                SCL_PriIntProc
                0x060074a0                SCL_Memcpyw
                0x060079e0                SCL_SglOff
                0x060079b0                SCL_SglOn
                0x06007830                SCL_ScrollShow
                0x06006f90                SCL_Close
                0x060072d0                SCL_Scale
                0x06006ed0                SCL_Vdp2Init
                0x06007120                SCL_Move
                0x060074d0                SCL_CopyReg
                0x06006f50                SCL_Open
                0x06006d40                SCL_ParametersInit
                0x06006fb0                SCL_MoveTo
                0x06007650                SCL_SetColRamMode
 .text          0x06007a10       0x90 C:/SaturnOrbit/SBL_601/segalib/lib_coff/sega_scl.a(scl_back.o)
                0x06007a10                SCL_SetBack
 .text          0x06007aa0      0x880 C:/SaturnOrbit/SBL_601/segalib/lib_coff/sega_scl.a(scl_fu03.o)
                0x06007af0                SCL_SetConfig
                0x06007aa0                SCL_InitConfigTb
 .text          0x06008320       0x30 C:/SaturnOrbit/SBL_601/segalib/lib_coff/sega_scl.a(scl_fu04.o)
                0x06008320                SCL_SetCycleTable
 .text          0x06008350      0x250 C:/SaturnOrbit/SBL_601/segalib/lib_coff/sega_scl.a(scl_pr07.o)
                0x06008350                SCL_SetPriority
 .text          0x060085a0       0x50 C:/SaturnOrbit/SBL_601/segalib/lib_coff/sega_scl.a(scl_pr01.o)
                0x060085a0                SCL_SetSpriteMode
 .text          0x060085f0      0x1b0 C:/SaturnOrbit/SBL_601/segalib/lib_coff/sega_scl.a(scl_pr12.o)
                0x060085f0                SCL_SetColOffset
 .text          0x060087a0      0x1c0 C:/SaturnOrbit/SBL_601/segalib/lib_coff/sega_scl.a(scl_pr11.o)
                0x060087a0                SCL_SetAutoColOffset
 .text          0x06008960      0x1b0 C:/SaturnOrbit/SBL_601/segalib/lib_coff/sega_scl.a(scl_pr03.o)
                0x06008960                SCL_FreeColRam
                0x060089a0                SCL_AllocColRam
 .text          0x06008b10       0xe0 C:/SaturnOrbit/SBL_601/segalib/lib_coff/sega_scl.a(scl_pr02.o)
                0x06008b10                SCL_SetColRam
 .text          0x06008bf0      0xfc0 C:/SaturnOrbit/SBL_601/segalib/lib_coff/sega_scl.a(scl_pri.o)
                0x06008e80                SCL_AbortAutoVe
                0x06009a30                SCL_SetShadowBit
                0x06009370                SCL_AutoExec
                0x06008bf0                SCL_PriorityInit
                0x060092d0                SCL_IncColOffset
                0x06008ea0                SCL_SetColMixRate
                0x06008e60                SCL_GetColRamMode
 .text          0x06009bb0     0x12c0 C:/SaturnOrbit/SBL_601/segalib/lib_coff/sega_scl.a(scl_ro00.o)
                0x0600a030                SCL_RotateZD
                0x0600a1f0                SCL_Rotate
                0x06009d50                SCL_InitRotateTable
 .text          0x0600ae70      0x1f0 C:/SaturnOrbit/SBL_601/segalib/lib_coff/sega_scl.a(scl_pr06.o)
                0x0600ae70                SCL_SetColRamOffset
 .text          0x0600b060       0xf0 C:/SaturnOrbit/SBL_601/segalib/lib_coff/sega_scl.a(scl_pr05.o)
                0x0600b060                SCL_GetColRamOffset
 .text          0x0600b150       0xb0 C:/SaturnOrbit/SBL_601/segalib/lib_coff/sega_mth.a(mth_fixd.o)
                0x0600b1a0                MTH_FixedToInt
                0x0600b190                MTH_IntToFixed
                0x0600b150                MTH_Mul
                0x0600b1b0                MTH_Product
                0x0600b170                MTH_Div
 .text          0x0600b200      0x600 C:/SaturnOrbit/SBL_601/segalib/lib_coff/sega_mth.a(mth_tri.o)
                0x0600b29c                fcos
                0x0600b2a2                fsin
                0x0600b24c                MTH_Cos
                0x0600b200                MTH_Sin
                0x0600b440                MTH_Atan
 .text          0x0600b800      0xf50 C:/SaturnOrbit/SBL_601/segalib/lib_coff/sega_per.a(per_prt.o)
                0x0600bc20                PER_IntFunc
                0x0600ba18                PER_LGetPer
                0x0600b800                PER_LInit
 .text          0x0600c750     0x20c0 C:/SaturnOrbit/SBL_601/segalib/lib_coff/sega_sat.a(gfs.o)
                0x0600c750                gfs_version
                0x0600d430                gfs_mngGetNumFile
                0x0600e090                gfs_closeSub
                0x0600cfe0                GFS_SetGmode
                0x0600d2b0                GFS_SetErrFunc
                0x0600d360                gfs_mngSetupFuncTbl
                0x0600e450                GFS_Reset
                0x0600e5d0                gfs_chgRoot
                0x0600d350                gfs_aborttrans
                0x0600d6e0                gfs_svrAddHndl
                0x0600d510                gfs_mngFreeGrp
                0x0600d310                GFS_ConvTno
                0x0600e1e0                gfs_getRootDir
                0x0600d2e0                GFS_GetErrStat
                0x0600cc00                GFS_Seek
                0x0600d660                GFS_NwStop
                0x0600d520                gfs_mngTermAccess
                0x0600d780                GFS_Open
                0x0600c980                GFS_mngAllocGrp
                0x0600cf70                gfs_isTaskDone
                0x0600dfd0                GFS_Fread
                0x0600d1e0                GFS_StartTrans
                0x0600ca30                gfs_GetFinfo
                0x0600d3a0                gfs_mngInitWork
                0x0600cb20                GFS_ByteToSct
                0x0600d5b0                gfs_svrSearchHndl
                0x0600e2c0                gfs_loadRootDir
                0x0600c880                GFS_IdToName
                0x0600dea0                GFS_NwFread
                0x0600d0e0                GFS_SetTransPara
                0x0600de10                GFS_NwCdRead
                0x0600e120                gfs_loadVol
                0x0600cdb0                GFS_SetReadPara
                0x0600c9d0                GFS_Tell
                0x0600d060                GFS_SetTmode
                0x0600dd50                GFS_GetFad
                0x0600d160                GFS_SetTrFunc
                0x0600d250                GFS_CdMovePickup
                0x0600c800                GFS_NameToId
                0x0600dae0                GFS_NwExecOne
                0x0600d970                gfs_flowIn
                0x0600cce0                GFS_GetFileInfo
                0x0600da20                gfs_transData
                0x0600d600                gfs_svrRemoveHndl
                0x0600ced0                GFS_NwIsComplete
                0x0600cf20                gfs_getGmode
                0x0600ce30                GFS_NwGetStat
                0x0600d730                GFS_OpenSub
                0x0600d4a0                GFS_SetDir
                0x0600ca90                GFS_GetFileSize
                0x0600cd80                GFS_GetNumCdbuf
                0x0600d870                gfs_convFinStat
                0x0600e350                GFS_Load
                0x0600dc80                gfs_waitRead
                0x0600e500                GFS_LoadDir
                0x0600c900                GFS_GetDirInfo
                0x0600e0e0                GFS_Close
                0x0600e6f0                GFS_Init
                0x0600cf30                gfs_recovRdErr
                0x0600c770                gfs_mngSetErrCode
                0x0600dbe0                GFS_NwExecServer
                0x0600cba0                GFS_IsEof
                0x0600ddc0                gfs_SetSct
 .text          0x0600e810     0x1250 C:/SaturnOrbit/SBL_601/segalib/lib_coff/sega_sat.a(dbg_disp.o)
                0x0600e900                DBG_ClearScreen
                0x0600f3e0                DBG_GetKeyStr
                0x0600ef50                DBG_Printf
                0x0600f090                DBG_DisplayOff
                0x0600e950                DBG_Initial
                0x0600f1d0                DBG_DisplayOn
                0x0600eb20                DBG_SetCursol
 .text          0x0600fa60     0x1d10 C:/SaturnOrbit/SBL_601/segalib/lib_coff/sega_sat.a(gfs_cdc.o)
                0x0600fb90                GFCD_AllocBuf
                0x060104f0                gfcd_doGetLenDataTsk
                0x06010c50                GFCD_SetCsctFunc
                0x0600fc20                GFCD_GetBaseFad
                0x06010c00                GFCD_GetFilt
                0x06010e20                gfcd_doChgDirTsk
                0x0600fcf0                gfcd_checkEflag
                0x06011410                GFCD_MovePickup
                0x06010b60                GFCD_GetSctInfo
                0x06010400                gfcd_doReqDataTsk
                0x06011130                GFCD_ChgDir
                0x060104a0                GFCD_ReqData
                0x060112f0                GFCD_WaitServer
                0x06010c70                GFCD_ChkScdqFlag
                0x060103b0                GFCD_DelSctData
                0x060111e0                GFCD_ExecServer
                0x06010690                gfcd_doSetConTsk
                0x0600fb10                GFCD_AllocFilt
                0x06010970                GFCD_SetFilt
                0x060107b0                gfcd_doSetFiltTsk
                0x06010c90                GFCD_ClrScdqFlag
                0x06010240                gfcd_doDelSctDataTsk
                0x06011060                gfcd_doTask
                0x0600fc60                GFCD_GetPickup
                0x0600fd20                GFCD_CheckMove
                0x06010cb0                GFCD_WaitScdqFlag
                0x06011480                GFCD_Play
                0x06010070                gfcd_doMoveSctTsk
                0x06010740                GFCD_SetCon
                0x0600ff70                GFCD_SetFiltCon
                0x06011720                GFCD_WaitPause
                0x06010a10                GFCD_GetBufSiz
                0x0600fca0                GFCD_UngetPickup
                0x06010a50                GFCD_GetFileInfo
                0x06010bb0                GFCD_EndData
                0x06011330                GFCD_FreeBuf
                0x06010640                GFCD_GetLenData
                0x0600fb60                GFCD_FreeFilt
                0x0600fd40                gfcd_isIdleTask
                0x06011500                GFCD_Init
                0x0600fe40                gfcd_doSetFiltConTsk
                0x06010d20                GFCD_GetStat
                0x060101d0                GFCD_MoveSctData
                0x0600fcd0                GFCD_IsPuOwner
                0x0600faa0                gfcd_initCdbMng
                0x0600fa60                GFCD_SetCdbfs
                0x0600fbd0                GFCD_SetTimer
                0x0600fe10                gfcd_setStat
                0x0600fbf0                GFCD_CheckDelSctData
 .text          0x06011770      0xae0 C:/SaturnOrbit/SBL_601/segalib/lib_coff/sega_sat.a(gfs_dir.o)
                0x06011c30                gfdr_setNextRec
                0x06011990                gfdr_setDirrecCd
                0x06011960                gfdr_open
                0x06011830                GFDR_GetAtrDirId
                0x06011ac0                gfdr_readByte
                0x060121c0                GFDR_SetupDirTbl
                0x06011c00                gfdr_readLongNM
                0x06011cf0                gfdr_readDirEnt
                0x06011940                GFDR_ChgRoot
                0x06011770                GFDR_NameToId
                0x06012130                gfdr_setupDirIdTbl
                0x06011850                GFDR_GetAtrDirName
                0x060117f0                GFDR_GetInfoDirId
                0x06011b90                gfdr_readLongNB
                0x060119c0                gfdr_read
                0x06011af0                gfdr_readWord
                0x06012070                gfdr_setupDirNameTbl
                0x06011810                GFDR_GetInfoDirName
                0x06011870                GFDR_ChgDir
                0x06011b20                gfdr_readWordNB
 .text          0x06012250      0x120 C:/SaturnOrbit/SBL_601/segalib/lib_coff/sega_sat.a(gfs_buf.o)
                0x060122a0                GFBF_GetNumData
                0x06012330                GFBF_RtnPk
                0x060122d0                GFBF_GetSrcPk
                0x06012360                gfbf_getSctDt
                0x06012280                GFBF_GetTranData
                0x06012300                GFBF_GetSctData
 .text          0x06012370      0xa60 C:/SaturnOrbit/SBL_601/segalib/lib_coff/sega_sat.a(gfs_cdf.o)
                0x06012720                GFCF_Seek
                0x060128f0                GFCF_GetStat
                0x06012700                GFCF_Tell
                0x06012480                GFCF_Setup
                0x06012740                GFCF_cnvIntlvOfs
                0x06012370                GFCF_Init
                0x060126b0                GFCF_Recover
                0x060125e0                GFCF_SetSct
                0x060129e0                GFCF_MovePickup
                0x06012b30                gfcf_isCdOk
                0x06012c40                GFCF_FlowInBuf
                0x06012630                GFCF_GetFileInfo
                0x06012a80                GFCF_StopInBuf
                0x06012440                gfcf_getSctSize
                0x06012790                gfcf_getPlayRange
 .text          0x06012dd0      0xca0 C:/SaturnOrbit/SBL_601/segalib/lib_coff/sega_sat.a(gfs_trn.o)
                0x06012ee0                GFTR_SetTransMax
                0x06013280                gftr_execScu
                0x06013a50                GFTR_SetTransFunc
                0x06012fb0                gftr_remTrn
                0x06013a30                GFTR_SetData
                0x06013590                gftr_execSdma1
                0x06013480                gftr_copyFrac
                0x06012ed0                GFTR_GetNumTrans
                0x06012e10                GFTR_SetMode
                0x06013550                gftr_remDma0
                0x06013a00                GFTR_GetLenData
                0x06013270                gftr_reqScu
                0x06013570                gftr_reqDma1
                0x06013060                gftr_getSrcPack
                0x06012f10                GFTR_RtnDstPk
                0x06013380                gfdma_exec
                0x06013660                gftr_execTrn
                0x06013750                GFTR_ExecSvr
                0x06012f30                gftr_reqTrn
                0x060134b0                gfdma_getBytecnt
                0x060135e0                gftr_reqCpu
                0x060131c0                GFTR_GetDstPack
                0x06013500                gftr_reqDma0
                0x06013120                GFTR_Idle
                0x06012f00                GFTR_Pause
                0x06012ec0                GFTR_GetTransPara
                0x06013650                gftr_remCpu
                0x06012e80                GFTR_SetTransPara
                0x060135c0                gftr_remDma1
                0x06013920                GFTR_Stop
                0x06013520                gftr_execSdma0
                0x06012e30                GFTR_Setup
                0x06013330                gftr_remScu
                0x06013200                gftr_getDstPack
                0x06013370                gfdma_canUse
                0x060138b0                GFTR_Exec
                0x06013a10                GFTR_GetData
                0x06012ef0                GFTR_Start
                0x06012e00                GFTR_SetUnit
                0x060135f0                gftr_execCpu
                0x06013040                GFTR_GetLenRoom
 .text          0x06013a70      0x6f0 C:/SaturnOrbit/SBL_601/segalib/lib_coff/sega_sat.a(gfs_cdb.o)
                0x060140f0                GFCB_GetPickup
                0x06013a70                GFCB_Close
                0x06013ef0                GFCB_GetSrcPack
                0x060140b0                GFCB_SetCon
                0x06013b80                GFCB_GetLenRoom
                0x06014090                GFCB_MovePickup
                0x06013fd0                GFCB_GetSctData
                0x06013b90                GFCB_SetFilt
                0x06013ab0                GFCB_GetLenData
                0x06014140                GFCB_UngetPickup
                0x06013c30                GFCB_Setup
                0x06013aa0                GFCB_Tell
                0x06014120                GFCB_IsPuOwner
                0x06013da0                GFCB_Seek
                0x06013c00                GFCB_DeleteAllData
                0x06014010                GFCB_GetDstPack
                0x06013d40                gfcb_getSctNum
                0x06014020                GFCB_RtnPk
 .text          0x06014160       0x70 C:/SaturnOrbit/SBL_601/segalib/lib_coff/sega_sat.a(dbg_intr.o)
                0x06014170                DBG_IntrCpuAddrErr
                0x06014160                DBG_IntrGenOpErr
                0x06014168                DBG_IntrSlotOpErr
                0x06014178                DBG_IntrDmaAddrErr
 .text          0x060141d0      0x1a0 C:/SaturnOrbit/SBL_601/segalib/lib_coff/sega_sat.a(scl_pr08.o)
                0x060141d0                SCL_GetPriority
 .text          0x06014370      0x3a0 C:/SaturnOrbit/SBL_601/segalib/lib_coff/sega_sat.a(cdc_cmn.o)
                0x06014514                CDC_TgetToc
                0x060146b8                CDC_DataEnd
                0x060143d8                CDC_GetPeriStat
                0x0601464c                CDC_DataReady
                0x06014624                CDC_CdOpen
                0x060145a0                CDC_CdInit
                0x06014564                CDC_GetSes
                0x060143c0                CDC_GetLastStat
                0x06014370                CDC_GetCurStat
                0x060144ac                CDC_GetHwInfo
 .text          0x06014710      0x2dc C:/SaturnOrbit/SBL_601/segalib/lib_coff/sega_sat.a(cdc_reg.o)
                0x06014764                CDREG_ClrHirqReq
                0x06014734                CDC_ClrHirqReq
                0x060147e4                CDREG_TgetData
                0x060147d4                CDC_GetMpegPtr
                0x060147b0                CDC_GetHirqMsk
                0x06014710                CDC_GetDataPtr
                0x06014720                CDC_GetHirqReq
                0x06014940                CDREG_WaitHirq
                0x060147c4                CDC_SetHirqMsk
                0x06014840                CDREG_CmdRsp
                0x06014774                CDREG_InitHirqReq
                0x0601479c                CDREG_SetHirqFlag
                0x060149b0                CDREG_ReadRsp
 *fill*         0x060149ec        0x4 00
 .text          0x060149f0      0x2b8 C:/SaturnOrbit/SBL_601/segalib/lib_coff/sega_sat.a(cdc_sel.o)
                0x06014c20                CDC_GetFiltCon
                0x06014b9c                CDC_GetFiltMode
                0x06014c74                CDC_ResetSelector
                0x060149f0                CDC_SetFiltRange
                0x06014a7c                CDC_SetFiltSubh
                0x06014aec                CDC_GetFiltSubh
                0x06014a24                CDC_GetFiltRange
                0x06014b68                CDC_SetFiltMode
                0x06014be0                CDC_SetFiltCon
 *fill*         0x06014ca8        0x8 00
 .text          0x06014cb0      0x1e4 C:/SaturnOrbit/SBL_601/segalib/lib_coff/sega_sat.a(cdc_bio.o)
                0x06014d5c                CDC_GetdelSctData
                0x06014ce4                CDC_GetSctData
                0x06014d98                CDC_PutSctData
                0x06014e14                CDC_MoveSctData
                0x06014e58                CDC_GetCopyErr
                0x06014d20                CDC_DelSctData
                0x06014cb0                CDC_SetSctLen
                0x06014dd0                CDC_CopySctData
 *fill*         0x06014e94        0xc 00
 .text          0x06014ea0      0x270 C:/SaturnOrbit/SBL_601/segalib/lib_coff/sega_sat.a(cdc_bif.o)
                0x06014efc                CDC_GetSctNum
                0x0601507c                CDC_ExeFadSearch
                0x06014ffc                CDC_GetSctInfo
                0x06014f40                CDC_CalActSiz
                0x06014ea0                CDC_GetBufSiz
                0x06014f7c                CDC_GetActSiz
                0x060150b4                CDC_GetFadSearch
 .text          0x06015110       0xa8 C:/SaturnOrbit/SBL_601/segalib/lib_coff/sega_sat.a(cdc_dev.o)
                0x0601517c                CDC_CdGetLastBuf
                0x06015110                CDC_CdSetCon
                0x06015140                CDC_CdGetCon
 *fill*         0x060151b8        0x8 00
 .text          0x060151c0      0x194 C:/SaturnOrbit/SBL_601/segalib/lib_coff/sega_sat.a(cdc_cfs.o)
                0x060151c0                CDC_ChgDir
                0x060151f4                CDC_ReadDir
                0x06015318                CDC_AbortFile
                0x06015228                CDC_GetFileScope
                0x06015288                CDC_TgetFileInfo
                0x060152e4                CDC_ReadFile
 *fill*         0x06015354        0xc 00
 .text          0x06015360      0x130 C:/SaturnOrbit/SBL_601/segalib/lib_coff/sega_sat.a(cdc_drv.o)
                0x06015360                CDC_CdPlay
                0x0601542c                CDC_CdSeek
                0x06015460                CDC_CdScan
 .text          0x06015490      0x3d0 C:/SaturnOrbit/SBL_601/segalib/lib_coff/sega_sat.a(dma_scu0.o)
                0x06015520                DMA_ScuStart
                0x06015710                DMA_ScuIntFunc0
                0x06015780                DMA_ScuIntFunc1
                0x060157f0                DMA_ScuIntFunc2
                0x060156d0                DMA_ScuGetStatus
                0x06015490                DMA_ScuSetPrm
 .text          0x06015860      0x110 C:/SaturnOrbit/SBL_601/segalib/lib_coff/sega_sat.a(csh_main.o)
                0x06015860                CSH_Init
                0x060158e0                CSH_AllClr
                0x06015940                CSH_Purge
 .text          0x06015970      0x220 C:/SaturnOrbit/SBL_601/segalib/lib_coff/sega_sat.a(dma_cpu0.o)
                0x060159d0                DMA_CpuSetPrm
                0x06015af0                DMA_CpuStart
                0x06015b70                DMA_CpuGetStatus
                0x06015b30                DMA_CpuAllStop
                0x06015b50                DMA_CpuGetComStatus
                0x06015970                DMA_CpuSetComPrm
                0x06015b10                DMA_CpuStop
 .text          0x06015b90      0xc90 C:/SaturnOrbit/SBL_601/segalib/lib_coff/sega_sat.a(dbg_moni.o)
                0x06016150                DBG_Monitor
                0x06016750                DBG_IntrProc
 .text          0x06016820      0x152 C:/SaturnOrbit/SBL_601/segalib/lib_coff/sega_sat.a(cdc_sub.o)
                0x060168c8                CDSUB_GetCdstat
                0x06016838                CDSUB_UpdCdstat
                0x06016908                CDSUB_RspToCdstat
                0x06016950                CDSUB_SoftTimer
                0x06016820                CDSUB_UpdStatus
                0x06016858                CDSUB_CdCmd
 *fill*         0x06016972        0xe 00
 .text          0x06016980       0x90 C:/Saturn~1/SH_COFF/sh-coff/bin/../lib/gcc/sh-coff/3.4-GNUSH_v0501\libgcc.a(_ashiftlt.o)
                0x06016980                __ashlsi3
 .text          0x06016a10       0x90 C:/Saturn~1/SH_COFF/sh-coff/bin/../lib/gcc/sh-coff/3.4-GNUSH_v0501\libgcc.a(_si_to_sf.o)
                0x06016a10                __floatsisf
 .text          0x06016aa0      0x100 C:/Saturn~1/SH_COFF/sh-coff/bin/../lib/gcc/sh-coff/3.4-GNUSH_v0501\libgcc.a(_div_sf.o)
                0x06016aa0                __divsf3
 .text          0x06016ba0       0x60 C:/Saturn~1/SH_COFF/sh-coff/bin/../lib/gcc/sh-coff/3.4-GNUSH_v0501\libgcc.a(_fixunssfsi.o)
                0x06016ba0                __fixunssfsi
 .text          0x06016c00       0xa0 C:/Saturn~1/SH_COFF/sh-coff/bin/../lib/gcc/sh-coff/3.4-GNUSH_v0501\libgcc.a(__main.o)
                0x06016c74                __main
                0x06016c00                __do_global_dtors
                0x06016c34                __do_global_ctors
 .text          0x06016ca0       0xb0 C:/Saturn~1/SH_COFF/sh-coff/bin/../lib/gcc/sh-coff/3.4-GNUSH_v0501\libgcc.a(_si_to_df.o)
                0x06016ca0                __floatsidf
 .text          0x06016d50      0x180 C:/Saturn~1/SH_COFF/sh-coff/bin/../lib/gcc/sh-coff/3.4-GNUSH_v0501\libgcc.a(_div_df.o)
                0x06016d58                __divdf3
 .text          0x06016ed0       0x70 C:/Saturn~1/SH_COFF/sh-coff/bin/../lib/gcc/sh-coff/3.4-GNUSH_v0501\libgcc.a(_df_to_sf.o)
                0x06016ed0                __truncdfsf2
 .text          0x06016f40      0x230 C:/Saturn~1/SH_COFF/sh-coff/bin/../lib/gcc/sh-coff/3.4-GNUSH_v0501\libgcc.a(_addsub_sf.o)
                0x06017110                __subsf3
                0x060170bc                __addsf3
 .text          0x06017170       0x70 C:/Saturn~1/SH_COFF/sh-coff/bin/../lib/gcc/sh-coff/3.4-GNUSH_v0501\libgcc.a(_sf_to_si.o)
                0x06017170                __fixsfsi
 .text          0x060171e0      0x2e0 C:/Saturn~1/SH_COFF/sh-coff/bin/../lib/gcc/sh-coff/3.4-GNUSH_v0501\libgcc.a(_mul_df.o)
                0x060171f0                __muldf3
 .text          0x060174c0       0x80 C:/Saturn~1/SH_COFF/sh-coff/bin/../lib/gcc/sh-coff/3.4-GNUSH_v0501\libgcc.a(_df_to_si.o)
                0x060174c0                __fixdfsi
 .text          0x06017540      0x180 C:/Saturn~1/SH_COFF/sh-coff/bin/../lib/gcc/sh-coff/3.4-GNUSH_v0501\libgcc.a(_mul_sf.o)
                0x06017540                __mulsf3
 .text          0x060176c0       0x70 C:/Saturn~1/SH_COFF/sh-coff/bin/../lib/gcc/sh-coff/3.4-GNUSH_v0501\libgcc.a(_udivsi3.o)
                0x060176e2                __udivsi3
 .text          0x06017730       0xa0 C:/Saturn~1/SH_COFF/sh-coff/bin/../lib/gcc/sh-coff/3.4-GNUSH_v0501\libgcc.a(_sdivsi3.o)
                0x06017730                __sdivsi3
 .text          0x060177d0       0x60 C:/Saturn~1/SH_COFF/sh-coff/bin/../lib/gcc/sh-coff/3.4-GNUSH_v0501\libgcc.a(_ashiftrt.o)
                0x060177dc                __ashiftrt_r4_27
                0x06017810                __ashiftrt_r4_6
                0x06017800                __ashiftrt_r4_14
                0x060177f2                __ashiftrt_r4_19
                0x0601780a                __ashiftrt_r4_9
                0x0601781e                __ashiftrt_r4_0
                0x060177d0                __ashiftrt_r4_31
                0x060177de                __ashiftrt_r4_26
                0x060177ec                __ashiftrt_r4_22
                0x060177f8                __ashiftrt_r4_16
                0x06017804                __ashiftrt_r4_12
                0x060177d8                __ashiftrt_r4_29
                0x060177f6                __ashiftrt_r4_17
                0x060177d6                __ashiftrt_r4_30
                0x06017812                __ashiftrt_r4_5
                0x0601780c                __ashiftrt_r4_8
                0x060177d0                __ashiftrt_r4_32
                0x060177e0                __ashiftrt_r4_25
                0x06017818                __ashiftrt_r4_2
                0x060177e2                __ashiftrt_r4_24
                0x060177fe                __ashiftrt_r4_15
                0x06017808                __ashiftrt_r4_10
                0x0601781a                __ashiftrt_r4_1
                0x060177da                __ashiftrt_r4_28
                0x060177f0                __ashiftrt_r4_20
                0x0601780e                __ashiftrt_r4_7
                0x06017802                __ashiftrt_r4_13
                0x06017806                __ashiftrt_r4_11
                0x06017814                __ashiftrt_r4_4
                0x060177ea                __ashiftrt_r4_23
                0x060177f4                __ashiftrt_r4_18
                0x060177ee                __ashiftrt_r4_21
                0x06017816                __ashiftrt_r4_3
 .text          0x06017830       0xb0 C:/Saturn~1/SH_COFF/sh-coff/bin/../lib/gcc/sh-coff/3.4-GNUSH_v0501\libgcc.a(_movstr.o)
                0x06017870                __movstrSI16
                0x06017844                __movstrSI60
                0x06017850                __movstrSI48
                0x0601784c                __movstrSI52
                0x06017840                __movstrSI64
                0x06017854                __movstrSI44
                0x06017858                __movstrSI40
                0x0601785c                __movstrSI36
                0x06017890                __movstr
                0x06017848                __movstrSI56
                0x06017864                __movstrSI28
                0x06017860                __movstrSI32
                0x06017874                __movstrSI12
                0x06017878                __movstrSI8
                0x06017880                __movstrSI0
                0x06017868                __movstrSI24
                0x0601786c                __movstrSI20
                0x0601787c                __movstrSI4
 .text          0x060178e0      0x150 C:/Saturn~1/SH_COFF/sh-coff/bin/../lib/gcc/sh-coff/3.4-GNUSH_v0501\libgcc.a(_pack_sf.o)
                0x060178e0                __pack_f
 .text          0x06017a30       0xb0 C:/Saturn~1/SH_COFF/sh-coff/bin/../lib/gcc/sh-coff/3.4-GNUSH_v0501\libgcc.a(_unpack_sf.o)
                0x06017a30                __unpack_f
 .text          0x06017ae0       0x10 C:/Saturn~1/SH_COFF/sh-coff/bin/../lib/gcc/sh-coff/3.4-GNUSH_v0501\libgcc.a(_thenan_sf.o)
                0x06017ae0                __thenan_sf
 .text          0x06017af0       0x70 C:/Saturn~1/SH_COFF/sh-coff/bin/../lib/gcc/sh-coff/3.4-GNUSH_v0501\libgcc.a(_ge_sf.o)
                0x06017af0                __gesf2
 .text          0x06017b60      0x220 C:/Saturn~1/SH_COFF/sh-coff/bin/../lib/gcc/sh-coff/3.4-GNUSH_v0501\libgcc.a(_pack_df.o)
                0x06017b70                __pack_d
 .text          0x06017d80      0x120 C:/Saturn~1/SH_COFF/sh-coff/bin/../lib/gcc/sh-coff/3.4-GNUSH_v0501\libgcc.a(_unpack_df.o)
                0x06017d90                __unpack_d
 .text          0x06017ea0       0x20 C:/Saturn~1/SH_COFF/sh-coff/bin/../lib/gcc/sh-coff/3.4-GNUSH_v0501\libgcc.a(_thenan_df.o)
                0x06017ea0                __thenan_df
 .text          0x06017ec0       0x30 C:/Saturn~1/SH_COFF/sh-coff/bin/../lib/gcc/sh-coff/3.4-GNUSH_v0501\libgcc.a(_make_sf.o)
                0x06017ec0                __make_fp
 .text          0x06017ef0       0x90 C:/Saturn~1/SH_COFF/sh-coff/bin/../lib/gcc/sh-coff/3.4-GNUSH_v0501\libgcc.a(_lshiftrt.o)
                0x06017ef0                __lshrsi3
 .text          0x06017f80       0xd0 C:/Saturn~1/SH_COFF/sh-coff/bin/../lib/gcc/sh-coff/3.4-GNUSH_v0501\libgcc.a(_muldi3.o)
                0x06017f80                __muldi3
 .text          0x06018050       0x80 C:/Saturn~1/SH_COFF/sh-coff/bin/../lib/gcc/sh-coff/3.4-GNUSH_v0501\libgcc.a(_lshrdi3.o)
                0x06018050                __lshrdi3
 .text          0x060180d0       0xd0 C:/Saturn~1/SH_COFF/sh-coff/bin/../lib/gcc/sh-coff/3.4-GNUSH_v0501\libgcc.a(_fpcmp_parts_sf.o)
                0x060180d0                __fpcmp_parts_f
 .text          0x060181a0       0x80 C:/Saturn~1/SH_COFF/sh-coff/bin/../lib/gcc/sh-coff/3.4-GNUSH_v0501\libgcc.a(_ashldi3.o)
                0x060181a0                __ashldi3
 .text          0x06018220       0x30 C:/Saturn~1/SH_COFF/sh-coff/bin/../lib/gcc/sh-coff/3.4-GNUSH_v0501\libgcc.a(_mulsi3.o)
                0x06018220                __mulsi3
 .text          0x06018250       0xa0 C:/Saturn~1/SH_COFF/sh-coff/bin/../lib/gcc/sh-coff/3.4-GNUSH_v0501/../../../../sh-coff/lib\libc.a(memcpy.o)
                0x06018250                memcpy
 .text          0x060182f0       0xa0 C:/Saturn~1/SH_COFF/sh-coff/bin/../lib/gcc/sh-coff/3.4-GNUSH_v0501/../../../../sh-coff/lib\libc.a(vsprintf.o)
                0x060182f0                vsprintf
                0x06018340                _vsprintf_r
 .text          0x06018390       0x60 C:/Saturn~1/SH_COFF/sh-coff/bin/../lib/gcc/sh-coff/3.4-GNUSH_v0501/../../../../sh-coff/lib\libc.a(memcmp.o)
                0x06018390                memcmp
 .text          0x060183f0       0xb0 C:/Saturn~1/SH_COFF/sh-coff/bin/../lib/gcc/sh-coff/3.4-GNUSH_v0501/../../../../sh-coff/lib\libc.a(strncmp.o)
                0x060183f0                strncmp
 .text          0x060184a0       0x40 C:/Saturn~1/SH_COFF/sh-coff/bin/../lib/gcc/sh-coff/3.4-GNUSH_v0501/../../../../sh-coff/lib\libc.a(memset.o)
                0x060184a0                memset
 .text          0x060184e0       0xa0 C:/Saturn~1/SH_COFF/sh-coff/bin/../lib/gcc/sh-coff/3.4-GNUSH_v0501/../../../../sh-coff/lib\libc.a(strncpy.o)
                0x060184e0                strncpy
 .text          0x06018580       0x90 C:/Saturn~1/SH_COFF/sh-coff/bin/../lib/gcc/sh-coff/3.4-GNUSH_v0501/../../../../sh-coff/lib\libc.a(atexit.o)
                0x06018580                atexit
 .text          0x06018610     0x1a80 C:/Saturn~1/SH_COFF/sh-coff/bin/../lib/gcc/sh-coff/3.4-GNUSH_v0501/../../../../sh-coff/lib\libc.a(vfprintf.o)
                0x060186d0                _vfprintf_r
                0x0601a06c                vfprintf
 .text          0x0601a090       0x10 C:/Saturn~1/SH_COFF/sh-coff/bin/../lib/gcc/sh-coff/3.4-GNUSH_v0501/../../../../sh-coff/lib\libc.a(impure.o)
                0x0601a090                _global_impure_ptr
 .text          0x0601a0a0       0x40 C:/Saturn~1/SH_COFF/sh-coff/bin/../lib/gcc/sh-coff/3.4-GNUSH_v0501/../../../../sh-coff/lib\libc.a(malloc.o)
                0x0601a0bc                free
                0x0601a0a0                malloc
 .text          0x0601a0e0      0x2e0 C:/Saturn~1/SH_COFF/sh-coff/bin/../lib/gcc/sh-coff/3.4-GNUSH_v0501/../../../../sh-coff/lib\libc.a(fvwrite.o)
                0x0601a0e0                __sfvwrite
 .text          0x0601a3c0      0x100 C:/Saturn~1/SH_COFF/sh-coff/bin/../lib/gcc/sh-coff/3.4-GNUSH_v0501/../../../../sh-coff/lib\libc.a(locale.o)
                0x0601a488                setlocale
                0x0601a408                _setlocale_r
                0x0601a464                __locale_charset
                0x0601a4a8                localeconv
                0x0601a478                _localeconv_r
 .text          0x0601a4c0      0x100 C:/Saturn~1/SH_COFF/sh-coff/bin/../lib/gcc/sh-coff/3.4-GNUSH_v0501/../../../../sh-coff/lib\libc.a(wsetup.o)
                0x0601a4c0                __swsetup
 .text          0x0601a5c0       0xd0 C:/Saturn~1/SH_COFF/sh-coff/bin/../lib/gcc/sh-coff/3.4-GNUSH_v0501/../../../../sh-coff/lib\libc.a(fflush.o)
                0x0601a5c0                fflush
 .text          0x0601a690      0x250 C:/Saturn~1/SH_COFF/sh-coff/bin/../lib/gcc/sh-coff/3.4-GNUSH_v0501/../../../../sh-coff/lib\libc.a(findfp.o)
                0x0601a7a4                __sfp
                0x0601a72c                __sfp_lock_acquire
                0x0601a8c0                __fp_unlock_all
                0x0601a798                __sfp_lock_release
                0x0601a738                __sinit
                0x0601a870                _cleanup
                0x0601a8a0                __fp_lock_all
                0x0601a858                _cleanup_r
                0x0601a6d4                __sfmoreglue
 .text          0x0601a8e0       0x20 C:/Saturn~1/SH_COFF/sh-coff/bin/../lib/gcc/sh-coff/3.4-GNUSH_v0501/../../../../sh-coff/lib\libc.a(strlen.o)
                0x0601a8e0                strlen
 .text          0x0601a900      0x340 C:/Saturn~1/SH_COFF/sh-coff/bin/../lib/gcc/sh-coff/3.4-GNUSH_v0501/../../../../sh-coff/lib\libc.a(freer.o)
                0x0601a900                _malloc_trim_r
                0x0601a9f4                _free_r
 .text          0x0601ac40       0x80 C:/Saturn~1/SH_COFF/sh-coff/bin/../lib/gcc/sh-coff/3.4-GNUSH_v0501/../../../../sh-coff/lib\libc.a(wcrtomb.o)
                0x0601ac40                _wcrtomb_r
                0x0601ac98                wcrtomb
 .text          0x0601acc0      0x5b0 C:/Saturn~1/SH_COFF/sh-coff/bin/../lib/gcc/sh-coff/3.4-GNUSH_v0501/../../../../sh-coff/lib\libc.a(mallocr.o)
                0x0601acc0                _malloc_r
 .text          0x0601b270      0x130 C:/Saturn~1/SH_COFF/sh-coff/bin/../lib/gcc/sh-coff/3.4-GNUSH_v0501/../../../../sh-coff/lib\libc.a(wcsrtombs.o)
                0x0601b270                _wcsrtombs_r
                0x0601b364                wcsrtombs
 .text          0x0601b3a0       0x40 C:/Saturn~1/SH_COFF/sh-coff/bin/../lib/gcc/sh-coff/3.4-GNUSH_v0501/../../../../sh-coff/lib\libc.a(s_isinf.o)
                0x0601b3a0                isinf
 .text          0x0601b3e0       0x40 C:/Saturn~1/SH_COFF/sh-coff/bin/../lib/gcc/sh-coff/3.4-GNUSH_v0501/../../../../sh-coff/lib\libc.a(s_isnan.o)
                0x0601b3e0                isnan
 .text          0x0601b420     0x12b0 C:/Saturn~1/SH_COFF/sh-coff/bin/../lib/gcc/sh-coff/3.4-GNUSH_v0501/../../../../sh-coff/lib\libc.a(dtoa.o)
                0x0601b5d8                _dtoa_r
 .text          0x0601c6d0       0xb0 C:/Saturn~1/SH_COFF/sh-coff/bin/../lib/gcc/sh-coff/3.4-GNUSH_v0501/../../../../sh-coff/lib\libc.a(memchr.o)
                0x0601c6d0                memchr
 .text          0x0601c780       0xa0 C:/Saturn~1/SH_COFF/sh-coff/bin/../lib/gcc/sh-coff/3.4-GNUSH_v0501/../../../../sh-coff/lib\libc.a(memmove.o)
                0x0601c780                memmove
 .text          0x0601c820      0x3e0 C:/Saturn~1/SH_COFF/sh-coff/bin/../lib/gcc/sh-coff/3.4-GNUSH_v0501/../../../../sh-coff/lib\libc.a(reallocr.o)
                0x0601c820                _realloc_r
 .text          0x0601cc00       0x30 C:/Saturn~1/SH_COFF/sh-coff/bin/../lib/gcc/sh-coff/3.4-GNUSH_v0501/../../../../sh-coff/lib\libc.a(strcmp.o)
                0x0601cc00                strcmp
 .text          0x0601cc30      0x130 C:/Saturn~1/SH_COFF/sh-coff/bin/../lib/gcc/sh-coff/3.4-GNUSH_v0501/../../../../sh-coff/lib\libc.a(makebuf.o)
                0x0601cc30                __smakebuf
 .text          0x0601cd60      0x190 C:/Saturn~1/SH_COFF/sh-coff/bin/../lib/gcc/sh-coff/3.4-GNUSH_v0501/../../../../sh-coff/lib\libc.a(fwalk.o)
                0x0601ce94                _fwalk_reent
                0x0601ce38                _fwalk
 .text          0x0601cef0      0x170 C:/Saturn~1/SH_COFF/sh-coff/bin/../lib/gcc/sh-coff/3.4-GNUSH_v0501/../../../../sh-coff/lib\libc.a(stdio.o)
                0x0601cf48                __swrite
                0x0601d034                __sclose
                0x0601cef0                __sread
                0x0601cfd4                __sseek
 .text          0x0601d060      0x130 C:/Saturn~1/SH_COFF/sh-coff/bin/../lib/gcc/sh-coff/3.4-GNUSH_v0501/../../../../sh-coff/lib\libc.a(fclose.o)
                0x0601d060                _fclose_r
                0x0601d174                fclose
 .text          0x0601d190       0x20 C:/Saturn~1/SH_COFF/sh-coff/bin/../lib/gcc/sh-coff/3.4-GNUSH_v0501/../../../../sh-coff/lib\libc.a(mlock.o)
                0x0601d190                __malloc_lock
                0x0601d19c                __malloc_unlock
 .text          0x0601d1b0       0x50 C:/Saturn~1/SH_COFF/sh-coff/bin/../lib/gcc/sh-coff/3.4-GNUSH_v0501/../../../../sh-coff/lib\libc.a(sbrkr.o)
                0x0601d1b0                _sbrk_r
 .text          0x0601d200      0x2a0 C:/Saturn~1/SH_COFF/sh-coff/bin/../lib/gcc/sh-coff/3.4-GNUSH_v0501/../../../../sh-coff/lib\libc.a(wctomb_r.o)
                0x0601d220                _wctomb_r
 .text          0x0601d4a0      0xd10 C:/Saturn~1/SH_COFF/sh-coff/bin/../lib/gcc/sh-coff/3.4-GNUSH_v0501/../../../../sh-coff/lib\libc.a(mprec.o)
                0x0601dc60                __mcmp
                0x0601e0a8                _ratio
                0x0601d8e0                _i2b
                0x0601de44                _b2d
                0x0601d73c                _s2b
                0x0601d7f4                _hi0bits
                0x0601da94                _pow5mult
                0x0601dca4                __mdiff
                0x0601db70                _lshift
                0x0601d904                _multiply
                0x0601df6c                _d2b
                0x0601d5b8                _Balloc
                0x0601d4a0                __mprec_tinytens
                0x0601e13c                _mprec_log10
                0x0601d4c8                __mprec_bigtens
                0x0601ddbc                _ulp
                0x0601d650                _Bfree
                0x0601d4f0                __mprec_tens
                0x0601d854                _lo0bits
                0x0601d670                _multadd
 .text          0x0601e1b0       0x50 C:/Saturn~1/SH_COFF/sh-coff/bin/../lib/gcc/sh-coff/3.4-GNUSH_v0501/../../../../sh-coff/lib\libc.a(fstatr.o)
                0x0601e1b0                _fstat_r
 .text          0x0601e200      0x380 C:/Saturn~1/SH_COFF/sh-coff/bin/../lib/gcc/sh-coff/3.4-GNUSH_v0501/../../../../sh-coff/lib\libc.a(syscalls.o)
                0x0601e36c                _exit
                0x0601e3a0                _getpid
                0x0601e408                _utime
                0x0601e238                _write
                0x0601e200                _read
                0x0601e354                _unlink
                0x0601e31c                _open
                0x0601e3b8                _stat
                0x0601e360                isatty
                0x0601e438                _wait
                0x0601e384                _kill
                0x0601e3d4                _chmod
                0x0601e468                _execv
                0x0601e44c                _execve
                0x0601e544                __setup_argv_and_call_main
                0x0601e4a0                _gettimeofday
                0x0601e26c                _link
                0x0601e3ac                _raise
                0x0601e338                _creat
                0x0601e480                _pipe
                0x0601e3ec                _chown
                0x0601e21c                _lseek
                0x0601e254                _close
                0x0601e494                _times
                0x0601e308                _fstat
                0x0601e424                _fork
                0x0601e294                _sbrk
 .text          0x0601e580       0x50 C:/Saturn~1/SH_COFF/sh-coff/bin/../lib/gcc/sh-coff/3.4-GNUSH_v0501/../../../../sh-coff/lib\libc.a(readr.o)
                0x0601e580                _read_r
 .text          0x0601e5d0       0x50 C:/Saturn~1/SH_COFF/sh-coff/bin/../lib/gcc/sh-coff/3.4-GNUSH_v0501/../../../../sh-coff/lib\libc.a(writer.o)
                0x0601e5d0                _write_r
 .text          0x0601e620       0x50 C:/Saturn~1/SH_COFF/sh-coff/bin/../lib/gcc/sh-coff/3.4-GNUSH_v0501/../../../../sh-coff/lib\libc.a(lseekr.o)
                0x0601e620                _lseek_r
 .text          0x0601e670       0x50 C:/Saturn~1/SH_COFF/sh-coff/bin/../lib/gcc/sh-coff/3.4-GNUSH_v0501/../../../../sh-coff/lib\libc.a(closer.o)
                0x0601e670                _close_r
 .text          0x0601e6c0       0x90 C:/Saturn~1/SH_COFF/sh-coff/bin/../lib/gcc/sh-coff/3.4-GNUSH_v0501/../../../../sh-coff/lib\libc.a(callocr.o)
                0x0601e6c0                _calloc_r
 .text          0x0601e750       0x20 C:/Saturn~1/SH_COFF/sh-coff/bin/../lib/gcc/sh-coff/3.4-GNUSH_v0501/../../../../sh-coff/lib\libc.a(trap.o)
                0x0601e750                __trap34
 .text          0x0601e770       0x20 C:/Saturn~1/SH_COFF/sh-coff/bin/../lib/gcc/sh-coff/3.4-GNUSH_v0501/../../../../sh-coff/lib\libc.a(abort.o)
                0x0601e770                abort
 .text          0x0601e790      0x270 C:/Saturn~1/SH_COFF/sh-coff/bin/../lib/gcc/sh-coff/3.4-GNUSH_v0501/../../../../sh-coff/lib\libc.a(signal.o)
                0x0601e850                _raise_r
                0x0601e9d8                __sigtramp
                0x0601e984                raise
                0x0601e9c0                _init_signal
                0x0601e910                __sigtramp_r
                0x0601e9a0                signal
                0x0601e7dc                _signal_r
                0x0601e790                _init_signal_r
 .text          0x0601ea00       0x60 C:/Saturn~1/SH_COFF/sh-coff/bin/../lib/gcc/sh-coff/3.4-GNUSH_v0501/../../../../sh-coff/lib\libc.a(signalr.o)
                0x0601ea48                _getpid_r
                0x0601ea00                _kill_r
 .text          0x0601ea60       0x70 C:/Saturn~1/SH_COFF/sh-coff/bin/../lib/gcc/sh-coff/3.4-GNUSH_v0501\libgcc.a(_lt_df.o)
                0x0601ea60                __ltdf2
 .text          0x0601ead0       0x70 C:/Saturn~1/SH_COFF/sh-coff/bin/../lib/gcc/sh-coff/3.4-GNUSH_v0501\libgcc.a(_eq_df.o)
                0x0601ead0                __eqdf2
 .text          0x0601eb40       0x70 C:/Saturn~1/SH_COFF/sh-coff/bin/../lib/gcc/sh-coff/3.4-GNUSH_v0501\libgcc.a(_ne_df.o)
                0x0601eb40                __nedf2
 .text          0x0601ebb0      0x540 C:/Saturn~1/SH_COFF/sh-coff/bin/../lib/gcc/sh-coff/3.4-GNUSH_v0501\libgcc.a(_udivdi3.o)
                0x0601ebb0                __udivdi3
 .text          0x0601f0f0      0x570 C:/Saturn~1/SH_COFF/sh-coff/bin/../lib/gcc/sh-coff/3.4-GNUSH_v0501\libgcc.a(_umoddi3.o)
                0x0601f0f0                __umoddi3
 .text          0x0601f660      0x2f0 C:/Saturn~1/SH_COFF/sh-coff/bin/../lib/gcc/sh-coff/3.4-GNUSH_v0501\libgcc.a(_addsub_df.o)
                0x0601f8e8                __subdf3
                0x0601f888                __adddf3
 .text          0x0601f950       0x70 C:/Saturn~1/SH_COFF/sh-coff/bin/../lib/gcc/sh-coff/3.4-GNUSH_v0501\libgcc.a(_gt_df.o)
                0x0601f950                __gtdf2
 .text          0x0601f9c0       0x70 C:/Saturn~1/SH_COFF/sh-coff/bin/../lib/gcc/sh-coff/3.4-GNUSH_v0501\libgcc.a(_ge_df.o)
                0x0601f9c0                __gedf2
 .text          0x0601fa30       0x90 C:/Saturn~1/SH_COFF/sh-coff/bin/../lib/gcc/sh-coff/3.4-GNUSH_v0501\libgcc.a(_ashiftrt_n.o)
                0x0601fa30                __ashrsi3
 .text          0x0601fac0       0xf0 C:/Saturn~1/SH_COFF/sh-coff/bin/../lib/gcc/sh-coff/3.4-GNUSH_v0501\libgcc.a(_fpcmp_parts_df.o)
                0x0601fac0                __fpcmp_parts_d
 .text          0x0601fbb0      0x100 C:/Saturn~1/SH_COFF/sh-coff/bin/../lib/gcc/sh-coff/3.4-GNUSH_v0501\libgcc.a(_clz.o)
                0x0601fbb0                __clz_tab
 *(.strings)

.rodata
 *(.rodata)

.tors           0x0601fcb0        0x0
                0x0601fcb0                ___ctors = .
 *(.ctors)
                0x0601fcb0                ___ctors_end = .
                0x0601fcb0                ___dtors = .
 *(.dtors)
                0x0601fcb0                ___dtors_end = .

.data           0x0601fcb0     0x1700
                0x0601fcb0                STARTOF_R = .
 *(.data)
 .data          0x0601fcb0      0x400 C:/SaturnOrbit/SBL_601/segasmp/per/smpclib/per_x1.o
 .data          0x060200b0      0x150 main.o
                0x060200b0                CycleTb
 .data          0x06020200      0x400 C:/SaturnOrbit/SBL_601/segalib/lib_coff/sega_int.a(int.o)
 .data          0x06020600       0x20 C:/SaturnOrbit/SBL_601/segalib/lib_coff/sega_spr.a(spr_1c.o)
 .data          0x06020620       0x10 C:/SaturnOrbit/SBL_601/segalib/lib_coff/sega_scl.a(scl_vblv.o)
                0x06020620                VBInterval
                0x06020624                SpFrameEraseMode
 .data          0x06020630       0x30 C:/SaturnOrbit/SBL_601/segalib/lib_coff/sega_scl.a(scl_func.o)
                0x06020634                SclRotregBuff
                0x06020638                SclDisplayY
                0x06020630                SclRotateTableMode
                0x0602063a                SclDisplayX
 .data          0x06020660       0x20 C:/SaturnOrbit/SBL_601/segalib/lib_coff/sega_scl.a(scl_pri.o)
                0x06020670                SclRealSpPriNum
                0x06020660                SclRealColOffset
                0x06020664                SclRealBgColMix
                0x06020668                SclRealSpColMix
                0x0602066c                SclRealBgPriNum
                0x06020674                SclRealOtherPri
 .data          0x06020680      0x3c0 C:/SaturnOrbit/SBL_601/segalib/lib_coff/sega_sat.a(dbg_disp.o)
 .data          0x06020a40      0x1c0 C:/SaturnOrbit/SBL_601/segalib/lib_coff/sega_sat.a(dbg_moni.o)
 .data          0x06020c00      0x380 C:/Saturn~1/SH_COFF/sh-coff/bin/../lib/gcc/sh-coff/3.4-GNUSH_v0501/../../../../sh-coff/lib\libc.a(impure.o)
                0x06020f7c                _impure_ptr
 .data          0x06020f80       0x20 C:/Saturn~1/SH_COFF/sh-coff/bin/../lib/gcc/sh-coff/3.4-GNUSH_v0501/../../../../sh-coff/lib\libc.a(locale.o)
                0x06020f8c                __mb_cur_max
                0x06020f80                __lc_ctype
 .data          0x06020fa0      0x410 C:/Saturn~1/SH_COFF/sh-coff/bin/../lib/gcc/sh-coff/3.4-GNUSH_v0501/../../../../sh-coff/lib\libc.a(mallocr.o)
                0x06020fa8                __malloc_av_
                0x06020fa4                __malloc_trim_threshold
                0x06020fa0                __malloc_sbrk_base
                0x060213b0                SIZEOF_R = (. - STARTOF_R)
                0x060213b0                ENDOF_R = .

.bss            0x060213b0     0x6404
                0x060213b0                STARTOF_B = .
 *(.bss)
 .bss           0x060213b0       0x10 C:/SaturnOrbit/SBL_601/segasmp/v_blank/v_blank.o
                0x060213b6                PadData2E
                0x060213b0                PadData1
                0x060213b4                PadData2
                0x060213b8                VBLANK_CNT
                0x060213b2                PadData1E
                0x060213bc                __port
 .bss           0x060213c0       0xd0 C:/SaturnOrbit/SBL_601/segasmp/per/smpclib/per_x2.o
 .bss           0x06021490       0x10 main.o
                0x06021490                dbg_on
 .bss           0x060214a0       0x20 C:/SaturnOrbit/SBL_601/segalib/lib_coff/sega_spr.a(spr_1c.o)
                0x060214a0                SpInitialFlag
 .bss           0x060214c0       0x20 C:/SaturnOrbit/SBL_601/segalib/lib_coff/sega_scl.a(scl_vblv.o)
                0x060214c0                ReqDisplayFlag
                0x060214c8                SpFrameChgMode
                0x060214c4                VBIntervalCounter
 .bss           0x060214e0       0x20 C:/SaturnOrbit/SBL_601/segalib/lib_coff/sega_scl.a(scl_func.o)
                0x060214e0                SclProcess
                0x060214e4                SclCurSclNum
                0x060214ea                SclLengthLsTbl
                0x060214e8                SclLengthCsTbl
 .bss           0x06021500       0x50 C:/SaturnOrbit/SBL_601/segalib/lib_coff/sega_scl.a(scl_ro00.o)
 .bss           0x06021550       0x9c C:/SaturnOrbit/SBL_601/segalib/lib_coff/sega_per.a(per_prt.o)
 *fill*         0x060215ec        0x4 00
 .bss           0x060215f0     0x27f0 C:/SaturnOrbit/SBL_601/segalib/lib_coff/sega_sat.a(dbg_disp.o)
 .bss           0x06023de0       0x10 C:/SaturnOrbit/SBL_601/segalib/lib_coff/sega_sat.a(gfs_trn.o)
 .bss           0x06023df0        0x2 C:/SaturnOrbit/SBL_601/segalib/lib_coff/sega_sat.a(cdc_reg.o)
 *fill*         0x06023df2        0xe 00
 .bss           0x06023e00       0x20 C:/SaturnOrbit/SBL_601/segalib/lib_coff/sega_sat.a(dma_scu0.o)
 .bss           0x06023e20       0x10 C:/SaturnOrbit/SBL_601/segalib/lib_coff/sega_sat.a(dbg_moni.o)
                0x06023e24                DbgRegAreaP
                0x06023e20                DbgIntrKind
 .bss           0x06023e30        0xc C:/SaturnOrbit/SBL_601/segalib/lib_coff/sega_sat.a(cdc_sub.o)
 *fill*         0x06023e3c        0x4 00
 .bss           0x06023e40       0x10 C:/Saturn~1/SH_COFF/sh-coff/bin/../lib/gcc/sh-coff/3.4-GNUSH_v0501\libgcc.a(__main.o)
 .bss           0x06023e50       0x10 C:/Saturn~1/SH_COFF/sh-coff/bin/../lib/gcc/sh-coff/3.4-GNUSH_v0501/../../../../sh-coff/lib\libc.a(atexit.o)
 .bss           0x06023e60       0x10 C:/Saturn~1/SH_COFF/sh-coff/bin/../lib/gcc/sh-coff/3.4-GNUSH_v0501/../../../../sh-coff/lib\libc.a(locale.o)
                0x06023e64                __mlocale_changed
                0x06023e60                _PathLocale
                0x06023e68                __nlocale_changed
 .bss           0x06023e70       0x40 C:/Saturn~1/SH_COFF/sh-coff/bin/../lib/gcc/sh-coff/3.4-GNUSH_v0501/../../../../sh-coff/lib\libc.a(mallocr.o)
                0x06023ea0                __malloc_top_pad
                0x06023e70                __malloc_current_mallinfo
                0x06023e9c                __malloc_max_sbrked_mem
                0x06023e98                __malloc_max_total_mem
 .bss           0x06023eb0       0x10 C:/Saturn~1/SH_COFF/sh-coff/bin/../lib/gcc/sh-coff/3.4-GNUSH_v0501/../../../../sh-coff/lib\libc.a(syscalls.o)
 *(COMMON)
 COMMON         0x06023ec0     0x1eb4 main.o
                                  0x0 (size before relaxing)
                0x06023ec0                spritedex
                0x06023ec4                elapsedticks
                0x06023ed0                dirname
                0x06024830                lasttick
                0x06024832                currenttick
                0x06024840                buff
                0x06025040                dirtbl
                0x0602504c                start
                0x06025054                VRAM
                0x06025060                lib_work
                0x06025d70                spr_cmds
 *fill*         0x06025d74        0xc 00
 COMMON         0x06025d80      0x400 C:/SaturnOrbit/SBL_601/segalib/lib_coff/sega_int.a(int.o)
                                  0x0 (size before relaxing)
                0x06025d80                __interrupt_vector
 COMMON         0x06026180       0x10 C:/SaturnOrbit/SBL_601/segalib/lib_coff/sega_spr.a(spr_1c.o)
                                  0x0 (size before relaxing)
                0x06026180                SpScreenY
                0x06026184                SpFbcrMode
                0x06026186                SpDil
                0x06026188                SpDie
                0x0602618a                SpTvMode
                0x0602618c                SpScreenX
 COMMON         0x06026190      0xf00 C:/SaturnOrbit/SBL_601/segalib/lib_coff/sega_scl.a(scl_func.o)
                                  0x0 (size before relaxing)
                0x06026190                SclRbgKtbAddr
                0x06026198                SclRb
                0x0602619a                Scl_flag
                0x060261a0                SclK_TableBuff
                0x06026e70                SclAddrCsTbl
                0x06026e80                Scl_s_reg
                0x06026ea8                SclRotateXy
                0x06026eb0                Scl_d_reg
                0x06026ef8                SclRotateDisp
                0x06026f00                SclRotateMoveZ
                0x06026f08                SclRotXySw
                0x06026f10                Scl_r_reg
                0x06026f20                SclRPMD
                0x06026f28                SclRbgKtbOffset
                0x06026f30                _SclRotregBuff
                0x06027000                SclRa
                0x06027008                SclRotateZ
                0x06027010                SclAddrLsTbl
                0x06027018                SclK_TableNum
                0x06027020                SclRotateTableAddress
                0x06027024                SclK_TableFlag
                0x06027030                Scl_w_reg
                0x06027050                Scl_n_reg
 COMMON         0x06027090      0x6b0 C:/SaturnOrbit/SBL_601/segalib/lib_coff/sega_scl.a(scl_pri.o)
                                  0x0 (size before relaxing)
                0x06027090                SclAutoEndBlue2
                0x060270a0                SclColOffset
                0x060270b0                SclPriBuffDirty
                0x060270b2                SclAutoEndRed
                0x060270b4                SclAutoSurface
                0x060270b8                SclAutoGreen
                0x060270ba                SclAutoEndGreen
                0x060270bc                SclAutoCount
                0x060270c0                SclColRamAlloc256
                0x060270e0                SclAutoCurRate
                0x060270e1                SclAutoPlusFlag
                0x060270e8                SclSpColMix
                0x060270f0                SclAutoMax
                0x060270f4                SclLineColRamOffset
                0x060270f8                SclColRamAlloc2048
                0x060270fc                SclBgPriNum
                0x06027102                SclAutoEndBlue
                0x06027104                SclAutoEndGreen2
                0x06027106                SclAutoVeFlag
                0x06027108                SclBgColMix
                0x06027110                SclAutoIndex
                0x06027114                SclAutoEndRate
                0x06027116                SclAutoBlue
                0x06027118                SclAutoRed
                0x0602711c                SclAutoInterval
                0x06027120                SclOtherPri
                0x06027130                SclAutoRGB
                0x06027730                SclAutoEndRed2
                0x06027738                SclSpPriNum
 COMMON         0x06027740       0x10 C:/SaturnOrbit/SBL_601/segalib/lib_coff/sega_scl.a(scl_ro00.o)
                                  0x0 (size before relaxing)
                0x06027740                SclCsx
                0x06027748                SclCsy
 COMMON         0x06027750       0x15 C:/SaturnOrbit/SBL_601/segalib/lib_coff/sega_per.a(per_prt.o)
                                  0x0 (size before relaxing)
                0x06027750                per_get_time_flg
                0x06027751                per_hot_res
                0x06027752                per_set_sys_flg
                0x06027754                per_get_time_adr
                0x06027758                per_get_sys_data
                0x06027764                per_time_out_flg
 *fill*         0x06027765        0xb 00
 COMMON         0x06027770        0xc C:/SaturnOrbit/SBL_601/segalib/lib_coff/sega_sat.a(gfs.o)
                                  0x0 (size before relaxing)
                0x06027770                GFMC_base
                0x06027774                gfs_mng_ptr
                0x06027778                gfs_use_scudma
 *fill*         0x0602777c        0x4 00
 COMMON         0x06027780        0x4 C:/SaturnOrbit/SBL_601/segalib/lib_coff/sega_sat.a(dbg_disp.o)
                                  0x0 (size before relaxing)
                0x06027780                DBG_DelayCount
 *fill*         0x06027784        0xc 00
 COMMON         0x06027790        0xc C:/SaturnOrbit/SBL_601/segalib/lib_coff/sega_sat.a(gfs_cdc.o)
                                  0x0 (size before relaxing)
                0x06027790                gfcd_fatal_err
                0x06027794                gfcd_work
                0x06027798                gfcd_playflag
 *fill*         0x0602779c        0x4 00
 COMMON         0x060277a0        0x8 C:/SaturnOrbit/SBL_601/segalib/lib_coff/sega_sat.a(gfs_cdf.o)
                                  0x0 (size before relaxing)
                0x060277a0                gfcf_fad
                0x060277a4                gfcf_stat
 *fill*         0x060277a8        0x8 00
 COMMON         0x060277b0        0x4 C:/Saturn~1/SH_COFF/sh-coff/bin/../lib/gcc/sh-coff/3.4-GNUSH_v0501/../../../../sh-coff/lib\libc.a(syscalls.o)
                                  0x0 (size before relaxing)
                0x060277b0                errno
                0x060277b4                SIZEOF_B = (. - STARTOF_B)
                0x060277b4                ENDOF_B = .
                0x060277b4                _end = .
OUTPUT(main_coff.cof coff-sh)

.comment        0x060277c0      0xde0
 .comment       0x060277c0       0x20 C:/SaturnOrbit/SBL_601/segasmp/lib/strt2_g.o
 .comment       0x060277e0       0x20 C:/SaturnOrbit/SBL_601/segasmp/v_blank/set_vb.o
 .comment       0x06027800       0x20 C:/SaturnOrbit/SBL_601/segasmp/v_blank/v_blank.o
 .comment       0x06027820       0x20 C:/SaturnOrbit/SBL_601/segasmp/per/smpclib/per_x1.o
 .comment       0x06027840       0x20 C:/SaturnOrbit/SBL_601/segasmp/per/smpclib/per_x2.o
 .comment       0x06027860       0x20 main.o
 .comment       0x06027880       0x20 C:/SaturnOrbit/SBL_601/segalib/lib_coff/sega_int.a(int.o)
 .comment       0x060278a0       0x20 C:/SaturnOrbit/SBL_601/segalib/lib_coff/sega_spr.a(spr_1c.o)
 .comment       0x060278c0       0x20 C:/SaturnOrbit/SBL_601/segalib/lib_coff/sega_scl.a(scl_vblv.o)
 .comment       0x060278e0       0x20 C:/SaturnOrbit/SBL_601/segalib/lib_coff/sega_scl.a(scl_func.o)
 .comment       0x06027900       0x20 C:/SaturnOrbit/SBL_601/segalib/lib_coff/sega_scl.a(scl_back.o)
 .comment       0x06027920       0x20 C:/SaturnOrbit/SBL_601/segalib/lib_coff/sega_scl.a(scl_fu03.o)
 .comment       0x06027940       0x20 C:/SaturnOrbit/SBL_601/segalib/lib_coff/sega_scl.a(scl_fu04.o)
 .comment       0x06027960       0x20 C:/SaturnOrbit/SBL_601/segalib/lib_coff/sega_scl.a(scl_pr07.o)
 .comment       0x06027980       0x20 C:/SaturnOrbit/SBL_601/segalib/lib_coff/sega_scl.a(scl_pr01.o)
 .comment       0x060279a0       0x20 C:/SaturnOrbit/SBL_601/segalib/lib_coff/sega_scl.a(scl_pr12.o)
 .comment       0x060279c0       0x20 C:/SaturnOrbit/SBL_601/segalib/lib_coff/sega_scl.a(scl_pr11.o)
 .comment       0x060279e0       0x20 C:/SaturnOrbit/SBL_601/segalib/lib_coff/sega_scl.a(scl_pr03.o)
 .comment       0x06027a00       0x20 C:/SaturnOrbit/SBL_601/segalib/lib_coff/sega_scl.a(scl_pr02.o)
 .comment       0x06027a20       0x20 C:/SaturnOrbit/SBL_601/segalib/lib_coff/sega_scl.a(scl_pri.o)
 .comment       0x06027a40       0x20 C:/SaturnOrbit/SBL_601/segalib/lib_coff/sega_scl.a(scl_ro00.o)
 .comment       0x06027a60       0x20 C:/SaturnOrbit/SBL_601/segalib/lib_coff/sega_scl.a(scl_pr06.o)
 .comment       0x06027a80       0x20 C:/SaturnOrbit/SBL_601/segalib/lib_coff/sega_scl.a(scl_pr05.o)
 .comment       0x06027aa0       0x20 C:/SaturnOrbit/SBL_601/segalib/lib_coff/sega_sat.a(gfs.o)
 .comment       0x06027ac0       0x20 C:/SaturnOrbit/SBL_601/segalib/lib_coff/sega_sat.a(dbg_disp.o)
 .comment       0x06027ae0       0x20 C:/SaturnOrbit/SBL_601/segalib/lib_coff/sega_sat.a(gfs_cdc.o)
 .comment       0x06027b00       0x20 C:/SaturnOrbit/SBL_601/segalib/lib_coff/sega_sat.a(gfs_dir.o)
 .comment       0x06027b20       0x20 C:/SaturnOrbit/SBL_601/segalib/lib_coff/sega_sat.a(gfs_buf.o)
 .comment       0x06027b40       0x20 C:/SaturnOrbit/SBL_601/segalib/lib_coff/sega_sat.a(gfs_cdf.o)
 .comment       0x06027b60       0x20 C:/SaturnOrbit/SBL_601/segalib/lib_coff/sega_sat.a(gfs_trn.o)
 .comment       0x06027b80       0x20 C:/SaturnOrbit/SBL_601/segalib/lib_coff/sega_sat.a(gfs_cdb.o)
 .comment       0x06027ba0       0x20 C:/SaturnOrbit/SBL_601/segalib/lib_coff/sega_sat.a(scl_pr08.o)
 .comment       0x06027bc0       0x20 C:/SaturnOrbit/SBL_601/segalib/lib_coff/sega_sat.a(dma_scu0.o)
 .comment       0x06027be0       0x20 C:/SaturnOrbit/SBL_601/segalib/lib_coff/sega_sat.a(csh_main.o)
 .comment       0x06027c00       0x20 C:/SaturnOrbit/SBL_601/segalib/lib_coff/sega_sat.a(dma_cpu0.o)
 .comment       0x06027c20       0x20 C:/SaturnOrbit/SBL_601/segalib/lib_coff/sega_sat.a(dbg_moni.o)
 .comment       0x06027c40       0x20 C:/Saturn~1/SH_COFF/sh-coff/bin/../lib/gcc/sh-coff/3.4-GNUSH_v0501\libgcc.a(_si_to_sf.o)
 .comment       0x06027c60       0x20 C:/Saturn~1/SH_COFF/sh-coff/bin/../lib/gcc/sh-coff/3.4-GNUSH_v0501\libgcc.a(_div_sf.o)
 .comment       0x06027c80       0x20 C:/Saturn~1/SH_COFF/sh-coff/bin/../lib/gcc/sh-coff/3.4-GNUSH_v0501\libgcc.a(_fixunssfsi.o)
 .comment       0x06027ca0       0x20 C:/Saturn~1/SH_COFF/sh-coff/bin/../lib/gcc/sh-coff/3.4-GNUSH_v0501\libgcc.a(__main.o)
 .comment       0x06027cc0       0x20 C:/Saturn~1/SH_COFF/sh-coff/bin/../lib/gcc/sh-coff/3.4-GNUSH_v0501\libgcc.a(_si_to_df.o)
 .comment       0x06027ce0       0x20 C:/Saturn~1/SH_COFF/sh-coff/bin/../lib/gcc/sh-coff/3.4-GNUSH_v0501\libgcc.a(_div_df.o)
 .comment       0x06027d00       0x20 C:/Saturn~1/SH_COFF/sh-coff/bin/../lib/gcc/sh-coff/3.4-GNUSH_v0501\libgcc.a(_df_to_sf.o)
 .comment       0x06027d20       0x20 C:/Saturn~1/SH_COFF/sh-coff/bin/../lib/gcc/sh-coff/3.4-GNUSH_v0501\libgcc.a(_addsub_sf.o)
 .comment       0x06027d40       0x20 C:/Saturn~1/SH_COFF/sh-coff/bin/../lib/gcc/sh-coff/3.4-GNUSH_v0501\libgcc.a(_sf_to_si.o)
 .comment       0x06027d60       0x20 C:/Saturn~1/SH_COFF/sh-coff/bin/../lib/gcc/sh-coff/3.4-GNUSH_v0501\libgcc.a(_mul_df.o)
 .comment       0x06027d80       0x20 C:/Saturn~1/SH_COFF/sh-coff/bin/../lib/gcc/sh-coff/3.4-GNUSH_v0501\libgcc.a(_df_to_si.o)
 .comment       0x06027da0       0x20 C:/Saturn~1/SH_COFF/sh-coff/bin/../lib/gcc/sh-coff/3.4-GNUSH_v0501\libgcc.a(_mul_sf.o)
 .comment       0x06027dc0       0x20 C:/Saturn~1/SH_COFF/sh-coff/bin/../lib/gcc/sh-coff/3.4-GNUSH_v0501\libgcc.a(_pack_sf.o)
 .comment       0x06027de0       0x20 C:/Saturn~1/SH_COFF/sh-coff/bin/../lib/gcc/sh-coff/3.4-GNUSH_v0501\libgcc.a(_unpack_sf.o)
 .comment       0x06027e00       0x20 C:/Saturn~1/SH_COFF/sh-coff/bin/../lib/gcc/sh-coff/3.4-GNUSH_v0501\libgcc.a(_thenan_sf.o)
 .comment       0x06027e20       0x20 C:/Saturn~1/SH_COFF/sh-coff/bin/../lib/gcc/sh-coff/3.4-GNUSH_v0501\libgcc.a(_ge_sf.o)
 .comment       0x06027e40       0x20 C:/Saturn~1/SH_COFF/sh-coff/bin/../lib/gcc/sh-coff/3.4-GNUSH_v0501\libgcc.a(_pack_df.o)
 .comment       0x06027e60       0x20 C:/Saturn~1/SH_COFF/sh-coff/bin/../lib/gcc/sh-coff/3.4-GNUSH_v0501\libgcc.a(_unpack_df.o)
 .comment       0x06027e80       0x20 C:/Saturn~1/SH_COFF/sh-coff/bin/../lib/gcc/sh-coff/3.4-GNUSH_v0501\libgcc.a(_thenan_df.o)
 .comment       0x06027ea0       0x20 C:/Saturn~1/SH_COFF/sh-coff/bin/../lib/gcc/sh-coff/3.4-GNUSH_v0501\libgcc.a(_make_sf.o)
 .comment       0x06027ec0       0x20 C:/Saturn~1/SH_COFF/sh-coff/bin/../lib/gcc/sh-coff/3.4-GNUSH_v0501\libgcc.a(_muldi3.o)
 .comment       0x06027ee0       0x20 C:/Saturn~1/SH_COFF/sh-coff/bin/../lib/gcc/sh-coff/3.4-GNUSH_v0501\libgcc.a(_lshrdi3.o)
 .comment       0x06027f00       0x20 C:/Saturn~1/SH_COFF/sh-coff/bin/../lib/gcc/sh-coff/3.4-GNUSH_v0501\libgcc.a(_fpcmp_parts_sf.o)
 .comment       0x06027f20       0x20 C:/Saturn~1/SH_COFF/sh-coff/bin/../lib/gcc/sh-coff/3.4-GNUSH_v0501\libgcc.a(_ashldi3.o)
 .comment       0x06027f40       0x20 C:/Saturn~1/SH_COFF/sh-coff/bin/../lib/gcc/sh-coff/3.4-GNUSH_v0501/../../../../sh-coff/lib\libc.a(vsprintf.o)
 .comment       0x06027f60       0x20 C:/Saturn~1/SH_COFF/sh-coff/bin/../lib/gcc/sh-coff/3.4-GNUSH_v0501/../../../../sh-coff/lib\libc.a(memcmp.o)
 .comment       0x06027f80       0x20 C:/Saturn~1/SH_COFF/sh-coff/bin/../lib/gcc/sh-coff/3.4-GNUSH_v0501/../../../../sh-coff/lib\libc.a(strncmp.o)
 .comment       0x06027fa0       0x20 C:/Saturn~1/SH_COFF/sh-coff/bin/../lib/gcc/sh-coff/3.4-GNUSH_v0501/../../../../sh-coff/lib\libc.a(strncpy.o)
 .comment       0x06027fc0       0x20 C:/Saturn~1/SH_COFF/sh-coff/bin/../lib/gcc/sh-coff/3.4-GNUSH_v0501/../../../../sh-coff/lib\libc.a(atexit.o)
 .comment       0x06027fe0       0x20 C:/Saturn~1/SH_COFF/sh-coff/bin/../lib/gcc/sh-coff/3.4-GNUSH_v0501/../../../../sh-coff/lib\libc.a(vfprintf.o)
 .comment       0x06028000       0x20 C:/Saturn~1/SH_COFF/sh-coff/bin/../lib/gcc/sh-coff/3.4-GNUSH_v0501/../../../../sh-coff/lib\libc.a(impure.o)
 .comment       0x06028020       0x20 C:/Saturn~1/SH_COFF/sh-coff/bin/../lib/gcc/sh-coff/3.4-GNUSH_v0501/../../../../sh-coff/lib\libc.a(malloc.o)
 .comment       0x06028040       0x20 C:/Saturn~1/SH_COFF/sh-coff/bin/../lib/gcc/sh-coff/3.4-GNUSH_v0501/../../../../sh-coff/lib\libc.a(fvwrite.o)
 .comment       0x06028060       0x20 C:/Saturn~1/SH_COFF/sh-coff/bin/../lib/gcc/sh-coff/3.4-GNUSH_v0501/../../../../sh-coff/lib\libc.a(locale.o)
 .comment       0x06028080       0x20 C:/Saturn~1/SH_COFF/sh-coff/bin/../lib/gcc/sh-coff/3.4-GNUSH_v0501/../../../../sh-coff/lib\libc.a(wsetup.o)
 .comment       0x060280a0       0x20 C:/Saturn~1/SH_COFF/sh-coff/bin/../lib/gcc/sh-coff/3.4-GNUSH_v0501/../../../../sh-coff/lib\libc.a(fflush.o)
 .comment       0x060280c0       0x20 C:/Saturn~1/SH_COFF/sh-coff/bin/../lib/gcc/sh-coff/3.4-GNUSH_v0501/../../../../sh-coff/lib\libc.a(findfp.o)
 .comment       0x060280e0       0x20 C:/Saturn~1/SH_COFF/sh-coff/bin/../lib/gcc/sh-coff/3.4-GNUSH_v0501/../../../../sh-coff/lib\libc.a(freer.o)
 .comment       0x06028100       0x20 C:/Saturn~1/SH_COFF/sh-coff/bin/../lib/gcc/sh-coff/3.4-GNUSH_v0501/../../../../sh-coff/lib\libc.a(wcrtomb.o)
 .comment       0x06028120       0x20 C:/Saturn~1/SH_COFF/sh-coff/bin/../lib/gcc/sh-coff/3.4-GNUSH_v0501/../../../../sh-coff/lib\libc.a(mallocr.o)
 .comment       0x06028140       0x20 C:/Saturn~1/SH_COFF/sh-coff/bin/../lib/gcc/sh-coff/3.4-GNUSH_v0501/../../../../sh-coff/lib\libc.a(wcsrtombs.o)
 .comment       0x06028160       0x20 C:/Saturn~1/SH_COFF/sh-coff/bin/../lib/gcc/sh-coff/3.4-GNUSH_v0501/../../../../sh-coff/lib\libc.a(s_isinf.o)
 .comment       0x06028180       0x20 C:/Saturn~1/SH_COFF/sh-coff/bin/../lib/gcc/sh-coff/3.4-GNUSH_v0501/../../../../sh-coff/lib\libc.a(s_isnan.o)
 .comment       0x060281a0       0x20 C:/Saturn~1/SH_COFF/sh-coff/bin/../lib/gcc/sh-coff/3.4-GNUSH_v0501/../../../../sh-coff/lib\libc.a(dtoa.o)
 .comment       0x060281c0       0x20 C:/Saturn~1/SH_COFF/sh-coff/bin/../lib/gcc/sh-coff/3.4-GNUSH_v0501/../../../../sh-coff/lib\libc.a(memchr.o)
 .comment       0x060281e0       0x20 C:/Saturn~1/SH_COFF/sh-coff/bin/../lib/gcc/sh-coff/3.4-GNUSH_v0501/../../../../sh-coff/lib\libc.a(memmove.o)
 .comment       0x06028200       0x20 C:/Saturn~1/SH_COFF/sh-coff/bin/../lib/gcc/sh-coff/3.4-GNUSH_v0501/../../../../sh-coff/lib\libc.a(reallocr.o)
 .comment       0x06028220       0x20 C:/Saturn~1/SH_COFF/sh-coff/bin/../lib/gcc/sh-coff/3.4-GNUSH_v0501/../../../../sh-coff/lib\libc.a(makebuf.o)
 .comment       0x06028240       0x20 C:/Saturn~1/SH_COFF/sh-coff/bin/../lib/gcc/sh-coff/3.4-GNUSH_v0501/../../../../sh-coff/lib\libc.a(fwalk.o)
 .comment       0x06028260       0x20 C:/Saturn~1/SH_COFF/sh-coff/bin/../lib/gcc/sh-coff/3.4-GNUSH_v0501/../../../../sh-coff/lib\libc.a(stdio.o)
 .comment       0x06028280       0x20 C:/Saturn~1/SH_COFF/sh-coff/bin/../lib/gcc/sh-coff/3.4-GNUSH_v0501/../../../../sh-coff/lib\libc.a(fclose.o)
 .comment       0x060282a0       0x20 C:/Saturn~1/SH_COFF/sh-coff/bin/../lib/gcc/sh-coff/3.4-GNUSH_v0501/../../../../sh-coff/lib\libc.a(mlock.o)
 .comment       0x060282c0       0x20 C:/Saturn~1/SH_COFF/sh-coff/bin/../lib/gcc/sh-coff/3.4-GNUSH_v0501/../../../../sh-coff/lib\libc.a(sbrkr.o)
 .comment       0x060282e0       0x20 C:/Saturn~1/SH_COFF/sh-coff/bin/../lib/gcc/sh-coff/3.4-GNUSH_v0501/../../../../sh-coff/lib\libc.a(wctomb_r.o)
 .comment       0x06028300       0x20 C:/Saturn~1/SH_COFF/sh-coff/bin/../lib/gcc/sh-coff/3.4-GNUSH_v0501/../../../../sh-coff/lib\libc.a(mprec.o)
 .comment       0x06028320       0x20 C:/Saturn~1/SH_COFF/sh-coff/bin/../lib/gcc/sh-coff/3.4-GNUSH_v0501/../../../../sh-coff/lib\libc.a(fstatr.o)