Archive member included because of file (symbol)

C:/SaturnOrbit/SBL_601/segalib/lib_elf/sega_int.a(int.o)
                              C:/SaturnOrbit/SBL_601/segasmp/v_blank/set_vb.o (INT_SetScuFunc)
C:/SaturnOrbit/SBL_601/segalib/lib_elf/sega_int.a(int_trmp.o)
                              C:/SaturnOrbit/SBL_601/segalib/lib_elf/sega_int.a(int.o) (__interrupt_handler0)
C:/SaturnOrbit/SBL_601/segalib/lib_elf/sega_spr.a(spr_1c.o)
                              main.o (SPR_Initial)
C:/SaturnOrbit/SBL_601/segalib/lib_elf/sega_scl.a(scl_vblv.o)
                              C:/SaturnOrbit/SBL_601/segalib/lib_elf/sega_spr.a(spr_1c.o) (VBInterval)
C:/SaturnOrbit/SBL_601/segalib/lib_elf/sega_scl.a(scl_func.o)
                              main.o (SCL_Vdp2Init)
C:/SaturnOrbit/SBL_601/segalib/lib_elf/sega_scl.a(scl_back.o)
                              main.o (SCL_SetBack)
C:/SaturnOrbit/SBL_601/segalib/lib_elf/sega_scl.a(scl_fu03.o)
                              main.o (SCL_InitConfigTb)
C:/SaturnOrbit/SBL_601/segalib/lib_elf/sega_scl.a(scl_fu04.o)
                              main.o (SCL_SetCycleTable)
C:/SaturnOrbit/SBL_601/segalib/lib_elf/sega_scl.a(scl_pr07.o)
                              main.o (SCL_SetPriority)
C:/SaturnOrbit/SBL_601/segalib/lib_elf/sega_scl.a(scl_pr01.o)
                              main.o (SCL_SetSpriteMode)
C:/SaturnOrbit/SBL_601/segalib/lib_elf/sega_scl.a(scl_pr12.o)
                              main.o (SCL_SetColOffset)
C:/SaturnOrbit/SBL_601/segalib/lib_elf/sega_scl.a(scl_pr11.o)
                              main.o (SCL_SetAutoColOffset)
C:/SaturnOrbit/SBL_601/segalib/lib_elf/sega_scl.a(scl_pri.o)
                              C:/SaturnOrbit/SBL_601/segalib/lib_elf/sega_scl.a(scl_func.o) (SclRealColOffset)
C:/SaturnOrbit/SBL_601/segalib/lib_elf/sega_scl.a(scl_ro00.o)
                              C:/SaturnOrbit/SBL_601/segalib/lib_elf/sega_scl.a(scl_func.o) (SCL_Rotate)
C:/SaturnOrbit/SBL_601/segalib/lib_elf/sega_scl.a(scl_pr02.o)
                              C:/SaturnOrbit/SBL_601/segalib/lib_elf/sega_scl.a(scl_pri.o) (SCL_SetColRam)
C:/SaturnOrbit/SBL_601/segalib/lib_elf/sega_scl.a(scl_pr05.o)
                              C:/SaturnOrbit/SBL_601/segalib/lib_elf/sega_scl.a(scl_pr02.o) (SCL_GetColRamOffset)
C:/SaturnOrbit/SBL_601/segalib/lib_elf/sega_mth.a(mth_fixd.o)
                              C:/SaturnOrbit/SBL_601/segalib/lib_elf/sega_scl.a(scl_ro00.o) (MTH_Mul)
C:/SaturnOrbit/SBL_601/segalib/lib_elf/sega_mth.a(mth_tri.o)
                              C:/SaturnOrbit/SBL_601/segalib/lib_elf/sega_scl.a(scl_ro00.o) (fsin)
C:/SaturnOrbit/SBL_601/segalib/lib_elf/sega_per.a(per_prt.o)
                              C:/SaturnOrbit/SBL_601/segasmp/per/smpclib/per_x2.o (PER_LInit)
C:/SaturnOrbit/SBL_601/segalib/lib_elf/sega_sat.a(gfs.o)
                              filesystem.o (GFS_NameToId)
C:/SaturnOrbit/SBL_601/segalib/lib_elf/sega_sat.a(dbg_disp.o)
                              main.o (DBG_Initial)
C:/SaturnOrbit/SBL_601/segalib/lib_elf/sega_sat.a(gfs_cdc.o)
                              C:/SaturnOrbit/SBL_601/segalib/lib_elf/sega_sat.a(gfs.o) (GFCD_SetCdbfs)
C:/SaturnOrbit/SBL_601/segalib/lib_elf/sega_sat.a(gfs_dir.o)
                              C:/SaturnOrbit/SBL_601/segalib/lib_elf/sega_sat.a(gfs.o) (GFDR_NameToId)
C:/SaturnOrbit/SBL_601/segalib/lib_elf/sega_sat.a(gfs_buf.o)
                              C:/SaturnOrbit/SBL_601/segalib/lib_elf/sega_sat.a(gfs.o) (GFBF_GetNumData)
C:/SaturnOrbit/SBL_601/segalib/lib_elf/sega_sat.a(gfs_cdf.o)
                              C:/SaturnOrbit/SBL_601/segalib/lib_elf/sega_sat.a(gfs.o) (GFCF_Init)
C:/SaturnOrbit/SBL_601/segalib/lib_elf/sega_sat.a(gfs_trn.o)
                              C:/SaturnOrbit/SBL_601/segalib/lib_elf/sega_sat.a(gfs.o) (GFTR_SetMode)
C:/SaturnOrbit/SBL_601/segalib/lib_elf/sega_sat.a(gfs_cdb.o)
                              C:/SaturnOrbit/SBL_601/segalib/lib_elf/sega_sat.a(gfs.o) (GFCB_Close)
C:/SaturnOrbit/SBL_601/segalib/lib_elf/sega_sat.a(dbg_intr.o)
                              C:/SaturnOrbit/SBL_601/segalib/lib_elf/sega_sat.a(dbg_disp.o) (DBG_IntrGenOpErr)
C:/SaturnOrbit/SBL_601/segalib/lib_elf/sega_sat.a(scl_pr03.o)
                              C:/SaturnOrbit/SBL_601/segalib/lib_elf/sega_sat.a(dbg_disp.o) (SCL_AllocColRam)
C:/SaturnOrbit/SBL_601/segalib/lib_elf/sega_sat.a(scl_pr08.o)
                              C:/SaturnOrbit/SBL_601/segalib/lib_elf/sega_sat.a(dbg_disp.o) (SCL_GetPriority)
C:/SaturnOrbit/SBL_601/segalib/lib_elf/sega_sat.a(dma_scu0.o)
                              C:/SaturnOrbit/SBL_601/segalib/lib_elf/sega_sat.a(gfs_trn.o) (DMA_ScuSetPrm)
C:/SaturnOrbit/SBL_601/segalib/lib_elf/sega_sat.a(csh_main.o)
                              C:/SaturnOrbit/SBL_601/segalib/lib_elf/sega_sat.a(gfs_trn.o) (CSH_Purge)
C:/SaturnOrbit/SBL_601/segalib/lib_elf/sega_sat.a(dma_cpu0.o)
                              C:/SaturnOrbit/SBL_601/segalib/lib_elf/sega_sat.a(gfs_trn.o) (DMA_CpuSetComPrm)
[...]
Memory Configuration

Name             Origin             Length             Attributes
*default*        0x0000000000000000 0xffffffffffffffff

Linker script and memory map

TARGET(coff-sh)
LOAD C:/SaturnOrbit/SBL_601/segasmp/lib/strt1_g.o
LOAD C:/SaturnOrbit/SBL_601/segasmp/lib/strt2_g.o
LOAD C:/SaturnOrbit/SBL_601/segasmp/v_blank/set_vb.o
LOAD C:/SaturnOrbit/SBL_601/segasmp/v_blank/v_blank.o
LOAD C:/SaturnOrbit/SBL_601/segasmp/per/smpclib/per_x1.o
LOAD C:/SaturnOrbit/SBL_601/segasmp/per/smpclib/per_x2.o
LOAD C:/SaturnOrbit/SBL_601/segasmp/per/smpclib/per_x3.o
LOAD filesystem.o
LOAD datasbin.o
LOAD sprites.o
LOAD utilities.o
LOAD main.o
LOAD C:/SaturnOrbit/SBL_601/segalib/lib_elf/sega_int.a
LOAD C:/SaturnOrbit/SBL_601/segalib/lib_elf/sega_spr.a
LOAD C:/SaturnOrbit/SBL_601/segalib/lib_elf/sega_scl.a
LOAD C:/SaturnOrbit/SBL_601/segalib/lib_elf/sega_mth.a
LOAD C:/SaturnOrbit/SBL_601/segalib/lib_elf/sega_cdc.a
LOAD C:/SaturnOrbit/SBL_601/segalib/lib_elf/sega_adp.a
LOAD C:/SaturnOrbit/SBL_601/segalib/lib_elf/sega_per.a
LOAD C:/SaturnOrbit/SBL_601/segalib/lib_elf/sega_sat.a
LOAD C:/SaturnOrbit/SBL_601/segalib/lib_elf/sega_gfs.a
LOAD C:/SaturnOrbit/SBL_601/segalib/lib_elf/sega_dbg.a
LOAD C:/Saturn~1/SH_ELF/sh-elf/bin/../lib/gcc/sh-elf/3.4-GNUSH_v0501\libgcc.a
LOAD C:/Saturn~1/SH_ELF/sh-elf/bin/../lib/gcc/sh-elf/3.4-GNUSH_v0501/../../../../sh-elf/lib\libc.a
LOAD C:/Saturn~1/SH_ELF/sh-elf/bin/../lib/gcc/sh-elf/3.4-GNUSH_v0501\libgcc.a

.text           0x0000000006004000    0x1d260
 *(.text)
 .text          0x0000000006004000       0x30 C:/SaturnOrbit/SBL_601/segasmp/lib/strt1_g.o
                0x0000000006004024                _D_END
                0x0000000006004020                _D_BGN
                0x000000000600402c                _B_END
                0x0000000006004028                _B_BGN
                0x0000000006004000                START
 .text          0x0000000006004030       0x58 C:/SaturnOrbit/SBL_601/segasmp/lib/strt2_g.o
                0x0000000006004050                _INITSCT
                0x0000000006004030                _INIT
 .text          0x0000000006004088       0x64 C:/SaturnOrbit/SBL_601/segasmp/v_blank/set_vb.o
                0x0000000006004088                SetVblank
 .text          0x00000000060040ec      0x150 C:/SaturnOrbit/SBL_601/segasmp/v_blank/v_blank.o
                0x0000000006004108                UsrVblankOut
                0x00000000060040ec                UsrVblankIn
 .text          0x000000000600423c      0x42c C:/SaturnOrbit/SBL_601/segasmp/per/smpclib/per_x1.o
                0x00000000060045d0                PER_GetAnalogXYZ
                0x0000000006004260                PER_GetTriggerHandler
                0x00000000060044fa                PER_GetEdge
                0x0000000006004478                PER_GetTrigger
                0x0000000006004524                PER_GetPressEdge
                0x0000000006004578                PER_GetReleaseEdge
                0x000000000600423c                PER_SetTriggerHandler
 .text          0x0000000006004668      0x1fc C:/SaturnOrbit/SBL_601/segasmp/per/smpclib/per_x2.o
                0x000000000600476c                PER_GetDeviceA
                0x0000000006004668                PER_OpenPort
                0x00000000060046a0                PER_GetPort
                0x00000000060047e6                PER_GetDeviceR
 *fill*         0x0000000006004864 0x60048640000000c 00
 .text          0x0000000006004870       0x20 C:/SaturnOrbit/SBL_601/segasmp/per/smpclib/per_x3.o
                0x0000000006004870                PER_DisguiseTrigger
 .text          0x0000000006004890      0x274 filesystem.o
                0x00000000060049c8                flipu32
                0x0000000006004908                readData
                0x0000000006004890                initgfs
                0x00000000060048d4                openFileByName
                0x0000000006004a98                memcpyswap
                0x0000000006004a54                flip16
                0x0000000006004a10                flipu16
 .text          0x0000000006004b04     0x1c10 datasbin.o
                0x0000000006004b70                loadmap
                0x0000000006004b04                initdatas
                0x000000000600630e                processeventcode
                0x0000000006006200                deflate
 .text          0x0000000006006714     0x120c sprites.o
                0x00000000060071fc                loadsprites
                0x0000000006007044                get_starting_animid
                0x0000000006007434                update_sprite
                0x000000000600788c                set_sprite_anim
                0x0000000006006784                cache_image
                0x0000000006006714                init_spritecache
                0x0000000006006a14                process_image
                0x0000000006006fa4                get_starting_animid_from_code
 .text          0x0000000006007920     0x1338 main.o
                0x0000000006007920                initscl
                0x0000000006007be8                fadeout
                0x0000000006007ada                initspr
                0x0000000006007b54                fadein
                0x00000000060087a4                debug_print
                0x000000000600874c                get_elapsed
                0x0000000006008810                console_print
                0x00000000060089c4                draw_sprite
                0x0000000006008b90                draw_box
                0x00000000060088a4                draw_tile
                0x0000000006007c7c                main
 *fill*         0x0000000006008c58 0x6008c5800000008 00
 .text          0x0000000006008c60       0x50 C:/SaturnOrbit/SBL_601/segalib/lib_elf/sega_int.a(int.o)
                0x0000000006008c90                INT_GetScuFunc
                0x0000000006008c60                INT_SetScuFunc
 .text          0x0000000006008cb0      0x630 C:/SaturnOrbit/SBL_601/segalib/lib_elf/sega_int.a(int_trmp.o)
                0x0000000006008e18                __interrupt_handler60
                0x0000000006008fc8                __interrupt_handler132
                0x000000000600917e                __interrupt_handler205
                0x0000000006008fe6                __interrupt_handler137
                0x0000000006008f14                __interrupt_handler102
                0x0000000006008d52                __interrupt_handler27
                0x0000000006009154                __interrupt_handler198
                0x0000000006009046                __interrupt_handler153
                0x0000000006008d2e                __interrupt_handler21
                0x0000000006008e3c                __interrupt_handler66
                0x0000000006008f2c                __interrupt_handler106
                0x0000000006009076                __interrupt_handler161
                0x0000000006008ec0                __interrupt_handler88
                0x000000000600908e                __interrupt_handler165
                0x0000000006008f9e                __interrupt_handler125
                0x0000000006008cd4                __interrupt_handler6
                0x0000000006008d70                __interrupt_handler32
                0x000000000600912a                __interrupt_handler191
                0x0000000006009244                __interrupt_handler238
                0x000000000600925c                __interrupt_handler242
                0x0000000006009064                __interrupt_handler158
                0x0000000006008ecc                __interrupt_handler90
                0x0000000006009088                __interrupt_handler164
                0x0000000006008dac                __interrupt_handler42
                0x00000000060090ee                __interrupt_handler181
                0x00000000060091f6                __interrupt_handler225
                0x000000000600929e                __interrupt_handler253
                0x00000000060090b2                __interrupt_handler171
                0x0000000006008e6c                __interrupt_handler74
                0x0000000006008cc2                __interrupt_handler3
                0x0000000006008e06                __interrupt_handler57
                0x0000000006008d04                __interrupt_handler14
                0x000000000600919c                __interrupt_handler210
                0x00000000060091cc                __interrupt_handler218
                0x0000000006009190                __interrupt_handler208
                0x0000000006008d94                __interrupt_handler38
                0x0000000006008cb0                __interrupt_handler0
                0x0000000006008f20                __interrupt_handler104
                0x000000000600905e                __interrupt_handler157
                0x00000000060091ae                __interrupt_handler213
                0x00000000060090a0                __interrupt_handler168
                0x0000000006008eae                __interrupt_handler85
                0x0000000006008f4a                __interrupt_handler111
                0x0000000006008f5c                __interrupt_handler114
                0x0000000006008dca                __interrupt_handler47
                0x0000000006009220                __interrupt_handler232
                0x00000000060091ea                __interrupt_handler223
                0x000000000600923e                __interrupt_handler237
                0x0000000006008e2a                __interrupt_handler63
                0x0000000006008db8                __interrupt_handler44
                0x00000000060090ca                __interrupt_handler175
                0x00000000060090f4                __interrupt_handler182
                0x000000000600910c                __interrupt_handler186
                0x000000000600900a                __interrupt_handler143
                0x0000000006008f32                __interrupt_handler107
                0x0000000006008f98                __interrupt_handler124
                0x00000000060090b8                __interrupt_handler172
                0x000000000600926e                __interrupt_handler245
                0x0000000006008eea                __interrupt_handler95
                0x0000000006008fc2                __interrupt_handler131
                0x0000000006008fd4                __interrupt_handler134
                0x0000000006008ff2                __interrupt_handler139
                0x0000000006008e60                __interrupt_handler72
                0x000000000600921a                __interrupt_handler231
                0x0000000006009070                __interrupt_handler160
                0x0000000006008fb6                __interrupt_handler129
                0x0000000006008d28                __interrupt_handler20
                0x0000000006008e36                __interrupt_handler65
                0x0000000006008e00                __interrupt_handler56
                0x0000000006008cfe                __interrupt_handler13
                0x0000000006009196                __interrupt_handler209
                0x0000000006008f50                __interrupt_handler112
                0x0000000006008d22                __interrupt_handler19
                0x0000000006008ede                __interrupt_handler93
                0x0000000006009148                __interrupt_handler196
                0x000000000600903a                __interrupt_handler151
                0x000000000600909a                __interrupt_handler167
                0x00000000060092b0                __trampoline
                0x0000000006008d16                __interrupt_handler17
                0x0000000006009208                __interrupt_handler228
                0x00000000060092aa                __interrupt_handler255
                0x0000000006009268                __interrupt_handler244
                0x0000000006008f02                __interrupt_handler99
                0x00000000060090fa                __interrupt_handler183
                0x0000000006008ff8                __interrupt_handler140
                0x000000000600911e                __interrupt_handler189
                0x000000000600901c                __interrupt_handler146
                0x00000000060091e4                __interrupt_handler222
                0x0000000006009058                __interrupt_handler156
                0x0000000006008f8c                __interrupt_handler122
                0x0000000006009280                __interrupt_handler248
                0x0000000006008dd0                __interrupt_handler48
                0x0000000006008e4e                __interrupt_handler69
                0x0000000006008d40                __interrupt_handler24
                0x0000000006008ec6                __interrupt_handler89
                0x00000000060091ba                __interrupt_handler215
                0x00000000060092a4                __interrupt_handler254
                0x0000000006008eba                __interrupt_handler87
                0x0000000006008e1e                __interrupt_handler61
                0x0000000006009142                __interrupt_handler195
                0x0000000006009034                __interrupt_handler150
                0x0000000006008da6                __interrupt_handler41
                0x0000000006008f44                __interrupt_handler110
                0x0000000006008faa                __interrupt_handler127
                0x0000000006008f38                __interrupt_handler108
                0x0000000006008f56                __interrupt_handler113
                0x0000000006008f68                __interrupt_handler116
                0x0000000006008f86                __interrupt_handler121
                0x0000000006008e7e                __interrupt_handler77
                0x0000000006008d9a                __interrupt_handler39
                0x0000000006008db2                __interrupt_handler43
                0x0000000006009286                __interrupt_handler249
                0x00000000060090c4                __interrupt_handler174
                0x0000000006008fe0                __interrupt_handler136
                0x0000000006009118                __interrupt_handler188
                0x0000000006009016                __interrupt_handler145
                0x0000000006008ce6                __interrupt_handler9
                0x0000000006008e8a                __interrupt_handler79
                0x0000000006009202                __interrupt_handler227
                0x0000000006008d7c                __interrupt_handler34
                0x0000000006008fbc                __interrupt_handler130
                0x000000000600927a                __interrupt_handler247
                0x0000000006008e72                __interrupt_handler75
                0x00000000060090be                __interrupt_handler173
                0x0000000006008dee                __interrupt_handler53
                0x000000000600902e                __interrupt_handler149
                0x0000000006009292                __interrupt_handler251
                0x0000000006009226                __interrupt_handler233
                0x0000000006008cec                __interrupt_handler10
                0x0000000006009178                __interrupt_handler204
                0x0000000006008e9c                __interrupt_handler82
                0x0000000006008ea2                __interrupt_handler83
                0x0000000006008d46                __interrupt_handler25
                0x0000000006009262                __interrupt_handler243
                0x000000000600907c                __interrupt_handler162
                0x0000000006008dc4                __interrupt_handler46
                0x00000000060090dc                __interrupt_handler178
                0x0000000006008e90                __interrupt_handler80
                0x0000000006008e24                __interrupt_handler62
                0x0000000006008cbc                __interrupt_handler2
                0x0000000006008d5e                __interrupt_handler29
                0x0000000006008e54                __interrupt_handler70
                0x0000000006008f3e                __interrupt_handler109
                0x0000000006009028                __interrupt_handler148
                0x0000000006008ee4                __interrupt_handler94
                0x00000000060091f0                __interrupt_handler224
                0x0000000006008f1a                __interrupt_handler103
                0x0000000006008d88                __interrupt_handler36
                0x0000000006008fa4                __interrupt_handler126
                0x0000000006009274                __interrupt_handler246
                0x0000000006008dfa                __interrupt_handler55
                0x0000000006008cf8                __interrupt_handler12
                0x0000000006008de8                __interrupt_handler52
                0x0000000006009112                __interrupt_handler187
                0x0000000006009010                __interrupt_handler144
                0x0000000006008f6e                __interrupt_handler117
                0x0000000006008d1c                __interrupt_handler18
                0x000000000600914e                __interrupt_handler197
                0x0000000006009040                __interrupt_handler152
                0x0000000006008f74                __interrupt_handler118
                0x00000000060090ac                __interrupt_handler170
                0x0000000006009166                __interrupt_handler201
                0x0000000006008ef6                __interrupt_handler97
                0x0000000006009082                __interrupt_handler163
                0x00000000060090e8                __interrupt_handler180
                0x0000000006009130                __interrupt_handler192
                0x0000000006009250                __interrupt_handler240
                0x0000000006008f92                __interrupt_handler123
                0x00000000060091b4                __interrupt_handler214
                0x0000000006008d6a                __interrupt_handler31
                0x0000000006008d58                __interrupt_handler28
                0x0000000006008e42                __interrupt_handler67
                0x0000000006008e48                __interrupt_handler68
                0x0000000006008d34                __interrupt_handler22
                0x0000000006008d3a                __interrupt_handler23
                0x00000000060090d0                __interrupt_handler176
                0x0000000006008cda                __interrupt_handler7
                0x00000000060091de                __interrupt_handler221
                0x00000000060091c6                __interrupt_handler217
                0x000000000600920e                __interrupt_handler229
                0x0000000006008dd6                __interrupt_handler49
                0x0000000006008cc8                __interrupt_handler4
                0x0000000006008da0                __interrupt_handler40
                0x0000000006008f62                __interrupt_handler115
                0x0000000006009232                __interrupt_handler235
                0x0000000006008ed2                __interrupt_handler91
                0x0000000006009184                __interrupt_handler206
                0x00000000060090d6                __interrupt_handler177
                0x0000000006009022                __interrupt_handler147
                0x0000000006008d8e                __interrupt_handler37
                0x000000000600928c                __interrupt_handler250
                0x0000000006008cb6                __interrupt_handler1
                0x00000000060091d2                __interrupt_handler219
                0x0000000006008e78                __interrupt_handler76
                0x0000000006008f08                __interrupt_handler100
                0x0000000006008e0c                __interrupt_handler58
                0x0000000006008d0a                __interrupt_handler15
                0x00000000060091a8                __interrupt_handler212
                0x0000000006009256                __interrupt_handler241
                0x000000000600916c                __interrupt_handler202
                0x0000000006009136                __interrupt_handler193
                0x0000000006008e84                __interrupt_handler78
                0x0000000006008ddc                __interrupt_handler50
                0x0000000006008d76                __interrupt_handler33
                0x0000000006009094                __interrupt_handler166
                0x0000000006008fec                __interrupt_handler138
                0x0000000006008fda                __interrupt_handler135
                0x0000000006008d64                __interrupt_handler30
                0x0000000006009100                __interrupt_handler184
                0x0000000006008ffe                __interrupt_handler141
                0x0000000006009214                __interrupt_handler230
                0x0000000006009238                __interrupt_handler236
                0x0000000006008f7a                __interrupt_handler119
                0x0000000006008eb4                __interrupt_handler86
                0x0000000006008f26                __interrupt_handler105
                0x0000000006008e96                __interrupt_handler81
                0x0000000006008f80                __interrupt_handler120
                0x0000000006008fb0                __interrupt_handler128
                0x0000000006008df4                __interrupt_handler54
                0x0000000006008cf2                __interrupt_handler11
                0x000000000600915a                __interrupt_handler199
                0x000000000600904c                __interrupt_handler154
                0x0000000006008dbe                __interrupt_handler45
                0x00000000060091c0                __interrupt_handler216
                0x0000000006009172                __interrupt_handler203
                0x0000000006008f0e                __interrupt_handler101
                0x0000000006008ea8                __interrupt_handler84
                0x0000000006009106                __interrupt_handler185
                0x0000000006009004                __interrupt_handler142
                0x0000000006008d4c                __interrupt_handler26
                0x0000000006008e30                __interrupt_handler64
                0x0000000006009160                __interrupt_handler200
                0x000000000600918a                __interrupt_handler207
                0x000000000600913c                __interrupt_handler194
                0x0000000006008ed8                __interrupt_handler92
                0x0000000006009052                __interrupt_handler155
                0x00000000060091a2                __interrupt_handler211
                0x0000000006008fce                __interrupt_handler133
                0x0000000006008cce                __interrupt_handler5
                0x0000000006008e66                __interrupt_handler73
                0x0000000006008d10                __interrupt_handler16
                0x000000000600924a                __interrupt_handler239
                0x000000000600922c                __interrupt_handler234
                0x0000000006008d82                __interrupt_handler35
                0x0000000006008e12                __interrupt_handler59
                0x00000000060090a6                __interrupt_handler169
                0x0000000006008efc                __interrupt_handler98
                0x0000000006008e5a                __interrupt_handler71
                0x0000000006008de2                __interrupt_handler51
                0x000000000600906a                __interrupt_handler159
                0x00000000060091fc                __interrupt_handler226
                0x0000000006008ef0                __interrupt_handler96
                0x0000000006009124                __interrupt_handler190
                0x00000000060091d8                __interrupt_handler220
                0x0000000006008ce0                __interrupt_handler8
                0x00000000060090e2                __interrupt_handler179
                0x0000000006009298                __interrupt_handler252
 .text          0x00000000060092e0      0x4f0 C:/SaturnOrbit/SBL_601/segalib/lib_elf/sega_spr.a(spr_1c.o)
                0x0000000006009774                SPR_WaitDrawEnd
                0x000000000600979c                SPR_SetEosMode
                0x00000000060095f4                SPR_SetEraseData
                0x00000000060092e0                SPR_Initial
                0x0000000006009474                SPR_SetTvMode
                0x0000000006009564                SPR_GetStatus
 .text          0x00000000060097d0      0x360 C:/SaturnOrbit/SBL_601/segalib/lib_elf/sega_scl.a(scl_vblv.o)
                0x0000000006009890                SCL_DisplayFrame
                0x00000000060097d0                SCL_SetFrameInterval
                0x00000000060098d0                SCL_VblInit
                0x0000000006009920                SCL_VblankStart
                0x0000000006009970                SCL_VblankEnd
 .text          0x0000000006009b30      0xcd0 C:/SaturnOrbit/SBL_601/segalib/lib_elf/sega_scl.a(scl_func.o)
                0x000000000600a6b0                SCL_Vdp2_SGLInit
                0x000000000600a4b0                SCL_PriIntProc
                0x000000000600a290                SCL_Memcpyw
                0x000000000600a7d0                SCL_SglOff
                0x000000000600a7a0                SCL_SglOn
                0x000000000600a620                SCL_ScrollShow
                0x0000000006009d80                SCL_Close
                0x000000000600a0c0                SCL_Scale
                0x0000000006009cc0                SCL_Vdp2Init
                0x0000000006009f10                SCL_Move
                0x000000000600a2c0                SCL_CopyReg
                0x0000000006009d40                SCL_Open
                0x0000000006009b30                SCL_ParametersInit
                0x0000000006009da0                SCL_MoveTo
                0x000000000600a440                SCL_SetColRamMode
 .text          0x000000000600a800       0x90 C:/SaturnOrbit/SBL_601/segalib/lib_elf/sega_scl.a(scl_back.o)
                0x000000000600a800                SCL_SetBack
 .text          0x000000000600a890      0x880 C:/SaturnOrbit/SBL_601/segalib/lib_elf/sega_scl.a(scl_fu03.o)
                0x000000000600a8e0                SCL_SetConfig
                0x000000000600a890                SCL_InitConfigTb
 .text          0x000000000600b110       0x30 C:/SaturnOrbit/SBL_601/segalib/lib_elf/sega_scl.a(scl_fu04.o)
                0x000000000600b110                SCL_SetCycleTable
 .text          0x000000000600b140      0x250 C:/SaturnOrbit/SBL_601/segalib/lib_elf/sega_scl.a(scl_pr07.o)
                0x000000000600b140                SCL_SetPriority
 .text          0x000000000600b390       0x50 C:/SaturnOrbit/SBL_601/segalib/lib_elf/sega_scl.a(scl_pr01.o)
                0x000000000600b390                SCL_SetSpriteMode
 .text          0x000000000600b3e0      0x1b0 C:/SaturnOrbit/SBL_601/segalib/lib_elf/sega_scl.a(scl_pr12.o)
                0x000000000600b3e0                SCL_SetColOffset
 .text          0x000000000600b590      0x1c0 C:/SaturnOrbit/SBL_601/segalib/lib_elf/sega_scl.a(scl_pr11.o)
                0x000000000600b590                SCL_SetAutoColOffset
 .text          0x000000000600b750      0xfc0 C:/SaturnOrbit/SBL_601/segalib/lib_elf/sega_scl.a(scl_pri.o)
                0x000000000600b9e0                SCL_AbortAutoVe
                0x000000000600c590                SCL_SetShadowBit
                0x000000000600bed0                SCL_AutoExec
                0x000000000600b750                SCL_PriorityInit
                0x000000000600be30                SCL_IncColOffset
                0x000000000600ba00                SCL_SetColMixRate
                0x000000000600b9c0                SCL_GetColRamMode
 .text          0x000000000600c710     0x12c0 C:/SaturnOrbit/SBL_601/segalib/lib_elf/sega_scl.a(scl_ro00.o)
                0x000000000600cb90                SCL_RotateZD
                0x000000000600cd50                SCL_Rotate
                0x000000000600c8b0                SCL_InitRotateTable
 .text          0x000000000600d9d0       0xe0 C:/SaturnOrbit/SBL_601/segalib/lib_elf/sega_scl.a(scl_pr02.o)
                0x000000000600d9d0                SCL_SetColRam
 .text          0x000000000600dab0       0xf0 C:/SaturnOrbit/SBL_601/segalib/lib_elf/sega_scl.a(scl_pr05.o)
                0x000000000600dab0                SCL_GetColRamOffset
 .text          0x000000000600dba0       0xb0 C:/SaturnOrbit/SBL_601/segalib/lib_elf/sega_mth.a(mth_fixd.o)
                0x000000000600dbf0                MTH_FixedToInt
                0x000000000600dbe0                MTH_IntToFixed
                0x000000000600dba0                MTH_Mul
                0x000000000600dc00                MTH_Product
                0x000000000600dbc0                MTH_Div
 .text          0x000000000600dc50      0x600 C:/SaturnOrbit/SBL_601/segalib/lib_elf/sega_mth.a(mth_tri.o)
                0x000000000600dcec                fcos
                0x000000000600dcf2                fsin
                0x000000000600dc9c                MTH_Cos
                0x000000000600dc50                MTH_Sin
                0x000000000600de90                MTH_Atan
 .text          0x000000000600e250      0xf50 C:/SaturnOrbit/SBL_601/segalib/lib_elf/sega_per.a(per_prt.o)
                0x000000000600e670                PER_IntFunc
                0x000000000600e468                PER_LGetPer
                0x000000000600e250                PER_LInit
 .text          0x000000000600f1a0     0x20c0 C:/SaturnOrbit/SBL_601/segalib/lib_elf/sega_sat.a(gfs.o)
                0x000000000600f1a0                gfs_version
                0x000000000600fe80                gfs_mngGetNumFile
                0x0000000006010ae0                gfs_closeSub
                0x000000000600fa30                GFS_SetGmode
                0x000000000600fd00                GFS_SetErrFunc
                0x000000000600fdb0                gfs_mngSetupFuncTbl
                0x0000000006010ea0                GFS_Reset
                0x0000000006011020                gfs_chgRoot
                0x000000000600fda0                gfs_aborttrans
                0x0000000006010130                gfs_svrAddHndl
                0x000000000600ff60                gfs_mngFreeGrp
                0x000000000600fd60                GFS_ConvTno
                0x0000000006010c30                gfs_getRootDir
                0x000000000600fd30                GFS_GetErrStat
                0x000000000600f650                GFS_Seek
                0x00000000060100b0                GFS_NwStop
                0x000000000600ff70                gfs_mngTermAccess
                0x00000000060101d0                GFS_Open
                0x000000000600f3d0                GFS_mngAllocGrp
                0x000000000600f9c0                gfs_isTaskDone
                0x0000000006010a20                GFS_Fread
                0x000000000600fc30                GFS_StartTrans
                0x000000000600f480                gfs_GetFinfo
                0x000000000600fdf0                gfs_mngInitWork
                0x000000000600f570                GFS_ByteToSct
                0x0000000006010000                gfs_svrSearchHndl
                0x0000000006010d10                gfs_loadRootDir
                0x000000000600f2d0                GFS_IdToName
                0x00000000060108f0                GFS_NwFread
                0x000000000600fb30                GFS_SetTransPara
                0x0000000006010860                GFS_NwCdRead
                0x0000000006010b70                gfs_loadVol
                0x000000000600f800                GFS_SetReadPara
                0x000000000600f420                GFS_Tell
                0x000000000600fab0                GFS_SetTmode
                0x00000000060107a0                GFS_GetFad
                0x000000000600fbb0                GFS_SetTrFunc
                0x000000000600fca0                GFS_CdMovePickup
                0x000000000600f250                GFS_NameToId
                0x0000000006010530                GFS_NwExecOne
                0x00000000060103c0                gfs_flowIn
                0x000000000600f730                GFS_GetFileInfo
                0x0000000006010470                gfs_transData
                0x0000000006010050                gfs_svrRemoveHndl
                0x000000000600f920                GFS_NwIsComplete
                0x000000000600f970                gfs_getGmode
                0x000000000600f880                GFS_NwGetStat
                0x0000000006010180                GFS_OpenSub
                0x000000000600fef0                GFS_SetDir
                0x000000000600f4e0                GFS_GetFileSize
                0x000000000600f7d0                GFS_GetNumCdbuf
                0x00000000060102c0                gfs_convFinStat
                0x0000000006010da0                GFS_Load
                0x00000000060106d0                gfs_waitRead
                0x0000000006010f50                GFS_LoadDir
                0x000000000600f350                GFS_GetDirInfo
                0x0000000006010b30                GFS_Close
                0x0000000006011140                GFS_Init
                0x000000000600f980                gfs_recovRdErr
                0x000000000600f1c0                gfs_mngSetErrCode
                0x0000000006010630                GFS_NwExecServer
                0x000000000600f5f0                GFS_IsEof
                0x0000000006010810                gfs_SetSct
 .text          0x0000000006011260     0x1250 C:/SaturnOrbit/SBL_601/segalib/lib_elf/sega_sat.a(dbg_disp.o)
                0x0000000006011350                DBG_ClearScreen
                0x0000000006011e30                DBG_GetKeyStr
                0x00000000060119a0                DBG_Printf
                0x0000000006011ae0                DBG_DisplayOff
                0x00000000060113a0                DBG_Initial
                0x0000000006011c20                DBG_DisplayOn
                0x0000000006011570                DBG_SetCursol
 .text          0x00000000060124b0     0x1d10 C:/SaturnOrbit/SBL_601/segalib/lib_elf/sega_sat.a(gfs_cdc.o)
                0x00000000060125e0                GFCD_AllocBuf
                0x0000000006012f40                gfcd_doGetLenDataTsk
                0x00000000060136a0                GFCD_SetCsctFunc
                0x0000000006012670                GFCD_GetBaseFad
                0x0000000006013650                GFCD_GetFilt
                0x0000000006013870                gfcd_doChgDirTsk
                0x0000000006012740                gfcd_checkEflag
                0x0000000006013e60                GFCD_MovePickup
                0x00000000060135b0                GFCD_GetSctInfo
                0x0000000006012e50                gfcd_doReqDataTsk
                0x0000000006013b80                GFCD_ChgDir
                0x0000000006012ef0                GFCD_ReqData
                0x0000000006013d40                GFCD_WaitServer
                0x00000000060136c0                GFCD_ChkScdqFlag
                0x0000000006012e00                GFCD_DelSctData
                0x0000000006013c30                GFCD_ExecServer
                0x00000000060130e0                gfcd_doSetConTsk
                0x0000000006012560                GFCD_AllocFilt
                0x00000000060133c0                GFCD_SetFilt
                0x0000000006013200                gfcd_doSetFiltTsk
                0x00000000060136e0                GFCD_ClrScdqFlag
                0x0000000006012c90                gfcd_doDelSctDataTsk
                0x0000000006013ab0                gfcd_doTask
                0x00000000060126b0                GFCD_GetPickup
                0x0000000006012770                GFCD_CheckMove
                0x0000000006013700                GFCD_WaitScdqFlag
                0x0000000006013ed0                GFCD_Play
                0x0000000006012ac0                gfcd_doMoveSctTsk
                0x0000000006013190                GFCD_SetCon
                0x00000000060129c0                GFCD_SetFiltCon
                0x0000000006014170                GFCD_WaitPause
                0x0000000006013460                GFCD_GetBufSiz
                0x00000000060126f0                GFCD_UngetPickup
                0x00000000060134a0                GFCD_GetFileInfo
                0x0000000006013600                GFCD_EndData
                0x0000000006013d80                GFCD_FreeBuf
                0x0000000006013090                GFCD_GetLenData
                0x00000000060125b0                GFCD_FreeFilt
                0x0000000006012790                gfcd_isIdleTask
                0x0000000006013f50                GFCD_Init
                0x0000000006012890                gfcd_doSetFiltConTsk
                0x0000000006013770                GFCD_GetStat
                0x0000000006012c20                GFCD_MoveSctData
                0x0000000006012720                GFCD_IsPuOwner
                0x00000000060124f0                gfcd_initCdbMng
                0x00000000060124b0                GFCD_SetCdbfs
                0x0000000006012620                GFCD_SetTimer
                0x0000000006012860                gfcd_setStat
                0x0000000006012640                GFCD_CheckDelSctData
 .text          0x00000000060141c0      0xae0 C:/SaturnOrbit/SBL_601/segalib/lib_elf/sega_sat.a(gfs_dir.o)
                0x0000000006014680                gfdr_setNextRec
                0x00000000060143e0                gfdr_setDirrecCd
                0x00000000060143b0                gfdr_open
                0x0000000006014280                GFDR_GetAtrDirId
                0x0000000006014510                gfdr_readByte
                0x0000000006014c10                GFDR_SetupDirTbl
                0x0000000006014650                gfdr_readLongNM
                0x0000000006014740                gfdr_readDirEnt
                0x0000000006014390                GFDR_ChgRoot
                0x00000000060141c0                GFDR_NameToId
                0x0000000006014b80                gfdr_setupDirIdTbl
                0x00000000060142a0                GFDR_GetAtrDirName
                0x0000000006014240                GFDR_GetInfoDirId
                0x00000000060145e0                gfdr_readLongNB
                0x0000000006014410                gfdr_read
                0x0000000006014540                gfdr_readWord
                0x0000000006014ac0                gfdr_setupDirNameTbl
                0x0000000006014260                GFDR_GetInfoDirName
                0x00000000060142c0                GFDR_ChgDir
                0x0000000006014570                gfdr_readWordNB
 .text          0x0000000006014ca0      0x120 C:/SaturnOrbit/SBL_601/segalib/lib_elf/sega_sat.a(gfs_buf.o)
                0x0000000006014cf0                GFBF_GetNumData
                0x0000000006014d80                GFBF_RtnPk
                0x0000000006014d20                GFBF_GetSrcPk
                0x0000000006014db0                gfbf_getSctDt
                0x0000000006014cd0                GFBF_GetTranData
                0x0000000006014d50                GFBF_GetSctData
 .text          0x0000000006014dc0      0xa60 C:/SaturnOrbit/SBL_601/segalib/lib_elf/sega_sat.a(gfs_cdf.o)
                0x0000000006015170                GFCF_Seek
                0x0000000006015340                GFCF_GetStat
                0x0000000006015150                GFCF_Tell
                0x0000000006014ed0                GFCF_Setup
                0x0000000006015190                GFCF_cnvIntlvOfs
                0x0000000006014dc0                GFCF_Init
                0x0000000006015100                GFCF_Recover
                0x0000000006015030                GFCF_SetSct
                0x0000000006015430                GFCF_MovePickup
                0x0000000006015580                gfcf_isCdOk
                0x0000000006015690                GFCF_FlowInBuf
                0x0000000006015080                GFCF_GetFileInfo
                0x00000000060154d0                GFCF_StopInBuf
                0x0000000006014e90                gfcf_getSctSize
                0x00000000060151e0                gfcf_getPlayRange
 .text          0x0000000006015820      0xca0 C:/SaturnOrbit/SBL_601/segalib/lib_elf/sega_sat.a(gfs_trn.o)
                0x0000000006015930                GFTR_SetTransMax
                0x0000000006015cd0                gftr_execScu
                0x00000000060164a0                GFTR_SetTransFunc
                0x0000000006015a00                gftr_remTrn
                0x0000000006016480                GFTR_SetData
                0x0000000006015fe0                gftr_execSdma1
                0x0000000006015ed0                gftr_copyFrac
                0x0000000006015920                GFTR_GetNumTrans
                0x0000000006015860                GFTR_SetMode
                0x0000000006015fa0                gftr_remDma0
                0x0000000006016450                GFTR_GetLenData
                0x0000000006015cc0                gftr_reqScu
                0x0000000006015fc0                gftr_reqDma1
                0x0000000006015ab0                gftr_getSrcPack
                0x0000000006015960                GFTR_RtnDstPk
                0x0000000006015dd0                gfdma_exec
                0x00000000060160b0                gftr_execTrn
                0x00000000060161a0                GFTR_ExecSvr
                0x0000000006015980                gftr_reqTrn
                0x0000000006015f00                gfdma_getBytecnt
                0x0000000006016030                gftr_reqCpu
                0x0000000006015c10                GFTR_GetDstPack
                0x0000000006015f50                gftr_reqDma0
                0x0000000006015b70                GFTR_Idle
                0x0000000006015950                GFTR_Pause
                0x0000000006015910                GFTR_GetTransPara
                0x00000000060160a0                gftr_remCpu
                0x00000000060158d0                GFTR_SetTransPara
                0x0000000006016010                gftr_remDma1
                0x0000000006016370                GFTR_Stop
                0x0000000006015f70                gftr_execSdma0
                0x0000000006015880                GFTR_Setup
                0x0000000006015d80                gftr_remScu
                0x0000000006015c50                gftr_getDstPack
                0x0000000006015dc0                gfdma_canUse
                0x0000000006016300                GFTR_Exec
                0x0000000006016460                GFTR_GetData
                0x0000000006015940                GFTR_Start
                0x0000000006015850                GFTR_SetUnit
                0x0000000006016040                gftr_execCpu
                0x0000000006015a90                GFTR_GetLenRoom
 .text          0x00000000060164c0      0x6f0 C:/SaturnOrbit/SBL_601/segalib/lib_elf/sega_sat.a(gfs_cdb.o)
                0x0000000006016b40                GFCB_GetPickup
                0x00000000060164c0                GFCB_Close
                0x0000000006016940                GFCB_GetSrcPack
                0x0000000006016b00                GFCB_SetCon
                0x00000000060165d0                GFCB_GetLenRoom
                0x0000000006016ae0                GFCB_MovePickup
                0x0000000006016a20                GFCB_GetSctData
                0x00000000060165e0                GFCB_SetFilt
                0x0000000006016500                GFCB_GetLenData
                0x0000000006016b90                GFCB_UngetPickup
                0x0000000006016680                GFCB_Setup
                0x00000000060164f0                GFCB_Tell
                0x0000000006016b70                GFCB_IsPuOwner
                0x00000000060167f0                GFCB_Seek
                0x0000000006016650                GFCB_DeleteAllData
                0x0000000006016a60                GFCB_GetDstPack
                0x0000000006016790                gfcb_getSctNum
                0x0000000006016a70                GFCB_RtnPk
 .text          0x0000000006016bb0       0x70 C:/SaturnOrbit/SBL_601/segalib/lib_elf/sega_sat.a(dbg_intr.o)
                0x0000000006016bc0                DBG_IntrCpuAddrErr
                0x0000000006016bb0                DBG_IntrGenOpErr
                0x0000000006016bb8                DBG_IntrSlotOpErr
                0x0000000006016bc8                DBG_IntrDmaAddrErr
 .text          0x0000000006016c20      0x1b0 C:/SaturnOrbit/SBL_601/segalib/lib_elf/sega_sat.a(scl_pr03.o)
                0x0000000006016c20                SCL_FreeColRam
                0x0000000006016c60                SCL_AllocColRam
 .text          0x0000000006016dd0      0x1a0 C:/SaturnOrbit/SBL_601/segalib/lib_elf/sega_sat.a(scl_pr08.o)
                0x0000000006016dd0                SCL_GetPriority
 .text          0x0000000006016f70      0x3d0 C:/SaturnOrbit/SBL_601/segalib/lib_elf/sega_sat.a(dma_scu0.o)
                0x0000000006017000                DMA_ScuStart
                0x00000000060171f0                DMA_ScuIntFunc0
                0x0000000006017260                DMA_ScuIntFunc1
                0x00000000060172d0                DMA_ScuIntFunc2
                0x00000000060171b0                DMA_ScuGetStatus
                0x0000000006016f70                DMA_ScuSetPrm
 .text          0x0000000006017340      0x110 C:/SaturnOrbit/SBL_601/segalib/lib_elf/sega_sat.a(csh_main.o)
                0x0000000006017340                CSH_Init
                0x00000000060173c0                CSH_AllClr
                0x0000000006017420                CSH_Purge
 .text          0x0000000006017450      0x220 C:/SaturnOrbit/SBL_601/segalib/lib_elf/sega_sat.a(dma_cpu0.o)
                0x00000000060174b0                DMA_CpuSetPrm
                0x00000000060175d0                DMA_CpuStart
                0x0000000006017650                DMA_CpuGetStatus
                0x0000000006017610                DMA_CpuAllStop
                0x0000000006017630                DMA_CpuGetComStatus
                0x0000000006017450                DMA_CpuSetComPrm
                0x00000000060175f0                DMA_CpuStop
 .text          0x0000000006017670      0xc90 C:/SaturnOrbit/SBL_601/segalib/lib_elf/sega_sat.a(dbg_moni.o)
                0x0000000006017c30                DBG_Monitor
                0x0000000006018230                DBG_IntrProc
 .text          0x0000000006018300      0x1f0 C:/SaturnOrbit/SBL_601/segalib/lib_elf/sega_sat.a(scl_pr06.o)
                0x0000000006018300                SCL_SetColRamOffset
 .text          0x00000000060184f0       0x52 C:/Saturn~1/SH_ELF/sh-elf/bin/../lib/gcc/sh-elf/3.4-GNUSH_v0501\libgcc.a(_ashiftrt.o)
                0x00000000060184fc                __ashiftrt_r4_27
                0x0000000006018530                __ashiftrt_r4_6
                0x0000000006018520                __ashiftrt_r4_14
                0x0000000006018512                __ashiftrt_r4_19
                0x000000000601852a                __ashiftrt_r4_9
                0x000000000601853e                __ashiftrt_r4_0
                0x00000000060184f0                __ashiftrt_r4_31
                0x00000000060184fe                __ashiftrt_r4_26
                0x000000000601850c                __ashiftrt_r4_22
                0x0000000006018518                __ashiftrt_r4_16
                0x0000000006018524                __ashiftrt_r4_12
                0x00000000060184f8                __ashiftrt_r4_29
                0x0000000006018516                __ashiftrt_r4_17
                0x00000000060184f6                __ashiftrt_r4_30
                0x0000000006018532                __ashiftrt_r4_5
                0x000000000601852c                __ashiftrt_r4_8
                0x00000000060184f0                __ashiftrt_r4_32
                0x0000000006018500                __ashiftrt_r4_25
                0x0000000006018538                __ashiftrt_r4_2
                0x0000000006018502                __ashiftrt_r4_24
                0x000000000601851e                __ashiftrt_r4_15
                0x0000000006018528                __ashiftrt_r4_10
                0x000000000601853a                __ashiftrt_r4_1
                0x00000000060184fa                __ashiftrt_r4_28
                0x0000000006018510                __ashiftrt_r4_20
                0x000000000601852e                __ashiftrt_r4_7
                0x0000000006018522                __ashiftrt_r4_13
                0x0000000006018526                __ashiftrt_r4_11
                0x0000000006018534                __ashiftrt_r4_4
                0x000000000601850a                __ashiftrt_r4_23
                0x0000000006018514                __ashiftrt_r4_18
                0x000000000601850e                __ashiftrt_r4_21
                0x0000000006018536                __ashiftrt_r4_3
 *fill*         0x0000000006018542 0x601854200000002 00
 .text          0x0000000006018544       0x8c C:/Saturn~1/SH_ELF/sh-elf/bin/../lib/gcc/sh-elf/3.4-GNUSH_v0501\libgcc.a(_ashiftlt.o)
                0x0000000006018544                __ashlsi3
 .text          0x00000000060185d0       0xb0 C:/Saturn~1/SH_ELF/sh-elf/bin/../lib/gcc/sh-elf/3.4-GNUSH_v0501\libgcc.a(_movstr.o)
                0x0000000006018610                __movstrSI16
                0x00000000060185e4                __movstrSI60
                0x00000000060185f0                __movstrSI48
                0x00000000060185ec                __movstrSI52
                0x00000000060185e0                __movstrSI64
                0x00000000060185f4                __movstrSI44
                0x00000000060185f8                __movstrSI40
                0x00000000060185fc                __movstrSI36
                0x0000000006018630                __movstr
                0x00000000060185e8                __movstrSI56
                0x0000000006018604                __movstrSI28
                0x0000000006018600                __movstrSI32
                0x0000000006018614                __movstrSI12
                0x0000000006018618                __movstrSI8
                0x0000000006018620                __movstrSI0
                0x0000000006018608                __movstrSI24
                0x000000000601860c                __movstrSI20
                0x000000000601861c                __movstrSI4
 .text          0x0000000006018680       0x9e C:/Saturn~1/SH_ELF/sh-elf/bin/../lib/gcc/sh-elf/3.4-GNUSH_v0501\libgcc.a(_sdivsi3.o)
                0x0000000006018680                __sdivsi3
 .text          0x000000000601871e       0x6e C:/Saturn~1/SH_ELF/sh-elf/bin/../lib/gcc/sh-elf/3.4-GNUSH_v0501\libgcc.a(_udivsi3.o)
                0x0000000006018740                __udivsi3
 .text          0x000000000601878c       0x5c C:/Saturn~1/SH_ELF/sh-elf/bin/../lib/gcc/sh-elf/3.4-GNUSH_v0501\libgcc.a(_fixunssfsi.o)
                0x000000000601878c                __fixunssfsi
 .text          0x00000000060187e8      0x228 C:/Saturn~1/SH_ELF/sh-elf/bin/../lib/gcc/sh-elf/3.4-GNUSH_v0501\libgcc.a(_addsub_sf.o)
                0x00000000060189b8                __subsf3
                0x0000000006018964                __addsf3
 .text          0x0000000006018a10      0x180 C:/Saturn~1/SH_ELF/sh-elf/bin/../lib/gcc/sh-elf/3.4-GNUSH_v0501\libgcc.a(_mul_sf.o)
                0x0000000006018a10                __mulsf3
 .text          0x0000000006018b90      0x100 C:/Saturn~1/SH_ELF/sh-elf/bin/../lib/gcc/sh-elf/3.4-GNUSH_v0501\libgcc.a(_div_sf.o)
                0x0000000006018b90                __divsf3
 .text          0x0000000006018c90       0x64 C:/Saturn~1/SH_ELF/sh-elf/bin/../lib/gcc/sh-elf/3.4-GNUSH_v0501\libgcc.a(_ge_sf.o)
                0x0000000006018c90                __gesf2
 .text          0x0000000006018cf4       0x88 C:/Saturn~1/SH_ELF/sh-elf/bin/../lib/gcc/sh-elf/3.4-GNUSH_v0501\libgcc.a(_si_to_sf.o)
                0x0000000006018cf4                __floatsisf
 .text          0x0000000006018d7c       0x70 C:/Saturn~1/SH_ELF/sh-elf/bin/../lib/gcc/sh-elf/3.4-GNUSH_v0501\libgcc.a(_sf_to_si.o)
                0x0000000006018d7c                __fixsfsi
 .text          0x0000000006018dec      0x2c4 C:/Saturn~1/SH_ELF/sh-elf/bin/../lib/gcc/sh-elf/3.4-GNUSH_v0501\libgcc.a(_mul_df.o)
                0x0000000006018dec                __muldf3
 .text          0x00000000060190b0      0x170 C:/Saturn~1/SH_ELF/sh-elf/bin/../lib/gcc/sh-elf/3.4-GNUSH_v0501\libgcc.a(_div_df.o)
                0x00000000060190b0                __divdf3
 .text          0x0000000006019220       0xa4 C:/Saturn~1/SH_ELF/sh-elf/bin/../lib/gcc/sh-elf/3.4-GNUSH_v0501\libgcc.a(_si_to_df.o)
                0x0000000006019220                __floatsidf
 .text          0x00000000060192c4       0x78 C:/Saturn~1/SH_ELF/sh-elf/bin/../lib/gcc/sh-elf/3.4-GNUSH_v0501\libgcc.a(_df_to_si.o)
                0x00000000060192c4                __fixdfsi
 .text          0x000000000601933c       0x64 C:/Saturn~1/SH_ELF/sh-elf/bin/../lib/gcc/sh-elf/3.4-GNUSH_v0501\libgcc.a(_df_to_sf.o)
                0x000000000601933c                __truncdfsf2
 .text          0x00000000060193a0       0x8c C:/Saturn~1/SH_ELF/sh-elf/bin/../lib/gcc/sh-elf/3.4-GNUSH_v0501\libgcc.a(_lshiftrt.o)
                0x00000000060193a0                __lshrsi3
 .text          0x000000000601942c       0xc4 C:/Saturn~1/SH_ELF/sh-elf/bin/../lib/gcc/sh-elf/3.4-GNUSH_v0501\libgcc.a(_muldi3.o)
                0x000000000601942c                __muldi3
 .text          0x00000000060194f0       0x80 C:/Saturn~1/SH_ELF/sh-elf/bin/../lib/gcc/sh-elf/3.4-GNUSH_v0501\libgcc.a(_lshrdi3.o)
                0x00000000060194f0                __lshrdi3
 .text          0x0000000006019570      0x144 C:/Saturn~1/SH_ELF/sh-elf/bin/../lib/gcc/sh-elf/3.4-GNUSH_v0501\libgcc.a(_pack_sf.o)
                0x0000000006019570                __pack_f
 .text          0x00000000060196b4       0xa4 C:/Saturn~1/SH_ELF/sh-elf/bin/../lib/gcc/sh-elf/3.4-GNUSH_v0501\libgcc.a(_unpack_sf.o)
                0x00000000060196b4                __unpack_f
 .text          0x0000000006019758       0xcc C:/Saturn~1/SH_ELF/sh-elf/bin/../lib/gcc/sh-elf/3.4-GNUSH_v0501\libgcc.a(_fpcmp_parts_sf.o)
                0x0000000006019758                __fpcmp_parts_f
 .text          0x0000000006019824       0x24 C:/Saturn~1/SH_ELF/sh-elf/bin/../lib/gcc/sh-elf/3.4-GNUSH_v0501\libgcc.a(_make_sf.o)
                0x0000000006019824                __make_fp
 .text          0x0000000006019848      0x204 C:/Saturn~1/SH_ELF/sh-elf/bin/../lib/gcc/sh-elf/3.4-GNUSH_v0501\libgcc.a(_pack_df.o)
                0x0000000006019848                __pack_d
 .text          0x0000000006019a4c      0x108 C:/Saturn~1/SH_ELF/sh-elf/bin/../lib/gcc/sh-elf/3.4-GNUSH_v0501\libgcc.a(_unpack_df.o)
                0x0000000006019a4c                __unpack_d
 .text          0x0000000006019b54       0x22 C:/Saturn~1/SH_ELF/sh-elf/bin/../lib/gcc/sh-elf/3.4-GNUSH_v0501\libgcc.a(_mulsi3.o)
                0x0000000006019b54                __mulsi3
 *fill*         0x0000000006019b76 0x6019b7600000002 00
 .text          0x0000000006019b78       0x80 C:/Saturn~1/SH_ELF/sh-elf/bin/../lib/gcc/sh-elf/3.4-GNUSH_v0501\libgcc.a(_ashldi3.o)
                0x0000000006019b78                __ashldi3
 .text          0x0000000006019bf8       0x60 C:/Saturn~1/SH_ELF/sh-elf/bin/../lib/gcc/sh-elf/3.4-GNUSH_v0501/../../../../sh-elf/lib\libc.a(memcmp.o)
                0x0000000006019bf8                memcmp
 .text          0x0000000006019c58       0x94 C:/Saturn~1/SH_ELF/sh-elf/bin/../lib/gcc/sh-elf/3.4-GNUSH_v0501/../../../../sh-elf/lib\libc.a(memcpy.o)
                0x0000000006019c58                memcpy
 .text          0x0000000006019cec       0x40 C:/Saturn~1/SH_ELF/sh-elf/bin/../lib/gcc/sh-elf/3.4-GNUSH_v0501/../../../../sh-elf/lib\libc.a(memset.o)
                0x0000000006019cec                memset
 .text          0x0000000006019d2c       0xac C:/Saturn~1/SH_ELF/sh-elf/bin/../lib/gcc/sh-elf/3.4-GNUSH_v0501/../../../../sh-elf/lib\libc.a(strncmp.o)
                0x0000000006019d2c                strncmp
 .text          0x0000000006019dd8       0x94 C:/Saturn~1/SH_ELF/sh-elf/bin/../lib/gcc/sh-elf/3.4-GNUSH_v0501/../../../../sh-elf/lib\libc.a(strncpy.o)
                0x0000000006019dd8                strncpy
 .text          0x0000000006019e6c       0x94 C:/Saturn~1/SH_ELF/sh-elf/bin/../lib/gcc/sh-elf/3.4-GNUSH_v0501/../../../../sh-elf/lib\libc.a(vsprintf.o)
                0x0000000006019e6c                vsprintf
                0x0000000006019ebc                _vsprintf_r
 .text          0x0000000006019f00     0x19f4 C:/Saturn~1/SH_ELF/sh-elf/bin/../lib/gcc/sh-elf/3.4-GNUSH_v0501/../../../../sh-elf/lib\libc.a(vfprintf.o)
                0x0000000006019f3c                _vfprintf_r
                0x000000000601b8d0                vfprintf
 .text          0x000000000601b8f4       0x78 C:/Saturn~1/SH_ELF/sh-elf/bin/../lib/gcc/sh-elf/3.4-GNUSH_v0501/../../../../sh-elf/lib\libc.a(wcrtomb.o)
                0x000000000601b8f4                _wcrtomb_r
                0x000000000601b948                wcrtomb
 .text          0x000000000601b96c      0x11c C:/Saturn~1/SH_ELF/sh-elf/bin/../lib/gcc/sh-elf/3.4-GNUSH_v0501/../../../../sh-elf/lib\libc.a(wcsrtombs.o)
                0x000000000601b96c                _wcsrtombs_r
                0x000000000601ba58                wcsrtombs
 .text          0x000000000601ba88      0x414 C:/Saturn~1/SH_ELF/sh-elf/bin/../lib/gcc/sh-elf/3.4-GNUSH_v0501/../../../../sh-elf/lib\libc.a(wctomb_r.o)
                0x000000000601ba88                _wctomb_r
 .text          0x000000000601be9c       0xf8 C:/Saturn~1/SH_ELF/sh-elf/bin/../lib/gcc/sh-elf/3.4-GNUSH_v0501/../../../../sh-elf/lib\libc.a(wsetup.o)
                0x000000000601be9c                __swsetup
 .text          0x000000000601bf94     0x1288 C:/Saturn~1/SH_ELF/sh-elf/bin/../lib/gcc/sh-elf/3.4-GNUSH_v0501/../../../../sh-elf/lib\libc.a(dtoa.o)
                0x000000000601c130                _dtoa_r
 .text          0x000000000601d21c       0xc4 C:/Saturn~1/SH_ELF/sh-elf/bin/../lib/gcc/sh-elf/3.4-GNUSH_v0501/../../../../sh-elf/lib\libc.a(fflush.o)
                0x000000000601d21c                fflush
 .text          0x000000000601d2e0      0x250 C:/Saturn~1/SH_ELF/sh-elf/bin/../lib/gcc/sh-elf/3.4-GNUSH_v0501/../../../../sh-elf/lib\libc.a(findfp.o)
                0x000000000601d3f4                __sfp
                0x000000000601d37c                __sfp_lock_acquire
                0x000000000601d510                __fp_unlock_all
                0x000000000601d3e8                __sfp_lock_release
                0x000000000601d388                __sinit
                0x000000000601d4c0                _cleanup
                0x000000000601d4f0                __fp_lock_all
                0x000000000601d4a8                _cleanup_r
                0x000000000601d324                __sfmoreglue
 .text          0x000000000601d530      0x334 C:/Saturn~1/SH_ELF/sh-elf/bin/../lib/gcc/sh-elf/3.4-GNUSH_v0501/../../../../sh-elf/lib\libc.a(freer.o)
                0x000000000601d530                _malloc_trim_r
                0x000000000601d624                _free_r
 .text          0x000000000601d864      0x2d4 C:/Saturn~1/SH_ELF/sh-elf/bin/../lib/gcc/sh-elf/3.4-GNUSH_v0501/../../../../sh-elf/lib\libc.a(fvwrite.o)
                0x000000000601d864                __sfvwrite
 .text          0x000000000601db38      0x190 C:/Saturn~1/SH_ELF/sh-elf/bin/../lib/gcc/sh-elf/3.4-GNUSH_v0501/../../../../sh-elf/lib\libc.a(fwalk.o)
                0x000000000601dc6c                _fwalk_reent
                0x000000000601dc10                _fwalk
 .text          0x000000000601dcc8       0xb8 C:/Saturn~1/SH_ELF/sh-elf/bin/../lib/gcc/sh-elf/3.4-GNUSH_v0501/../../../../sh-elf/lib\libc.a(locale.o)
                0x000000000601dd48                setlocale
                0x000000000601dcc8                _setlocale_r
                0x000000000601dd24                __locale_charset
                0x000000000601dd68                localeconv
                0x000000000601dd38                _localeconv_r
 .text          0x000000000601dd80      0x128 C:/Saturn~1/SH_ELF/sh-elf/bin/../lib/gcc/sh-elf/3.4-GNUSH_v0501/../../../../sh-elf/lib\libc.a(makebuf.o)
                0x000000000601dd80                __smakebuf
 .text          0x000000000601dea8      0x5b0 C:/Saturn~1/SH_ELF/sh-elf/bin/../lib/gcc/sh-elf/3.4-GNUSH_v0501/../../../../sh-elf/lib\libc.a(mallocr.o)
                0x000000000601dea8                _malloc_r
 .text          0x000000000601e458       0xb0 C:/Saturn~1/SH_ELF/sh-elf/bin/../lib/gcc/sh-elf/3.4-GNUSH_v0501/../../../../sh-elf/lib\libc.a(memchr.o)
                0x000000000601e458                memchr
 .text          0x000000000601e508       0xa0 C:/Saturn~1/SH_ELF/sh-elf/bin/../lib/gcc/sh-elf/3.4-GNUSH_v0501/../../../../sh-elf/lib\libc.a(memmove.o)
                0x000000000601e508                memmove
 .text          0x000000000601e5a8       0x18 C:/Saturn~1/SH_ELF/sh-elf/bin/../lib/gcc/sh-elf/3.4-GNUSH_v0501/../../../../sh-elf/lib\libc.a(mlock.o)
                0x000000000601e5a8                __malloc_lock
                0x000000000601e5b4                __malloc_unlock
 .text          0x000000000601e5c0      0xbe0 C:/Saturn~1/SH_ELF/sh-elf/bin/../lib/gcc/sh-elf/3.4-GNUSH_v0501/../../../../sh-elf/lib\libc.a(mprec.o)
                0x000000000601ec5c                __mcmp
                0x000000000601f0a4                _ratio
                0x000000000601e8e8                _i2b
                0x000000000601ee40                _b2d
                0x000000000601e744                _s2b
                0x000000000601e7fc                _hi0bits
                0x000000000601ea90                _pow5mult
                0x000000000601eca0                __mdiff
                0x000000000601eb6c                _lshift
                0x000000000601e90c                _multiply
                0x000000000601ef68                _d2b
                0x000000000601e5c0                _Balloc
                0x000000000601f138                _mprec_log10
                0x000000000601edb8                _ulp
                0x000000000601e658                _Bfree
                0x000000000601e85c                _lo0bits
                0x000000000601e678                _multadd
 .text          0x000000000601f1a0      0x3d4 C:/Saturn~1/SH_ELF/sh-elf/bin/../lib/gcc/sh-elf/3.4-GNUSH_v0501/../../../../sh-elf/lib\libc.a(reallocr.o)
                0x000000000601f1a0                _realloc_r
 .text          0x000000000601f574       0x44 C:/Saturn~1/SH_ELF/sh-elf/bin/../lib/gcc/sh-elf/3.4-GNUSH_v0501/../../../../sh-elf/lib\libc.a(sbrkr.o)
                0x000000000601f574                _sbrk_r
 .text          0x000000000601f5b8       0x38 C:/Saturn~1/SH_ELF/sh-elf/bin/../lib/gcc/sh-elf/3.4-GNUSH_v0501/../../../../sh-elf/lib\libc.a(s_isinf.o)
                0x000000000601f5b8                isinf
 .text          0x000000000601f5f0       0x38 C:/Saturn~1/SH_ELF/sh-elf/bin/../lib/gcc/sh-elf/3.4-GNUSH_v0501/../../../../sh-elf/lib\libc.a(s_isnan.o)
                0x000000000601f5f0                isnan
 .text          0x000000000601f628      0x164 C:/Saturn~1/SH_ELF/sh-elf/bin/../lib/gcc/sh-elf/3.4-GNUSH_v0501/../../../../sh-elf/lib\libc.a(stdio.o)
                0x000000000601f680                __swrite
                0x000000000601f76c                __sclose
                0x000000000601f628                __sread
                0x000000000601f70c                __sseek
 .text          0x000000000601f78c       0x30 C:/Saturn~1/SH_ELF/sh-elf/bin/../lib/gcc/sh-elf/3.4-GNUSH_v0501/../../../../sh-elf/lib\libc.a(strcmp.o)
                0x000000000601f78c                strcmp
 .text          0x000000000601f7bc       0x20 C:/Saturn~1/SH_ELF/sh-elf/bin/../lib/gcc/sh-elf/3.4-GNUSH_v0501/../../../../sh-elf/lib\libc.a(strlen.o)
                0x000000000601f7bc                strlen
 .text          0x000000000601f7dc      0x360 C:/Saturn~1/SH_ELF/sh-elf/bin/../lib/gcc/sh-elf/3.4-GNUSH_v0501/../../../../sh-elf/lib\libc.a(syscalls.o)
                0x000000000601f92c                _exit
                0x000000000601f960                _getpid
                0x000000000601f9c8                _utime
                0x000000000601f814                _write
                0x000000000601f7dc                _read
                0x000000000601f914                _unlink
                0x000000000601f8dc                _open
                0x000000000601f978                _stat
                0x000000000601f920                isatty
                0x000000000601f9f8                _wait
                0x000000000601f944                _kill
                0x000000000601f994                _chmod
                0x000000000601fa28                _execv
                0x000000000601fa0c                _execve
                0x000000000601fb04                __setup_argv_and_call_main
                0x000000000601fa60                _gettimeofday
                0x000000000601f848                _link
                0x000000000601f96c                _raise
                0x000000000601f8f8                _creat
                0x000000000601fa40                _pipe
                0x000000000601f9ac                _chown
                0x000000000601f7f8                _lseek
                0x000000000601f830                _close
                0x000000000601fa54                _times
                0x000000000601f8c8                _fstat
                0x000000000601f9e4                _fork
                0x000000000601f854                _sbrk
 .text          0x000000000601fb3c       0x14 C:/Saturn~1/SH_ELF/sh-elf/bin/../lib/gcc/sh-elf/3.4-GNUSH_v0501/../../../../sh-elf/lib\libc.a(trap.o)
                0x000000000601fb3c                __trap34
 .text          0x000000000601fb50       0x48 C:/Saturn~1/SH_ELF/sh-elf/bin/../lib/gcc/sh-elf/3.4-GNUSH_v0501/../../../../sh-elf/lib\libc.a(writer.o)
                0x000000000601fb50                _write_r
 .text          0x000000000601fb98       0x1c C:/Saturn~1/SH_ELF/sh-elf/bin/../lib/gcc/sh-elf/3.4-GNUSH_v0501/../../../../sh-elf/lib\libc.a(abort.o)
                0x000000000601fb98                abort
 .text          0x000000000601fbb4       0x90 C:/Saturn~1/SH_ELF/sh-elf/bin/../lib/gcc/sh-elf/3.4-GNUSH_v0501/../../../../sh-elf/lib\libc.a(callocr.o)
                0x000000000601fbb4                _calloc_r
 .text          0x000000000601fc44       0x44 C:/Saturn~1/SH_ELF/sh-elf/bin/../lib/gcc/sh-elf/3.4-GNUSH_v0501/../../../../sh-elf/lib\libc.a(closer.o)
                0x000000000601fc44                _close_r
 .text          0x000000000601fc88      0x130 C:/Saturn~1/SH_ELF/sh-elf/bin/../lib/gcc/sh-elf/3.4-GNUSH_v0501/../../../../sh-elf/lib\libc.a(fclose.o)
                0x000000000601fc88                _fclose_r
                0x000000000601fd9c                fclose
 .text          0x000000000601fdb8       0x48 C:/Saturn~1/SH_ELF/sh-elf/bin/../lib/gcc/sh-elf/3.4-GNUSH_v0501/../../../../sh-elf/lib\libc.a(fstatr.o)
                0x000000000601fdb8                _fstat_r
 .text          0x000000000601fe00       0x48 C:/Saturn~1/SH_ELF/sh-elf/bin/../lib/gcc/sh-elf/3.4-GNUSH_v0501/../../../../sh-elf/lib\libc.a(lseekr.o)
                0x000000000601fe00                _lseek_r
 .text          0x000000000601fe48       0x48 C:/Saturn~1/SH_ELF/sh-elf/bin/../lib/gcc/sh-elf/3.4-GNUSH_v0501/../../../../sh-elf/lib\libc.a(readr.o)
                0x000000000601fe48                _read_r
 .text          0x000000000601fe90      0x264 C:/Saturn~1/SH_ELF/sh-elf/bin/../lib/gcc/sh-elf/3.4-GNUSH_v0501/../../../../sh-elf/lib\libc.a(signal.o)
                0x000000000601ff50                _raise_r
                0x00000000060200d8                __sigtramp
                0x0000000006020084                raise
                0x00000000060200c0                _init_signal
                0x0000000006020010                __sigtramp_r
                0x00000000060200a0                signal
                0x000000000601fedc                _signal_r
                0x000000000601fe90                _init_signal_r
 .text          0x00000000060200f4       0x58 C:/Saturn~1/SH_ELF/sh-elf/bin/../lib/gcc/sh-elf/3.4-GNUSH_v0501/../../../../sh-elf/lib\libc.a(signalr.o)
                0x000000000602013c                _getpid_r
                0x00000000060200f4                _kill_r
 .text          0x000000000602014c       0x84 C:/Saturn~1/SH_ELF/sh-elf/bin/../lib/gcc/sh-elf/3.4-GNUSH_v0501\libgcc.a(_ashiftrt_n.o)
                0x000000000602014c                __ashrsi3
 .text          0x00000000060201d0      0x538 C:/Saturn~1/SH_ELF/sh-elf/bin/../lib/gcc/sh-elf/3.4-GNUSH_v0501\libgcc.a(_udivdi3.o)
                0x00000000060201d0                __udivdi3
 .text          0x0000000006020708      0x56c C:/Saturn~1/SH_ELF/sh-elf/bin/../lib/gcc/sh-elf/3.4-GNUSH_v0501\libgcc.a(_umoddi3.o)
                0x0000000006020708                __umoddi3
 .text          0x0000000006020c74      0x2ec C:/Saturn~1/SH_ELF/sh-elf/bin/../lib/gcc/sh-elf/3.4-GNUSH_v0501\libgcc.a(_addsub_df.o)
                0x0000000006020efc                __subdf3
                0x0000000006020e9c                __adddf3
 .text          0x0000000006020f60       0x68 C:/Saturn~1/SH_ELF/sh-elf/bin/../lib/gcc/sh-elf/3.4-GNUSH_v0501\libgcc.a(_eq_df.o)
                0x0000000006020f60                __eqdf2
 .text          0x0000000006020fc8       0x68 C:/Saturn~1/SH_ELF/sh-elf/bin/../lib/gcc/sh-elf/3.4-GNUSH_v0501\libgcc.a(_ne_df.o)
                0x0000000006020fc8                __nedf2
 .text          0x0000000006021030       0x68 C:/Saturn~1/SH_ELF/sh-elf/bin/../lib/gcc/sh-elf/3.4-GNUSH_v0501\libgcc.a(_gt_df.o)
                0x0000000006021030                __gtdf2
 .text          0x0000000006021098       0x68 C:/Saturn~1/SH_ELF/sh-elf/bin/../lib/gcc/sh-elf/3.4-GNUSH_v0501\libgcc.a(_ge_df.o)
                0x0000000006021098                __gedf2
 .text          0x0000000006021100       0x68 C:/Saturn~1/SH_ELF/sh-elf/bin/../lib/gcc/sh-elf/3.4-GNUSH_v0501\libgcc.a(_lt_df.o)
                0x0000000006021100                __ltdf2
 .text          0x0000000006021168       0xec C:/Saturn~1/SH_ELF/sh-elf/bin/../lib/gcc/sh-elf/3.4-GNUSH_v0501\libgcc.a(_fpcmp_parts_df.o)
                0x0000000006021168                __fpcmp_parts_d
 *(.strings)

.rodata         0x0000000006021260      0x380
 *(.rodata)
 .rodata        0x0000000006021260        0xc datasbin.o
 .rodata        0x000000000602126c       0x90 main.o
 .rodata        0x00000000060212fc       0x10 C:/Saturn~1/SH_ELF/sh-elf/bin/../lib/gcc/sh-elf/3.4-GNUSH_v0501\libgcc.a(_thenan_sf.o)
                0x00000000060212fc                __thenan_sf
 .rodata        0x000000000602130c       0x10 C:/Saturn~1/SH_ELF/sh-elf/bin/../lib/gcc/sh-elf/3.4-GNUSH_v0501\libgcc.a(_mul_df.o)
 .rodata        0x000000000602131c        0x8 C:/Saturn~1/SH_ELF/sh-elf/bin/../lib/gcc/sh-elf/3.4-GNUSH_v0501\libgcc.a(_div_df.o)
 .rodata        0x0000000006021324       0x14 C:/Saturn~1/SH_ELF/sh-elf/bin/../lib/gcc/sh-elf/3.4-GNUSH_v0501\libgcc.a(_thenan_df.o)
                0x0000000006021324                __thenan_df
 .rodata        0x0000000006021338       0x10 C:/Saturn~1/SH_ELF/sh-elf/bin/../lib/gcc/sh-elf/3.4-GNUSH_v0501\libgcc.a(_pack_df.o)
 .rodata        0x0000000006021348       0x10 C:/Saturn~1/SH_ELF/sh-elf/bin/../lib/gcc/sh-elf/3.4-GNUSH_v0501\libgcc.a(_unpack_df.o)
 .rodata        0x0000000006021358        0x4 C:/Saturn~1/SH_ELF/sh-elf/bin/../lib/gcc/sh-elf/3.4-GNUSH_v0501/../../../../sh-elf/lib\libc.a(impure.o)
                0x0000000006021358                _global_impure_ptr
 .rodata        0x000000000602135c       0x28 C:/Saturn~1/SH_ELF/sh-elf/bin/../lib/gcc/sh-elf/3.4-GNUSH_v0501/../../../../sh-elf/lib\libc.a(vfprintf.o)
 .rodata        0x0000000006021384        0x8 C:/Saturn~1/SH_ELF/sh-elf/bin/../lib/gcc/sh-elf/3.4-GNUSH_v0501/../../../../sh-elf/lib\libc.a(dtoa.o)
 .rodata        0x000000000602138c       0x30 C:/Saturn~1/SH_ELF/sh-elf/bin/../lib/gcc/sh-elf/3.4-GNUSH_v0501/../../../../sh-elf/lib\libc.a(locale.o)
 .rodata        0x00000000060213bc      0x124 C:/Saturn~1/SH_ELF/sh-elf/bin/../lib/gcc/sh-elf/3.4-GNUSH_v0501/../../../../sh-elf/lib\libc.a(mprec.o)
                0x00000000060213bc                __mprec_tinytens
                0x00000000060213e4                __mprec_bigtens
                0x000000000602140c                __mprec_tens
 .rodata        0x00000000060214e0      0x100 C:/Saturn~1/SH_ELF/sh-elf/bin/../lib/gcc/sh-elf/3.4-GNUSH_v0501\libgcc.a(_clz.o)
                0x00000000060214e0                __clz_tab

.rodata.str1.4  0x00000000060215e0       0xd0
 .rodata.str1.4
                0x00000000060215e0        0x4 C:/Saturn~1/SH_ELF/sh-elf/bin/../lib/gcc/sh-elf/3.4-GNUSH_v0501/../../../../sh-elf/lib\libc.a(impure.o)
 .rodata.str1.4
                0x00000000060215e4       0x5c C:/Saturn~1/SH_ELF/sh-elf/bin/../lib/gcc/sh-elf/3.4-GNUSH_v0501/../../../../sh-elf/lib\libc.a(vfprintf.o)
 .rodata.str1.4
                0x0000000006021640       0x20 C:/Saturn~1/SH_ELF/sh-elf/bin/../lib/gcc/sh-elf/3.4-GNUSH_v0501/../../../../sh-elf/lib\libc.a(wctomb_r.o)
 .rodata.str1.4
                0x0000000006021660       0x14 C:/Saturn~1/SH_ELF/sh-elf/bin/../lib/gcc/sh-elf/3.4-GNUSH_v0501/../../../../sh-elf/lib\libc.a(dtoa.o)
 .rodata.str1.4
                0x0000000006021674       0x18 C:/Saturn~1/SH_ELF/sh-elf/bin/../lib/gcc/sh-elf/3.4-GNUSH_v0501/../../../../sh-elf/lib\libc.a(locale.o)
 .rodata.str1.4
                0x000000000602168c       0x1c C:/Saturn~1/SH_ELF/sh-elf/bin/../lib/gcc/sh-elf/3.4-GNUSH_v0501/../../../../sh-elf/lib\libc.a(syscalls.o)

.eh_frame       0x00000000060216b0       0xb0
 .eh_frame      0x00000000060216b0       0x54 C:/Saturn~1/SH_ELF/sh-elf/bin/../lib/gcc/sh-elf/3.4-GNUSH_v0501\libgcc.a(_udivdi3.o)
 .eh_frame      0x0000000006021704       0x54 C:/Saturn~1/SH_ELF/sh-elf/bin/../lib/gcc/sh-elf/3.4-GNUSH_v0501\libgcc.a(_umoddi3.o)

.tors           0x0000000006021760        0x0
                0x0000000006021760                ___ctors = .
 *(.ctors)
                0x0000000006021760                ___ctors_end = .
                0x0000000006021760                ___dtors = .
 *(.dtors)
                0x0000000006021760                ___dtors_end = .

.data           0x0000000006021760     0x1630
                0x0000000006021760                STARTOF_R = .
 *(.data)
 .data          0x0000000006021760      0x400 C:/SaturnOrbit/SBL_601/segasmp/per/smpclib/per_x1.o
 .data          0x0000000006021b60        0x8 datasbin.o
                0x0000000006021b60                dbheader
                0x0000000006021b64                dbmap
 .data          0x0000000006021b68        0x8 sprites.o
                0x0000000006021b68                mastersprites
                0x0000000006021b6c                spritecache
 .data          0x0000000006021b70       0x70 main.o
                0x0000000006021b70                CycleTb
 .data          0x0000000006021be0      0x400 C:/SaturnOrbit/SBL_601/segalib/lib_elf/sega_int.a(int.o)
 .data          0x0000000006021fe0       0x20 C:/SaturnOrbit/SBL_601/segalib/lib_elf/sega_spr.a(spr_1c.o)
 .data          0x0000000006022000       0x10 C:/SaturnOrbit/SBL_601/segalib/lib_elf/sega_scl.a(scl_vblv.o)
                0x0000000006022000                VBInterval
                0x0000000006022004                SpFrameEraseMode
 .data          0x0000000006022010       0x30 C:/SaturnOrbit/SBL_601/segalib/lib_elf/sega_scl.a(scl_func.o)
                0x0000000006022014                SclRotregBuff
                0x0000000006022018                SclDisplayY
                0x0000000006022010                SclRotateTableMode
                0x000000000602201a                SclDisplayX
 .data          0x0000000006022040       0x20 C:/SaturnOrbit/SBL_601/segalib/lib_elf/sega_scl.a(scl_pri.o)
                0x0000000006022050                SclRealSpPriNum
                0x0000000006022040                SclRealColOffset
                0x0000000006022044                SclRealBgColMix
                0x0000000006022048                SclRealSpColMix
                0x000000000602204c                SclRealBgPriNum
                0x0000000006022054                SclRealOtherPri
 .data          0x0000000006022060      0x3c0 C:/SaturnOrbit/SBL_601/segalib/lib_elf/sega_sat.a(dbg_disp.o)
 .data          0x0000000006022420      0x1c0 C:/SaturnOrbit/SBL_601/segalib/lib_elf/sega_sat.a(dbg_moni.o)
 .data          0x00000000060225e0      0x380 C:/Saturn~1/SH_ELF/sh-elf/bin/../lib/gcc/sh-elf/3.4-GNUSH_v0501/../../../../sh-elf/lib\libc.a(impure.o)
                0x000000000602295c                _impure_ptr
 .data          0x0000000006022960       0x14 C:/Saturn~1/SH_ELF/sh-elf/bin/../lib/gcc/sh-elf/3.4-GNUSH_v0501/../../../../sh-elf/lib\libc.a(locale.o)
                0x000000000602296c                __mb_cur_max
                0x0000000006022960                __lc_ctype
 .data          0x0000000006022974      0x410 C:/Saturn~1/SH_ELF/sh-elf/bin/../lib/gcc/sh-elf/3.4-GNUSH_v0501/../../../../sh-elf/lib\libc.a(mallocr.o)
                0x000000000602297c                __malloc_av_
                0x0000000006022978                __malloc_trim_threshold
                0x0000000006022974                __malloc_sbrk_base
                0x0000000006022d84                SIZEOF_R = (. - STARTOF_R)
                0x0000000006022d84                ENDOF_R = .

.bss            0x0000000006022d90     0x638c
                0x0000000006022d90                STARTOF_B = .
 *(.bss)
 .bss           0x0000000006022d90       0x10 C:/SaturnOrbit/SBL_601/segasmp/v_blank/v_blank.o
                0x0000000006022d96                PadData2E
                0x0000000006022d90                PadData1
                0x0000000006022d94                PadData2
                0x0000000006022d98                VBLANK_CNT
                0x0000000006022d92                PadData1E
                0x0000000006022d9c                __port
 .bss           0x0000000006022da0       0xc8 C:/SaturnOrbit/SBL_601/segasmp/per/smpclib/per_x2.o
 .bss           0x0000000006022e68        0xc main.o
                0x0000000006022e6c                console_line
                0x0000000006022e70                console_col
                0x0000000006022e68                dbg_on
 *fill*         0x0000000006022e74 0x6022e740000000c 00
 .bss           0x0000000006022e80       0x20 C:/SaturnOrbit/SBL_601/segalib/lib_elf/sega_spr.a(spr_1c.o)
                0x0000000006022e80                SpInitialFlag
 .bss           0x0000000006022ea0       0x20 C:/SaturnOrbit/SBL_601/segalib/lib_elf/sega_scl.a(scl_vblv.o)
                0x0000000006022ea0                ReqDisplayFlag
                0x0000000006022ea8                SpFrameChgMode
                0x0000000006022ea4                VBIntervalCounter
 .bss           0x0000000006022ec0       0x20 C:/SaturnOrbit/SBL_601/segalib/lib_elf/sega_scl.a(scl_func.o)
                0x0000000006022ec0                SclProcess
                0x0000000006022ec4                SclCurSclNum
                0x0000000006022eca                SclLengthLsTbl
                0x0000000006022ec8                SclLengthCsTbl
 .bss           0x0000000006022ee0       0x50 C:/SaturnOrbit/SBL_601/segalib/lib_elf/sega_scl.a(scl_ro00.o)
 .bss           0x0000000006022f30       0x9c C:/SaturnOrbit/SBL_601/segalib/lib_elf/sega_per.a(per_prt.o)
 *fill*         0x0000000006022fcc 0x6022fcc00000004 00
 .bss           0x0000000006022fd0     0x27f0 C:/SaturnOrbit/SBL_601/segalib/lib_elf/sega_sat.a(dbg_disp.o)
 .bss           0x00000000060257c0       0x10 C:/SaturnOrbit/SBL_601/segalib/lib_elf/sega_sat.a(gfs_trn.o)
 .bss           0x00000000060257d0       0x20 C:/SaturnOrbit/SBL_601/segalib/lib_elf/sega_sat.a(dma_scu0.o)
 .bss           0x00000000060257f0       0x10 C:/SaturnOrbit/SBL_601/segalib/lib_elf/sega_sat.a(dbg_moni.o)
                0x00000000060257f4                DbgRegAreaP
                0x00000000060257f0                DbgIntrKind
 .bss           0x0000000006025800        0xc C:/Saturn~1/SH_ELF/sh-elf/bin/../lib/gcc/sh-elf/3.4-GNUSH_v0501/../../../../sh-elf/lib\libc.a(locale.o)
                0x0000000006025804                __mlocale_changed
                0x0000000006025800                _PathLocale
                0x0000000006025808                __nlocale_changed
 .bss           0x000000000602580c       0x34 C:/Saturn~1/SH_ELF/sh-elf/bin/../lib/gcc/sh-elf/3.4-GNUSH_v0501/../../../../sh-elf/lib\libc.a(mallocr.o)
                0x000000000602583c                __malloc_top_pad
                0x000000000602580c                __malloc_current_mallinfo
                0x0000000006025838                __malloc_max_sbrked_mem
                0x0000000006025834                __malloc_max_total_mem
 .bss           0x0000000006025840        0x4 C:/Saturn~1/SH_ELF/sh-elf/bin/../lib/gcc/sh-elf/3.4-GNUSH_v0501/../../../../sh-elf/lib\libc.a(syscalls.o)
 *(COMMON)
 COMMON         0x0000000006025844     0x1e74 filesystem.o
                                          0x0 (size before relaxing)
                0x0000000006025844                dirname
                0x00000000060261a4                buff
                0x00000000060269a4                dirtbl
                0x00000000060269b0                lib_work
 COMMON         0x00000000060276b8       0x10 sprites.o
                                          0x0 (size before relaxing)
                0x00000000060276b8                VRAM
                0x00000000060276bc                totalloadedsprites
                0x00000000060276c0                nextvramaddr
                0x00000000060276c4                spritesheetimagedata
 COMMON         0x00000000060276c8       0x1c main.o
                                          0x0 (size before relaxing)
                0x00000000060276c8                spritedex
                0x00000000060276cc                elapsedticks
                0x00000000060276ce                lasttick
                0x00000000060276d0                currenttick
                0x00000000060276d2                start
                0x00000000060276e0                spr_cmds
 *fill*         0x00000000060276e4 0x60276e40000000c 00
 COMMON         0x00000000060276f0      0x400 C:/SaturnOrbit/SBL_601/segalib/lib_elf/sega_int.a(int.o)
                                          0x0 (size before relaxing)
                0x00000000060276f0                __interrupt_vector
 COMMON         0x0000000006027af0       0x10 C:/SaturnOrbit/SBL_601/segalib/lib_elf/sega_spr.a(spr_1c.o)
                                          0x0 (size before relaxing)
                0x0000000006027af0                SpScreenY
                0x0000000006027af4                SpFbcrMode
                0x0000000006027af6                SpDil
                0x0000000006027af8                SpDie
                0x0000000006027afa                SpTvMode
                0x0000000006027afc                SpScreenX
 COMMON         0x0000000006027b00      0xf00 C:/SaturnOrbit/SBL_601/segalib/lib_elf/sega_scl.a(scl_func.o)
                                          0x0 (size before relaxing)
                0x0000000006027b00                SclRbgKtbAddr
                0x0000000006027b08                SclRb
                0x0000000006027b0a                Scl_flag
                0x0000000006027b10                SclK_TableBuff
                0x00000000060287e0                SclAddrCsTbl
                0x00000000060287f0                Scl_s_reg
                0x0000000006028818                SclRotateXy
                0x0000000006028820                Scl_d_reg
                0x0000000006028868                SclRotateDisp
                0x0000000006028870                SclRotateMoveZ
                0x0000000006028878                SclRotXySw
                0x0000000006028880                Scl_r_reg
                0x0000000006028890                SclRPMD
                0x0000000006028898                SclRbgKtbOffset
                0x00000000060288a0                _SclRotregBuff
                0x0000000006028970                SclRa
                0x0000000006028978                SclRotateZ
                0x0000000006028980                SclAddrLsTbl
                0x0000000006028988                SclK_TableNum
                0x0000000006028990                SclRotateTableAddress
                0x0000000006028994                SclK_TableFlag
                0x00000000060289a0                Scl_w_reg
                0x00000000060289c0                Scl_n_reg
 COMMON         0x0000000006028a00      0x6b0 C:/SaturnOrbit/SBL_601/segalib/lib_elf/sega_scl.a(scl_pri.o)
                                          0x0 (size before relaxing)
                0x0000000006028a00                SclAutoEndBlue2
                0x0000000006028a10                SclColOffset
                0x0000000006028a20                SclPriBuffDirty
                0x0000000006028a22                SclAutoEndRed
                0x0000000006028a24                SclAutoSurface
                0x0000000006028a28                SclAutoGreen
                0x0000000006028a2a                SclAutoEndGreen
                0x0000000006028a2c                SclAutoCount
                0x0000000006028a30                SclColRamAlloc256
                0x0000000006028a50                SclAutoCurRate
                0x0000000006028a51                SclAutoPlusFlag
                0x0000000006028a58                SclSpColMix
                0x0000000006028a60                SclAutoMax
                0x0000000006028a64                SclLineColRamOffset
                0x0000000006028a68                SclColRamAlloc2048
                0x0000000006028a6c                SclBgPriNum
                0x0000000006028a72                SclAutoEndBlue
                0x0000000006028a74                SclAutoEndGreen2
                0x0000000006028a76                SclAutoVeFlag
                0x0000000006028a78                SclBgColMix
                0x0000000006028a80                SclAutoIndex
                0x0000000006028a84                SclAutoEndRate
                0x0000000006028a86                SclAutoBlue
                0x0000000006028a88                SclAutoRed
                0x0000000006028a8c                SclAutoInterval
                0x0000000006028a90                SclOtherPri
                0x0000000006028aa0                SclAutoRGB
                0x00000000060290a0                SclAutoEndRed2
                0x00000000060290a8                SclSpPriNum
 COMMON         0x00000000060290b0       0x10 C:/SaturnOrbit/SBL_601/segalib/lib_elf/sega_scl.a(scl_ro00.o)
                                          0x0 (size before relaxing)
                0x00000000060290b0                SclCsx
                0x00000000060290b8                SclCsy
 COMMON         0x00000000060290c0       0x15 C:/SaturnOrbit/SBL_601/segalib/lib_elf/sega_per.a(per_prt.o)
                                          0x0 (size before relaxing)
                0x00000000060290c0                per_get_time_flg
                0x00000000060290c1                per_hot_res
                0x00000000060290c2                per_set_sys_flg
                0x00000000060290c4                per_get_time_adr
                0x00000000060290c8                per_get_sys_data
                0x00000000060290d4                per_time_out_flg
 *fill*         0x00000000060290d5 0x60290d50000000b 00
 COMMON         0x00000000060290e0        0xc C:/SaturnOrbit/SBL_601/segalib/lib_elf/sega_sat.a(gfs.o)
                                          0x0 (size before relaxing)
                0x00000000060290e0                GFMC_base
                0x00000000060290e4                gfs_mng_ptr
                0x00000000060290e8                gfs_use_scudma
 *fill*         0x00000000060290ec 0x60290ec00000004 00
 COMMON         0x00000000060290f0        0x4 C:/SaturnOrbit/SBL_601/segalib/lib_elf/sega_sat.a(dbg_disp.o)
                                          0x0 (size before relaxing)
                0x00000000060290f0                DBG_DelayCount
 *fill*         0x00000000060290f4 0x60290f40000000c 00
 COMMON         0x0000000006029100        0xc C:/SaturnOrbit/SBL_601/segalib/lib_elf/sega_sat.a(gfs_cdc.o)
                                          0x0 (size before relaxing)
                0x0000000006029100                gfcd_fatal_err
                0x0000000006029104                gfcd_work
                0x0000000006029108                gfcd_playflag
 *fill*         0x000000000602910c 0x602910c00000004 00
 COMMON         0x0000000006029110        0x8 C:/SaturnOrbit/SBL_601/segalib/lib_elf/sega_sat.a(gfs_cdf.o)
                                          0x0 (size before relaxing)
                0x0000000006029110                gfcf_fad
                0x0000000006029114                gfcf_stat
 COMMON         0x0000000006029118        0x4 C:/Saturn~1/SH_ELF/sh-elf/bin/../lib/gcc/sh-elf/3.4-GNUSH_v0501/../../../../sh-elf/lib\libc.a(syscalls.o)
                                          0x0 (size before relaxing)
                0x0000000006029118                errno
                0x000000000602911c                SIZEOF_B = (. - STARTOF_B)
                0x000000000602911c                ENDOF_B = .
                0x000000000602911c                _end = .
OUTPUT(main_elf.cof coff-sh)

.debug_abbrev   0x0000000000000000      0xcf0
 .debug_abbrev  0x0000000000000000       0x81 C:/SaturnOrbit/SBL_601/segasmp/lib/strt2_g.o
 .debug_abbrev  0x0000000000000081       0x8d C:/SaturnOrbit/SBL_601/segasmp/v_blank/set_vb.o
 .debug_abbrev  0x000000000000010e       0xf3 C:/SaturnOrbit/SBL_601/segasmp/v_blank/v_blank.o
 .debug_abbrev  0x0000000000000201      0x1c4 C:/SaturnOrbit/SBL_601/segasmp/per/smpclib/per_x1.o
 .debug_abbrev  0x00000000000003c5      0x14b C:/SaturnOrbit/SBL_601/segasmp/per/smpclib/per_x2.o
 .debug_abbrev  0x0000000000000510      0x184 filesystem.o
 .debug_abbrev  0x0000000000000694      0x1e0 datasbin.o
 .debug_abbrev  0x0000000000000874      0x1d3 sprites.o
 .debug_abbrev  0x0000000000000a47        0x1 utilities.o
 .debug_abbrev  0x0000000000000a48      0x29f main.o

.debug_info     0x0000000000000000     0x64a0
 .debug_info    0x0000000000000000      0x17b C:/SaturnOrbit/SBL_601/segasmp/lib/strt2_g.o
 .debug_info    0x000000000000017b      0x1cc C:/SaturnOrbit/SBL_601/segasmp/v_blank/set_vb.o
 .debug_info    0x0000000000000347      0x37a C:/SaturnOrbit/SBL_601/segasmp/v_blank/v_blank.o
 .debug_info    0x00000000000006c1      0xa54 C:/SaturnOrbit/SBL_601/segasmp/per/smpclib/per_x1.o
 .debug_info    0x0000000000001115      0x48d C:/SaturnOrbit/SBL_601/segasmp/per/smpclib/per_x2.o
 .debug_info    0x00000000000015a2      0xaab filesystem.o
 .debug_info    0x000000000000204d     0x1889 datasbin.o
 .debug_info    0x00000000000038d6     0x1119 sprites.o
 .debug_info    0x00000000000049ef     0x1aa4 main.o

.debug_line     0x0000000000000000      0xb20
 .debug_line    0x0000000000000000       0x96 C:/SaturnOrbit/SBL_601/segasmp/lib/strt2_g.o
 .debug_line    0x0000000000000096       0xd8 C:/SaturnOrbit/SBL_601/segasmp/v_blank/set_vb.o
 .debug_line    0x000000000000016e      0x103 C:/SaturnOrbit/SBL_601/segasmp/v_blank/v_blank.o
 .debug_line    0x0000000000000271      0x16e C:/SaturnOrbit/SBL_601/segasmp/per/smpclib/per_x1.o
 .debug_line    0x00000000000003df       0xee C:/SaturnOrbit/SBL_601/segasmp/per/smpclib/per_x2.o
 .debug_line    0x00000000000004cd       0xb5 filesystem.o
 .debug_line    0x0000000000000582      0x1b7 datasbin.o
 .debug_line    0x0000000000000739      0x157 sprites.o
 .debug_line    0x0000000000000890      0x282 main.o

.debug_frame    0x0000000000000000      0x8d0
 .debug_frame   0x0000000000000000       0x54 C:/SaturnOrbit/SBL_601/segasmp/lib/strt2_g.o
 .debug_frame   0x0000000000000054       0x34 C:/SaturnOrbit/SBL_601/segasmp/v_blank/set_vb.o
 .debug_frame   0x0000000000000088       0x58 C:/SaturnOrbit/SBL_601/segasmp/v_blank/v_blank.o
 .debug_frame   0x00000000000000e0      0x21c C:/SaturnOrbit/SBL_601/segasmp/per/smpclib/per_x1.o
 .debug_frame   0x00000000000002fc       0xc0 C:/SaturnOrbit/SBL_601/segasmp/per/smpclib/per_x2.o
 .debug_frame   0x00000000000003bc      0x104 filesystem.o
 .debug_frame   0x00000000000004c0       0xa4 datasbin.o
 .debug_frame   0x0000000000000564      0x154 sprites.o
 .debug_frame   0x00000000000006b8      0x20c main.o

.debug_pubnames
                0x0000000000000000      0x540
 .debug_pubnames
                0x0000000000000000       0x29 C:/SaturnOrbit/SBL_601/segasmp/lib/strt2_g.o
 .debug_pubnames
                0x0000000000000029       0x20 C:/SaturnOrbit/SBL_601/segasmp/v_blank/set_vb.o
 .debug_pubnames
                0x0000000000000049       0x83 C:/SaturnOrbit/SBL_601/segasmp/v_blank/v_blank.o
 .debug_pubnames
                0x00000000000000cc       0xaa C:/SaturnOrbit/SBL_601/segasmp/per/smpclib/per_x1.o
 .debug_pubnames
                0x0000000000000176       0x59 C:/SaturnOrbit/SBL_601/segasmp/per/smpclib/per_x2.o
 .debug_pubnames
                0x00000000000001cf       0x9d filesystem.o
 .debug_pubnames
                0x000000000000026c       0x64 datasbin.o