Archive member included because of file (symbol)

C:/SaturnOrbit/SBL_601/segalib/lib_coff/sega_int.a(int.o)
                              C:/SaturnOrbit/SBL_601/segasmp/v_blank/set_vb.o (INT_SetScuFunc)
C:/SaturnOrbit/SBL_601/segalib/lib_coff/sega_int.a(int_trmp.o)
                              C:/SaturnOrbit/SBL_601/segalib/lib_coff/sega_int.a(int.o) (__interrupt_handler0)
C:/SaturnOrbit/SBL_601/segalib/lib_coff/sega_spr.a(spr_1c.o)
                              main.o (SPR_Initial)
C:/SaturnOrbit/SBL_601/segalib/lib_coff/sega_scl.a(scl_vblv.o)
                              C:/SaturnOrbit/SBL_601/segalib/lib_coff/sega_spr.a(spr_1c.o) (VBInterval)
C:/SaturnOrbit/SBL_601/segalib/lib_coff/sega_scl.a(scl_func.o)
                              main.o (SCL_Vdp2Init)
C:/SaturnOrbit/SBL_601/segalib/lib_coff/sega_scl.a(scl_back.o)
                              main.o (SCL_SetBack)
C:/SaturnOrbit/SBL_601/segalib/lib_coff/sega_scl.a(scl_fu03.o)
                              main.o (SCL_InitConfigTb)
C:/SaturnOrbit/SBL_601/segalib/lib_coff/sega_scl.a(scl_fu04.o)
                              main.o (SCL_SetCycleTable)
C:/SaturnOrbit/SBL_601/segalib/lib_coff/sega_scl.a(scl_pr07.o)
                              main.o (SCL_SetPriority)
C:/SaturnOrbit/SBL_601/segalib/lib_coff/sega_scl.a(scl_pr01.o)
                              main.o (SCL_SetSpriteMode)
C:/SaturnOrbit/SBL_601/segalib/lib_coff/sega_scl.a(scl_pr12.o)
                              main.o (SCL_SetColOffset)
C:/SaturnOrbit/SBL_601/segalib/lib_coff/sega_scl.a(scl_pr11.o)
                              main.o (SCL_SetAutoColOffset)
C:/SaturnOrbit/SBL_601/segalib/lib_coff/sega_scl.a(scl_pri.o)
                              C:/SaturnOrbit/SBL_601/segalib/lib_coff/sega_scl.a(scl_func.o) (SclRealColOffset)
C:/SaturnOrbit/SBL_601/segalib/lib_coff/sega_scl.a(scl_ro00.o)
                              C:/SaturnOrbit/SBL_601/segalib/lib_coff/sega_scl.a(scl_func.o) (SCL_Rotate)
C:/SaturnOrbit/SBL_601/segalib/lib_coff/sega_scl.a(scl_pr02.o)
                              C:/SaturnOrbit/SBL_601/segalib/lib_coff/sega_scl.a(scl_pri.o) (SCL_SetColRam)
C:/SaturnOrbit/SBL_601/segalib/lib_coff/sega_scl.a(scl_pr05.o)
                              C:/SaturnOrbit/SBL_601/segalib/lib_coff/sega_scl.a(scl_pr02.o) (SCL_GetColRamOffset)
C:/SaturnOrbit/SBL_601/segalib/lib_coff/sega_mth.a(mth_fixd.o)
                              C:/SaturnOrbit/SBL_601/segalib/lib_coff/sega_scl.a(scl_ro00.o) (MTH_Mul)
C:/SaturnOrbit/SBL_601/segalib/lib_coff/sega_mth.a(mth_tri.o)
                              C:/SaturnOrbit/SBL_601/segalib/lib_coff/sega_scl.a(scl_ro00.o) (fsin)
C:/SaturnOrbit/SBL_601/segalib/lib_coff/sega_per.a(per_prt.o)
                              C:/SaturnOrbit/SBL_601/segasmp/per/smpclib/per_x2.o (PER_LInit)
C:/SaturnOrbit/SBL_601/segalib/lib_coff/sega_sat.a(gfs.o)
                              filesystem.o (GFS_NameToId)
C:/SaturnOrbit/SBL_601/segalib/lib_coff/sega_sat.a(dbg_disp.o)
                              main.o (DBG_Initial)
C:/SaturnOrbit/SBL_601/segalib/lib_coff/sega_sat.a(gfs_cdc.o)
                              C:/SaturnOrbit/SBL_601/segalib/lib_coff/sega_sat.a(gfs.o) (GFCD_SetCdbfs)
C:/SaturnOrbit/SBL_601/segalib/lib_coff/sega_sat.a(gfs_dir.o)
                              C:/SaturnOrbit/SBL_601/segalib/lib_coff/sega_sat.a(gfs.o) (GFDR_NameToId)
C:/SaturnOrbit/SBL_601/segalib/lib_coff/sega_sat.a(gfs_buf.o)
                              C:/SaturnOrbit/SBL_601/segalib/lib_coff/sega_sat.a(gfs.o) (GFBF_GetNumData)
C:/SaturnOrbit/SBL_601/segalib/lib_coff/sega_sat.a(gfs_cdf.o)
                              C:/SaturnOrbit/SBL_601/segalib/lib_coff/sega_sat.a(gfs.o) (GFCF_Init)
C:/SaturnOrbit/SBL_601/segalib/lib_coff/sega_sat.a(gfs_trn.o)
                              C:/SaturnOrbit/SBL_601/segalib/lib_coff/sega_sat.a(gfs.o) (GFTR_SetMode)
C:/SaturnOrbit/SBL_601/segalib/lib_coff/sega_sat.a(gfs_cdb.o)
                              C:/SaturnOrbit/SBL_601/segalib/lib_coff/sega_sat.a(gfs.o) (GFCB_Close)
C:/SaturnOrbit/SBL_601/segalib/lib_coff/sega_sat.a(dbg_intr.o)
                              C:/SaturnOrbit/SBL_601/segalib/lib_coff/sega_sat.a(dbg_disp.o) (DBG_IntrGenOpErr)
C:/SaturnOrbit/SBL_601/segalib/lib_coff/sega_sat.a(scl_pr03.o)
                              C:/SaturnOrbit/SBL_601/segalib/lib_coff/sega_sat.a(dbg_disp.o) (SCL_AllocColRam)
C:/SaturnOrbit/SBL_601/segalib/lib_coff/sega_sat.a(scl_pr08.o)
                              C:/SaturnOrbit/SBL_601/segalib/lib_coff/sega_sat.a(dbg_disp.o) (SCL_GetPriority)
C:/SaturnOrbit/SBL_601/segalib/lib_coff/sega_sat.a(cdc_cmn.o)
                              C:/SaturnOrbit/SBL_601/segalib/lib_coff/sega_sat.a(gfs_cdc.o) (CDC_GetCurStat)
C:/SaturnOrbit/SBL_601/segalib/lib_coff/sega_sat.a(cdc_reg.o)
                              C:/SaturnOrbit/SBL_601/segalib/lib_coff/sega_sat.a(gfs_cdb.o) (CDC_GetDataPtr)
C:/SaturnOrbit/SBL_601/segalib/lib_coff/sega_sat.a(cdc_sel.o)
[...]
Memory Configuration

Name             Origin             Length             Attributes
*default*        0x00000000         0xffffffff

Linker script and memory map

TARGET(coff-sh)
LOAD C:/SaturnOrbit/SBL_601/segasmp/lib/strt1_g.o
LOAD C:/SaturnOrbit/SBL_601/segasmp/lib/strt2_g.o
LOAD C:/SaturnOrbit/SBL_601/segasmp/v_blank/set_vb.o
LOAD C:/SaturnOrbit/SBL_601/segasmp/v_blank/v_blank.o
LOAD C:/SaturnOrbit/SBL_601/segasmp/per/smpclib/per_x1.o
LOAD C:/SaturnOrbit/SBL_601/segasmp/per/smpclib/per_x2.o
LOAD C:/SaturnOrbit/SBL_601/segasmp/per/smpclib/per_x3.o
LOAD filesystem.o
LOAD datasbin.o
LOAD sprites.o
LOAD utilities.o
LOAD events.o
LOAD main.o
LOAD C:/SaturnOrbit/SBL_601/segalib/lib_coff/sega_int.a
LOAD C:/SaturnOrbit/SBL_601/segalib/lib_coff/sega_spr.a
LOAD C:/SaturnOrbit/SBL_601/segalib/lib_coff/sega_scl.a
LOAD C:/SaturnOrbit/SBL_601/segalib/lib_coff/sega_mth.a
LOAD C:/SaturnOrbit/SBL_601/segalib/lib_coff/sega_cdc.a
LOAD C:/SaturnOrbit/SBL_601/segalib/lib_coff/sega_adp.a
LOAD C:/SaturnOrbit/SBL_601/segalib/lib_coff/sega_per.a
LOAD C:/SaturnOrbit/SBL_601/segalib/lib_coff/sega_sat.a
LOAD C:/SaturnOrbit/SBL_601/segalib/lib_coff/sega_gfs.a
LOAD C:/SaturnOrbit/SBL_601/segalib/lib_coff/sega_dbg.a
LOAD C:/Saturn~1/SH_COFF/sh-coff/bin/../lib/gcc/sh-coff/3.4-GNUSH_v0501\libgcc.a
LOAD C:/Saturn~1/SH_COFF/sh-coff/bin/../lib/gcc/sh-coff/3.4-GNUSH_v0501/../../../../sh-coff/lib\libc.a
LOAD C:/Saturn~1/SH_COFF/sh-coff/bin/../lib/gcc/sh-coff/3.4-GNUSH_v0501\libgcc.a

.text           0x06004000    0x21a50
 *(.text)
 .text          0x06004000       0x30 C:/SaturnOrbit/SBL_601/segasmp/lib/strt1_g.o
                0x06004024                _D_END
                0x06004020                _D_BGN
                0x0600402c                _B_END
                0x06004028                _B_BGN
                0x06004000                START
 .text          0x06004030       0x60 C:/SaturnOrbit/SBL_601/segasmp/lib/strt2_g.o
                0x06004050                _INITSCT
                0x06004030                _INIT
 .text          0x06004090       0x70 C:/SaturnOrbit/SBL_601/segasmp/v_blank/set_vb.o
                0x06004090                SetVblank
 .text          0x06004100      0x150 C:/SaturnOrbit/SBL_601/segasmp/v_blank/v_blank.o
                0x0600411c                UsrVblankOut
                0x06004100                UsrVblankIn
 .text          0x06004250      0x430 C:/SaturnOrbit/SBL_601/segasmp/per/smpclib/per_x1.o
                0x060045e4                PER_GetAnalogXYZ
                0x06004274                PER_GetTriggerHandler
                0x0600450e                PER_GetEdge
                0x0600448c                PER_GetTrigger
                0x06004538                PER_GetPressEdge
                0x0600458c                PER_GetReleaseEdge
                0x06004250                PER_SetTriggerHandler
 .text          0x06004680      0x200 C:/SaturnOrbit/SBL_601/segasmp/per/smpclib/per_x2.o
                0x06004784                PER_GetDeviceA
                0x06004680                PER_OpenPort
                0x060046b8                PER_GetPort
                0x060047fe                PER_GetDeviceR
 .text          0x06004880       0x20 C:/SaturnOrbit/SBL_601/segasmp/per/smpclib/per_x3.o
                0x06004880                PER_DisguiseTrigger
 .text          0x060048a0      0x280 filesystem.o
                0x060049d8                flipu32
                0x06004918                readData
                0x060048a0                initgfs
                0x060048e4                openFileByName
                0x06004aa8                memcpyswap
                0x06004a64                flip16
                0x06004a20                flipu16
 .text          0x06004b20     0x30a0 datasbin.o
                0x06006044                loadmap
                0x06004b5e                initdatas
                0x060077ba                processeventcode
                0x060076ac                deflate
 .text          0x06007bc0     0x1d90 sprites.o
                0x06009138                update_mapevent
                0x060089e0                loadsprites
                0x060085ec                get_starting_animid
                0x0600934c                update_sprite
                0x060098b8                set_sprite_anim
                0x06007c20                cache_image
                0x060087a4                loadmapevents
                0x06007bc0                init_spritecache
                0x06007fbc                process_image
                0x0600854c                get_starting_animid_from_code
 .text          0x06009950      0xbb0 events.o
                0x0600a084                EchSetDir
                0x0600a10e                EchShowDialog
                0x06009d4c                EchFlagOff
                0x0600a2d4                EchSetAnim
                0x0600a22c                EchLoseControl
                0x0600a2ac                EchDeactivate
                0x06009950                EchNull
                0x0600a26c                EchEnabledGravity
                0x06009b00                EchIfFalse
                0x06009e58                EchCheckEntityInArea
                0x06009a74                EchGoto
                0x0600a28c                EchDisableGravity
                0x0600a4a0                ProcessOneTimeEvent
                0x06009ba2                EchWhileFalse
                0x0600a0da                EchReverseDir
                0x0600a24c                EchGainControl
                0x0600a36c                ProcessEvent
                0x06009c44                EchFlagOn
 .text          0x0600a500     0x1710 main.o
                0x0600a500                initscl
                0x0600a7c8                fadeout
                0x0600a6ba                initspr
                0x0600a734                fadein
                0x0600b698                debug_print
                0x0600b640                get_elapsed
                0x0600b704                console_print
                0x0600bbdc                debugBreak
                0x0600b8b8                draw_sprite
                0x0600bb14                draw_box
                0x0600b798                draw_tile
                0x0600a8ea                main
 .text          0x0600bc10       0x50 C:/SaturnOrbit/SBL_601/segalib/lib_coff/sega_int.a(int.o)
                0x0600bc40                INT_GetScuFunc
                0x0600bc10                INT_SetScuFunc
 .text          0x0600bc60      0x630 C:/SaturnOrbit/SBL_601/segalib/lib_coff/sega_int.a(int_trmp.o)
                0x0600bdc8                __interrupt_handler60
                0x0600bf78                __interrupt_handler132
                0x0600c12e                __interrupt_handler205
                0x0600bf96                __interrupt_handler137
                0x0600bec4                __interrupt_handler102
                0x0600bd02                __interrupt_handler27
                0x0600c104                __interrupt_handler198
                0x0600bff6                __interrupt_handler153
                0x0600bcde                __interrupt_handler21
                0x0600bdec                __interrupt_handler66
                0x0600bedc                __interrupt_handler106
                0x0600c026                __interrupt_handler161
                0x0600be70                __interrupt_handler88
                0x0600c03e                __interrupt_handler165
                0x0600bf4e                __interrupt_handler125
                0x0600bc84                __interrupt_handler6
                0x0600bd20                __interrupt_handler32
                0x0600c0da                __interrupt_handler191
                0x0600c1f4                __interrupt_handler238
                0x0600c20c                __interrupt_handler242
                0x0600c014                __interrupt_handler158
                0x0600be7c                __interrupt_handler90
                0x0600c038                __interrupt_handler164
                0x0600bd5c                __interrupt_handler42
                0x0600c09e                __interrupt_handler181
                0x0600c1a6                __interrupt_handler225
                0x0600c24e                __interrupt_handler253
                0x0600c062                __interrupt_handler171
                0x0600be1c                __interrupt_handler74
                0x0600bc72                __interrupt_handler3
                0x0600bdb6                __interrupt_handler57
                0x0600bcb4                __interrupt_handler14
                0x0600c14c                __interrupt_handler210
                0x0600c17c                __interrupt_handler218
                0x0600c140                __interrupt_handler208
                0x0600bd44                __interrupt_handler38
                0x0600bc60                __interrupt_handler0
                0x0600bed0                __interrupt_handler104
                0x0600c00e                __interrupt_handler157
                0x0600c15e                __interrupt_handler213
                0x0600c050                __interrupt_handler168
                0x0600be5e                __interrupt_handler85
                0x0600befa                __interrupt_handler111
                0x0600bf0c                __interrupt_handler114
                0x0600bd7a                __interrupt_handler47
                0x0600c1d0                __interrupt_handler232
                0x0600c19a                __interrupt_handler223
                0x0600c1ee                __interrupt_handler237
                0x0600bdda                __interrupt_handler63
                0x0600bd68                __interrupt_handler44
                0x0600c07a                __interrupt_handler175
                0x0600c0a4                __interrupt_handler182
                0x0600c0bc                __interrupt_handler186
                0x0600bfba                __interrupt_handler143
                0x0600bee2                __interrupt_handler107
                0x0600bf48                __interrupt_handler124
                0x0600c068                __interrupt_handler172
                0x0600c21e                __interrupt_handler245
                0x0600be9a                __interrupt_handler95
                0x0600bf72                __interrupt_handler131
                0x0600bf84                __interrupt_handler134
                0x0600bfa2                __interrupt_handler139
                0x0600be10                __interrupt_handler72
                0x0600c1ca                __interrupt_handler231
                0x0600c020                __interrupt_handler160
                0x0600bf66                __interrupt_handler129
                0x0600bcd8                __interrupt_handler20
                0x0600bde6                __interrupt_handler65
                0x0600bdb0                __interrupt_handler56
                0x0600bcae                __interrupt_handler13
                0x0600c146                __interrupt_handler209
                0x0600bf00                __interrupt_handler112
                0x0600bcd2                __interrupt_handler19
                0x0600be8e                __interrupt_handler93
                0x0600c0f8                __interrupt_handler196
                0x0600bfea                __interrupt_handler151
                0x0600c04a                __interrupt_handler167
                0x0600c260                __trampoline
                0x0600bcc6                __interrupt_handler17
                0x0600c1b8                __interrupt_handler228
                0x0600c25a                __interrupt_handler255
                0x0600c218                __interrupt_handler244
                0x0600beb2                __interrupt_handler99
                0x0600c0aa                __interrupt_handler183
                0x0600bfa8                __interrupt_handler140
                0x0600c0ce                __interrupt_handler189
                0x0600bfcc                __interrupt_handler146
                0x0600c194                __interrupt_handler222
                0x0600c008                __interrupt_handler156
                0x0600bf3c                __interrupt_handler122
                0x0600c230                __interrupt_handler248
                0x0600bd80                __interrupt_handler48
                0x0600bdfe                __interrupt_handler69
                0x0600bcf0                __interrupt_handler24
                0x0600be76                __interrupt_handler89
                0x0600c16a                __interrupt_handler215
                0x0600c254                __interrupt_handler254
                0x0600be6a                __interrupt_handler87
                0x0600bdce                __interrupt_handler61
                0x0600c0f2                __interrupt_handler195
                0x0600bfe4                __interrupt_handler150
                0x0600bd56                __interrupt_handler41
                0x0600bef4                __interrupt_handler110
                0x0600bf5a                __interrupt_handler127
                0x0600bee8                __interrupt_handler108
                0x0600bf06                __interrupt_handler113
                0x0600bf18                __interrupt_handler116
                0x0600bf36                __interrupt_handler121
                0x0600be2e                __interrupt_handler77
                0x0600bd4a                __interrupt_handler39
                0x0600bd62                __interrupt_handler43
                0x0600c236                __interrupt_handler249
                0x0600c074                __interrupt_handler174
                0x0600bf90                __interrupt_handler136
                0x0600c0c8                __interrupt_handler188
                0x0600bfc6                __interrupt_handler145
                0x0600bc96                __interrupt_handler9
                0x0600be3a                __interrupt_handler79
                0x0600c1b2                __interrupt_handler227
                0x0600bd2c                __interrupt_handler34
                0x0600bf6c                __interrupt_handler130
                0x0600c22a                __interrupt_handler247
                0x0600be22                __interrupt_handler75
                0x0600c06e                __interrupt_handler173
                0x0600bd9e                __interrupt_handler53
                0x0600bfde                __interrupt_handler149
                0x0600c242                __interrupt_handler251
                0x0600c1d6                __interrupt_handler233
                0x0600bc9c                __interrupt_handler10
                0x0600c128                __interrupt_handler204
                0x0600be4c                __interrupt_handler82
                0x0600be52                __interrupt_handler83
                0x0600bcf6                __interrupt_handler25
                0x0600c212                __interrupt_handler243
                0x0600c02c                __interrupt_handler162
                0x0600bd74                __interrupt_handler46
                0x0600c08c                __interrupt_handler178
                0x0600be40                __interrupt_handler80
                0x0600bdd4                __interrupt_handler62
                0x0600bc6c                __interrupt_handler2
                0x0600bd0e                __interrupt_handler29
                0x0600be04                __interrupt_handler70
                0x0600beee                __interrupt_handler109
                0x0600bfd8                __interrupt_handler148
                0x0600be94                __interrupt_handler94
                0x0600c1a0                __interrupt_handler224
                0x0600beca                __interrupt_handler103
                0x0600bd38                __interrupt_handler36
                0x0600bf54                __interrupt_handler126
                0x0600c224                __interrupt_handler246
                0x0600bdaa                __interrupt_handler55
                0x0600bca8                __interrupt_handler12
                0x0600bd98                __interrupt_handler52
                0x0600c0c2                __interrupt_handler187
                0x0600bfc0                __interrupt_handler144
                0x0600bf1e                __interrupt_handler117
                0x0600bccc                __interrupt_handler18
                0x0600c0fe                __interrupt_handler197
                0x0600bff0                __interrupt_handler152
                0x0600bf24                __interrupt_handler118
                0x0600c05c                __interrupt_handler170
                0x0600c116                __interrupt_handler201
                0x0600bea6                __interrupt_handler97
                0x0600c032                __interrupt_handler163
                0x0600c098                __interrupt_handler180
                0x0600c0e0                __interrupt_handler192
                0x0600c200                __interrupt_handler240
                0x0600bf42                __interrupt_handler123
                0x0600c164                __interrupt_handler214
                0x0600bd1a                __interrupt_handler31
                0x0600bd08                __interrupt_handler28
                0x0600bdf2                __interrupt_handler67
                0x0600bdf8                __interrupt_handler68
                0x0600bce4                __interrupt_handler22
                0x0600bcea                __interrupt_handler23
                0x0600c080                __interrupt_handler176
                0x0600bc8a                __interrupt_handler7
                0x0600c18e                __interrupt_handler221
                0x0600c176                __interrupt_handler217
                0x0600c1be                __interrupt_handler229
                0x0600bd86                __interrupt_handler49
                0x0600bc78                __interrupt_handler4
                0x0600bd50                __interrupt_handler40
                0x0600bf12                __interrupt_handler115
                0x0600c1e2                __interrupt_handler235
                0x0600be82                __interrupt_handler91
                0x0600c134                __interrupt_handler206
                0x0600c086                __interrupt_handler177
                0x0600bfd2                __interrupt_handler147
                0x0600bd3e                __interrupt_handler37
                0x0600c23c                __interrupt_handler250
                0x0600bc66                __interrupt_handler1
                0x0600c182                __interrupt_handler219
                0x0600be28                __interrupt_handler76
                0x0600beb8                __interrupt_handler100
                0x0600bdbc                __interrupt_handler58
                0x0600bcba                __interrupt_handler15
                0x0600c158                __interrupt_handler212
                0x0600c206                __interrupt_handler241
                0x0600c11c                __interrupt_handler202
                0x0600c0e6                __interrupt_handler193
                0x0600be34                __interrupt_handler78
                0x0600bd8c                __interrupt_handler50
                0x0600bd26                __interrupt_handler33
                0x0600c044                __interrupt_handler166
                0x0600bf9c                __interrupt_handler138
                0x0600bf8a                __interrupt_handler135
                0x0600bd14                __interrupt_handler30
                0x0600c0b0                __interrupt_handler184
                0x0600bfae                __interrupt_handler141
                0x0600c1c4                __interrupt_handler230
                0x0600c1e8                __interrupt_handler236
                0x0600bf2a                __interrupt_handler119
                0x0600be64                __interrupt_handler86
                0x0600bed6                __interrupt_handler105
                0x0600be46                __interrupt_handler81
                0x0600bf30                __interrupt_handler120
                0x0600bf60                __interrupt_handler128
                0x0600bda4                __interrupt_handler54
                0x0600bca2                __interrupt_handler11
                0x0600c10a                __interrupt_handler199
                0x0600bffc                __interrupt_handler154
                0x0600bd6e                __interrupt_handler45
                0x0600c170                __interrupt_handler216
                0x0600c122                __interrupt_handler203
                0x0600bebe                __interrupt_handler101
                0x0600be58                __interrupt_handler84
                0x0600c0b6                __interrupt_handler185
                0x0600bfb4                __interrupt_handler142
                0x0600bcfc                __interrupt_handler26
                0x0600bde0                __interrupt_handler64
                0x0600c110                __interrupt_handler200
                0x0600c13a                __interrupt_handler207
                0x0600c0ec                __interrupt_handler194
                0x0600be88                __interrupt_handler92
                0x0600c002                __interrupt_handler155
                0x0600c152                __interrupt_handler211
                0x0600bf7e                __interrupt_handler133
                0x0600bc7e                __interrupt_handler5
                0x0600be16                __interrupt_handler73
                0x0600bcc0                __interrupt_handler16
                0x0600c1fa                __interrupt_handler239
                0x0600c1dc                __interrupt_handler234
                0x0600bd32                __interrupt_handler35
                0x0600bdc2                __interrupt_handler59
                0x0600c056                __interrupt_handler169
                0x0600beac                __interrupt_handler98
                0x0600be0a                __interrupt_handler71
                0x0600bd92                __interrupt_handler51
                0x0600c01a                __interrupt_handler159
                0x0600c1ac                __interrupt_handler226
                0x0600bea0                __interrupt_handler96
                0x0600c0d4                __interrupt_handler190
                0x0600c188                __interrupt_handler220
                0x0600bc90                __interrupt_handler8
                0x0600c092                __interrupt_handler179
                0x0600c248                __interrupt_handler252
 .text          0x0600c290      0x4f0 C:/SaturnOrbit/SBL_601/segalib/lib_coff/sega_spr.a(spr_1c.o)
                0x0600c724                SPR_WaitDrawEnd
                0x0600c74c                SPR_SetEosMode
                0x0600c5a4                SPR_SetEraseData
                0x0600c290                SPR_Initial
                0x0600c424                SPR_SetTvMode
                0x0600c514                SPR_GetStatus
 .text          0x0600c780      0x360 C:/SaturnOrbit/SBL_601/segalib/lib_coff/sega_scl.a(scl_vblv.o)
                0x0600c840                SCL_DisplayFrame
                0x0600c780                SCL_SetFrameInterval
                0x0600c880                SCL_VblInit
                0x0600c8d0                SCL_VblankStart
                0x0600c920                SCL_VblankEnd
 .text          0x0600cae0      0xcd0 C:/SaturnOrbit/SBL_601/segalib/lib_coff/sega_scl.a(scl_func.o)
                0x0600d660                SCL_Vdp2_SGLInit
                0x0600d460                SCL_PriIntProc
                0x0600d240                SCL_Memcpyw
                0x0600d780                SCL_SglOff
                0x0600d750                SCL_SglOn
                0x0600d5d0                SCL_ScrollShow
                0x0600cd30                SCL_Close
                0x0600d070                SCL_Scale
                0x0600cc70                SCL_Vdp2Init
                0x0600cec0                SCL_Move
                0x0600d270                SCL_CopyReg
                0x0600ccf0                SCL_Open
                0x0600cae0                SCL_ParametersInit
                0x0600cd50                SCL_MoveTo
                0x0600d3f0                SCL_SetColRamMode
 .text          0x0600d7b0       0x90 C:/SaturnOrbit/SBL_601/segalib/lib_coff/sega_scl.a(scl_back.o)
                0x0600d7b0                SCL_SetBack
 .text          0x0600d840      0x880 C:/SaturnOrbit/SBL_601/segalib/lib_coff/sega_scl.a(scl_fu03.o)
                0x0600d890                SCL_SetConfig
                0x0600d840                SCL_InitConfigTb
 .text          0x0600e0c0       0x30 C:/SaturnOrbit/SBL_601/segalib/lib_coff/sega_scl.a(scl_fu04.o)
                0x0600e0c0                SCL_SetCycleTable
 .text          0x0600e0f0      0x250 C:/SaturnOrbit/SBL_601/segalib/lib_coff/sega_scl.a(scl_pr07.o)
                0x0600e0f0                SCL_SetPriority
 .text          0x0600e340       0x50 C:/SaturnOrbit/SBL_601/segalib/lib_coff/sega_scl.a(scl_pr01.o)
                0x0600e340                SCL_SetSpriteMode
 .text          0x0600e390      0x1b0 C:/SaturnOrbit/SBL_601/segalib/lib_coff/sega_scl.a(scl_pr12.o)
                0x0600e390                SCL_SetColOffset
 .text          0x0600e540      0x1c0 C:/SaturnOrbit/SBL_601/segalib/lib_coff/sega_scl.a(scl_pr11.o)
                0x0600e540                SCL_SetAutoColOffset
 .text          0x0600e700      0xfc0 C:/SaturnOrbit/SBL_601/segalib/lib_coff/sega_scl.a(scl_pri.o)
                0x0600e990                SCL_AbortAutoVe
                0x0600f540                SCL_SetShadowBit
                0x0600ee80                SCL_AutoExec
                0x0600e700                SCL_PriorityInit
                0x0600ede0                SCL_IncColOffset
                0x0600e9b0                SCL_SetColMixRate
                0x0600e970                SCL_GetColRamMode
 .text          0x0600f6c0     0x12c0 C:/SaturnOrbit/SBL_601/segalib/lib_coff/sega_scl.a(scl_ro00.o)
                0x0600fb40                SCL_RotateZD
                0x0600fd00                SCL_Rotate
                0x0600f860                SCL_InitRotateTable
 .text          0x06010980       0xe0 C:/SaturnOrbit/SBL_601/segalib/lib_coff/sega_scl.a(scl_pr02.o)
                0x06010980                SCL_SetColRam
 .text          0x06010a60       0xf0 C:/SaturnOrbit/SBL_601/segalib/lib_coff/sega_scl.a(scl_pr05.o)
                0x06010a60                SCL_GetColRamOffset
 .text          0x06010b50       0xb0 C:/SaturnOrbit/SBL_601/segalib/lib_coff/sega_mth.a(mth_fixd.o)
                0x06010ba0                MTH_FixedToInt
                0x06010b90                MTH_IntToFixed
                0x06010b50                MTH_Mul
                0x06010bb0                MTH_Product
                0x06010b70                MTH_Div
 .text          0x06010c00      0x600 C:/SaturnOrbit/SBL_601/segalib/lib_coff/sega_mth.a(mth_tri.o)
                0x06010c9c                fcos
                0x06010ca2                fsin
                0x06010c4c                MTH_Cos
                0x06010c00                MTH_Sin
                0x06010e40                MTH_Atan
 .text          0x06011200      0xf50 C:/SaturnOrbit/SBL_601/segalib/lib_coff/sega_per.a(per_prt.o)
                0x06011620                PER_IntFunc
                0x06011418                PER_LGetPer
                0x06011200                PER_LInit
 .text          0x06012150     0x20c0 C:/SaturnOrbit/SBL_601/segalib/lib_coff/sega_sat.a(gfs.o)
                0x06012150                gfs_version
                0x06012e30                gfs_mngGetNumFile
                0x06013a90                gfs_closeSub
                0x060129e0                GFS_SetGmode
                0x06012cb0                GFS_SetErrFunc
                0x06012d60                gfs_mngSetupFuncTbl
                0x06013e50                GFS_Reset
                0x06013fd0                gfs_chgRoot
                0x06012d50                gfs_aborttrans
                0x060130e0                gfs_svrAddHndl
                0x06012f10                gfs_mngFreeGrp
                0x06012d10                GFS_ConvTno
                0x06013be0                gfs_getRootDir
                0x06012ce0                GFS_GetErrStat
                0x06012600                GFS_Seek
                0x06013060                GFS_NwStop
                0x06012f20                gfs_mngTermAccess
                0x06013180                GFS_Open
                0x06012380                GFS_mngAllocGrp
                0x06012970                gfs_isTaskDone
                0x060139d0                GFS_Fread
                0x06012be0                GFS_StartTrans
                0x06012430                gfs_GetFinfo
                0x06012da0                gfs_mngInitWork
                0x06012520                GFS_ByteToSct
                0x06012fb0                gfs_svrSearchHndl
                0x06013cc0                gfs_loadRootDir
                0x06012280                GFS_IdToName
                0x060138a0                GFS_NwFread
                0x06012ae0                GFS_SetTransPara
                0x06013810                GFS_NwCdRead
                0x06013b20                gfs_loadVol
                0x060127b0                GFS_SetReadPara
                0x060123d0                GFS_Tell
                0x06012a60                GFS_SetTmode
                0x06013750                GFS_GetFad
                0x06012b60                GFS_SetTrFunc
                0x06012c50                GFS_CdMovePickup
                0x06012200                GFS_NameToId
                0x060134e0                GFS_NwExecOne
                0x06013370                gfs_flowIn
                0x060126e0                GFS_GetFileInfo
                0x06013420                gfs_transData
                0x06013000                gfs_svrRemoveHndl
                0x060128d0                GFS_NwIsComplete
                0x06012920                gfs_getGmode
                0x06012830                GFS_NwGetStat
                0x06013130                GFS_OpenSub
                0x06012ea0                GFS_SetDir
                0x06012490                GFS_GetFileSize
                0x06012780                GFS_GetNumCdbuf
                0x06013270                gfs_convFinStat
                0x06013d50                GFS_Load
                0x06013680                gfs_waitRead
                0x06013f00                GFS_LoadDir
                0x06012300                GFS_GetDirInfo
                0x06013ae0                GFS_Close
                0x060140f0                GFS_Init
                0x06012930                gfs_recovRdErr
                0x06012170                gfs_mngSetErrCode
                0x060135e0                GFS_NwExecServer
                0x060125a0                GFS_IsEof
                0x060137c0                gfs_SetSct
 .text          0x06014210     0x1250 C:/SaturnOrbit/SBL_601/segalib/lib_coff/sega_sat.a(dbg_disp.o)
                0x06014300                DBG_ClearScreen
                0x06014de0                DBG_GetKeyStr
                0x06014950                DBG_Printf
                0x06014a90                DBG_DisplayOff
                0x06014350                DBG_Initial
                0x06014bd0                DBG_DisplayOn
                0x06014520                DBG_SetCursol
 .text          0x06015460     0x1d10 C:/SaturnOrbit/SBL_601/segalib/lib_coff/sega_sat.a(gfs_cdc.o)
                0x06015590                GFCD_AllocBuf
                0x06015ef0                gfcd_doGetLenDataTsk
                0x06016650                GFCD_SetCsctFunc
                0x06015620                GFCD_GetBaseFad
                0x06016600                GFCD_GetFilt
                0x06016820                gfcd_doChgDirTsk
                0x060156f0                gfcd_checkEflag
                0x06016e10                GFCD_MovePickup
                0x06016560                GFCD_GetSctInfo
                0x06015e00                gfcd_doReqDataTsk
                0x06016b30                GFCD_ChgDir
                0x06015ea0                GFCD_ReqData
                0x06016cf0                GFCD_WaitServer
                0x06016670                GFCD_ChkScdqFlag
                0x06015db0                GFCD_DelSctData
                0x06016be0                GFCD_ExecServer
                0x06016090                gfcd_doSetConTsk
                0x06015510                GFCD_AllocFilt
                0x06016370                GFCD_SetFilt
                0x060161b0                gfcd_doSetFiltTsk
                0x06016690                GFCD_ClrScdqFlag
                0x06015c40                gfcd_doDelSctDataTsk
                0x06016a60                gfcd_doTask
                0x06015660                GFCD_GetPickup
                0x06015720                GFCD_CheckMove
                0x060166b0                GFCD_WaitScdqFlag
                0x06016e80                GFCD_Play
                0x06015a70                gfcd_doMoveSctTsk
                0x06016140                GFCD_SetCon
                0x06015970                GFCD_SetFiltCon
                0x06017120                GFCD_WaitPause
                0x06016410                GFCD_GetBufSiz
                0x060156a0                GFCD_UngetPickup
                0x06016450                GFCD_GetFileInfo
                0x060165b0                GFCD_EndData
                0x06016d30                GFCD_FreeBuf
                0x06016040                GFCD_GetLenData
                0x06015560                GFCD_FreeFilt
                0x06015740                gfcd_isIdleTask
                0x06016f00                GFCD_Init
                0x06015840                gfcd_doSetFiltConTsk
                0x06016720                GFCD_GetStat
                0x06015bd0                GFCD_MoveSctData
                0x060156d0                GFCD_IsPuOwner
                0x060154a0                gfcd_initCdbMng
                0x06015460                GFCD_SetCdbfs
                0x060155d0                GFCD_SetTimer
                0x06015810                gfcd_setStat
                0x060155f0                GFCD_CheckDelSctData
 .text          0x06017170      0xae0 C:/SaturnOrbit/SBL_601/segalib/lib_coff/sega_sat.a(gfs_dir.o)
                0x06017630                gfdr_setNextRec
                0x06017390                gfdr_setDirrecCd
                0x06017360                gfdr_open
                0x06017230                GFDR_GetAtrDirId
                0x060174c0                gfdr_readByte
                0x06017bc0                GFDR_SetupDirTbl
                0x06017600                gfdr_readLongNM
                0x060176f0                gfdr_readDirEnt
                0x06017340                GFDR_ChgRoot
                0x06017170                GFDR_NameToId
                0x06017b30                gfdr_setupDirIdTbl
                0x06017250                GFDR_GetAtrDirName
                0x060171f0                GFDR_GetInfoDirId
                0x06017590                gfdr_readLongNB
                0x060173c0                gfdr_read
                0x060174f0                gfdr_readWord
                0x06017a70                gfdr_setupDirNameTbl
                0x06017210                GFDR_GetInfoDirName
                0x06017270                GFDR_ChgDir
                0x06017520                gfdr_readWordNB
 .text          0x06017c50      0x120 C:/SaturnOrbit/SBL_601/segalib/lib_coff/sega_sat.a(gfs_buf.o)
                0x06017ca0                GFBF_GetNumData
                0x06017d30                GFBF_RtnPk
                0x06017cd0                GFBF_GetSrcPk
                0x06017d60                gfbf_getSctDt
                0x06017c80                GFBF_GetTranData
                0x06017d00                GFBF_GetSctData
 .text          0x06017d70      0xa60 C:/SaturnOrbit/SBL_601/segalib/lib_coff/sega_sat.a(gfs_cdf.o)
                0x06018120                GFCF_Seek
                0x060182f0                GFCF_GetStat
                0x06018100                GFCF_Tell
                0x06017e80                GFCF_Setup
                0x06018140                GFCF_cnvIntlvOfs
                0x06017d70                GFCF_Init
                0x060180b0                GFCF_Recover
                0x06017fe0                GFCF_SetSct
                0x060183e0                GFCF_MovePickup
                0x06018530                gfcf_isCdOk
                0x06018640                GFCF_FlowInBuf
                0x06018030                GFCF_GetFileInfo
                0x06018480                GFCF_StopInBuf
                0x06017e40                gfcf_getSctSize
                0x06018190                gfcf_getPlayRange
 .text          0x060187d0      0xca0 C:/SaturnOrbit/SBL_601/segalib/lib_coff/sega_sat.a(gfs_trn.o)
                0x060188e0                GFTR_SetTransMax
                0x06018c80                gftr_execScu
                0x06019450                GFTR_SetTransFunc
                0x060189b0                gftr_remTrn
                0x06019430                GFTR_SetData
                0x06018f90                gftr_execSdma1
                0x06018e80                gftr_copyFrac
                0x060188d0                GFTR_GetNumTrans
                0x06018810                GFTR_SetMode
                0x06018f50                gftr_remDma0
                0x06019400                GFTR_GetLenData
                0x06018c70                gftr_reqScu
                0x06018f70                gftr_reqDma1
                0x06018a60                gftr_getSrcPack
                0x06018910                GFTR_RtnDstPk
                0x06018d80                gfdma_exec
                0x06019060                gftr_execTrn
                0x06019150                GFTR_ExecSvr
                0x06018930                gftr_reqTrn
                0x06018eb0                gfdma_getBytecnt
                0x06018fe0                gftr_reqCpu
                0x06018bc0                GFTR_GetDstPack
                0x06018f00                gftr_reqDma0
                0x06018b20                GFTR_Idle
                0x06018900                GFTR_Pause
                0x060188c0                GFTR_GetTransPara
                0x06019050                gftr_remCpu
                0x06018880                GFTR_SetTransPara
                0x06018fc0                gftr_remDma1
                0x06019320                GFTR_Stop
                0x06018f20                gftr_execSdma0
                0x06018830                GFTR_Setup
                0x06018d30                gftr_remScu
                0x06018c00                gftr_getDstPack
                0x06018d70                gfdma_canUse
                0x060192b0                GFTR_Exec
                0x06019410                GFTR_GetData
                0x060188f0                GFTR_Start
                0x06018800                GFTR_SetUnit
                0x06018ff0                gftr_execCpu
                0x06018a40                GFTR_GetLenRoom
 .text          0x06019470      0x6f0 C:/SaturnOrbit/SBL_601/segalib/lib_coff/sega_sat.a(gfs_cdb.o)
                0x06019af0                GFCB_GetPickup
                0x06019470                GFCB_Close
                0x060198f0                GFCB_GetSrcPack
                0x06019ab0                GFCB_SetCon
                0x06019580                GFCB_GetLenRoom
                0x06019a90                GFCB_MovePickup
                0x060199d0                GFCB_GetSctData
                0x06019590                GFCB_SetFilt
                0x060194b0                GFCB_GetLenData
                0x06019b40                GFCB_UngetPickup
                0x06019630                GFCB_Setup
                0x060194a0                GFCB_Tell
                0x06019b20                GFCB_IsPuOwner
                0x060197a0                GFCB_Seek
                0x06019600                GFCB_DeleteAllData
                0x06019a10                GFCB_GetDstPack
                0x06019740                gfcb_getSctNum
                0x06019a20                GFCB_RtnPk
 .text          0x06019b60       0x70 C:/SaturnOrbit/SBL_601/segalib/lib_coff/sega_sat.a(dbg_intr.o)
                0x06019b70                DBG_IntrCpuAddrErr
                0x06019b60                DBG_IntrGenOpErr
                0x06019b68                DBG_IntrSlotOpErr
                0x06019b78                DBG_IntrDmaAddrErr
 .text          0x06019bd0      0x1b0 C:/SaturnOrbit/SBL_601/segalib/lib_coff/sega_sat.a(scl_pr03.o)
                0x06019bd0                SCL_FreeColRam
                0x06019c10                SCL_AllocColRam
 .text          0x06019d80      0x1a0 C:/SaturnOrbit/SBL_601/segalib/lib_coff/sega_sat.a(scl_pr08.o)
                0x06019d80                SCL_GetPriority
 .text          0x06019f20      0x3a0 C:/SaturnOrbit/SBL_601/segalib/lib_coff/sega_sat.a(cdc_cmn.o)
                0x0601a0c4                CDC_TgetToc
                0x0601a268                CDC_DataEnd
                0x06019f88                CDC_GetPeriStat
                0x0601a1fc                CDC_DataReady
                0x0601a1d4                CDC_CdOpen
                0x0601a150                CDC_CdInit
                0x0601a114                CDC_GetSes
                0x06019f70                CDC_GetLastStat
                0x06019f20                CDC_GetCurStat
                0x0601a05c                CDC_GetHwInfo
 .text          0x0601a2c0      0x2dc C:/SaturnOrbit/SBL_601/segalib/lib_coff/sega_sat.a(cdc_reg.o)
                0x0601a314                CDREG_ClrHirqReq
                0x0601a2e4                CDC_ClrHirqReq
                0x0601a394                CDREG_TgetData
                0x0601a384                CDC_GetMpegPtr
                0x0601a360                CDC_GetHirqMsk
                0x0601a2c0                CDC_GetDataPtr
                0x0601a2d0                CDC_GetHirqReq
                0x0601a4f0                CDREG_WaitHirq
                0x0601a374                CDC_SetHirqMsk
                0x0601a3f0                CDREG_CmdRsp
                0x0601a324                CDREG_InitHirqReq
                0x0601a34c                CDREG_SetHirqFlag
                0x0601a560                CDREG_ReadRsp
 *fill*         0x0601a59c        0x4 00
 .text          0x0601a5a0      0x2b8 C:/SaturnOrbit/SBL_601/segalib/lib_coff/sega_sat.a(cdc_sel.o)
                0x0601a7d0                CDC_GetFiltCon
                0x0601a74c                CDC_GetFiltMode
                0x0601a824                CDC_ResetSelector
                0x0601a5a0                CDC_SetFiltRange
                0x0601a62c                CDC_SetFiltSubh
                0x0601a69c                CDC_GetFiltSubh
                0x0601a5d4                CDC_GetFiltRange
                0x0601a718                CDC_SetFiltMode
                0x0601a790                CDC_SetFiltCon
 *fill*         0x0601a858        0x8 00
 .text          0x0601a860      0x1e4 C:/SaturnOrbit/SBL_601/segalib/lib_coff/sega_sat.a(cdc_bio.o)
                0x0601a90c                CDC_GetdelSctData
                0x0601a894                CDC_GetSctData
                0x0601a948                CDC_PutSctData
                0x0601a9c4                CDC_MoveSctData
                0x0601aa08                CDC_GetCopyErr
                0x0601a8d0                CDC_DelSctData
                0x0601a860                CDC_SetSctLen
                0x0601a980                CDC_CopySctData
 *fill*         0x0601aa44        0xc 00
 .text          0x0601aa50      0x270 C:/SaturnOrbit/SBL_601/segalib/lib_coff/sega_sat.a(cdc_bif.o)
                0x0601aaac                CDC_GetSctNum
                0x0601ac2c                CDC_ExeFadSearch
                0x0601abac                CDC_GetSctInfo
                0x0601aaf0                CDC_CalActSiz
                0x0601aa50                CDC_GetBufSiz
                0x0601ab2c                CDC_GetActSiz
                0x0601ac64                CDC_GetFadSearch
 .text          0x0601acc0       0xa8 C:/SaturnOrbit/SBL_601/segalib/lib_coff/sega_sat.a(cdc_dev.o)
                0x0601ad2c                CDC_CdGetLastBuf
                0x0601acc0                CDC_CdSetCon
                0x0601acf0                CDC_CdGetCon
 *fill*         0x0601ad68        0x8 00
 .text          0x0601ad70      0x194 C:/SaturnOrbit/SBL_601/segalib/lib_coff/sega_sat.a(cdc_cfs.o)
                0x0601ad70                CDC_ChgDir
                0x0601ada4                CDC_ReadDir
                0x0601aec8                CDC_AbortFile
                0x0601add8                CDC_GetFileScope
                0x0601ae38                CDC_TgetFileInfo
                0x0601ae94                CDC_ReadFile
 *fill*         0x0601af04        0xc 00
 .text          0x0601af10      0x130 C:/SaturnOrbit/SBL_601/segalib/lib_coff/sega_sat.a(cdc_drv.o)
                0x0601af10                CDC_CdPlay
                0x0601afdc                CDC_CdSeek
                0x0601b010                CDC_CdScan
 .text          0x0601b040      0x3d0 C:/SaturnOrbit/SBL_601/segalib/lib_coff/sega_sat.a(dma_scu0.o)
                0x0601b0d0                DMA_ScuStart
                0x0601b2c0                DMA_ScuIntFunc0
                0x0601b330                DMA_ScuIntFunc1
                0x0601b3a0                DMA_ScuIntFunc2
                0x0601b280                DMA_ScuGetStatus
                0x0601b040                DMA_ScuSetPrm
 .text          0x0601b410      0x110 C:/SaturnOrbit/SBL_601/segalib/lib_coff/sega_sat.a(csh_main.o)
                0x0601b410                CSH_Init
                0x0601b490                CSH_AllClr
                0x0601b4f0                CSH_Purge
 .text          0x0601b520      0x220 C:/SaturnOrbit/SBL_601/segalib/lib_coff/sega_sat.a(dma_cpu0.o)
                0x0601b580                DMA_CpuSetPrm
                0x0601b6a0                DMA_CpuStart
                0x0601b720                DMA_CpuGetStatus
                0x0601b6e0                DMA_CpuAllStop
                0x0601b700                DMA_CpuGetComStatus
                0x0601b520                DMA_CpuSetComPrm
                0x0601b6c0                DMA_CpuStop
 .text          0x0601b740      0xc90 C:/SaturnOrbit/SBL_601/segalib/lib_coff/sega_sat.a(dbg_moni.o)
                0x0601bd00                DBG_Monitor
                0x0601c300                DBG_IntrProc
 .text          0x0601c3d0      0x1f0 C:/SaturnOrbit/SBL_601/segalib/lib_coff/sega_sat.a(scl_pr06.o)
                0x0601c3d0                SCL_SetColRamOffset
 .text          0x0601c5c0      0x152 C:/SaturnOrbit/SBL_601/segalib/lib_coff/sega_sat.a(cdc_sub.o)
                0x0601c668                CDSUB_GetCdstat
                0x0601c5d8                CDSUB_UpdCdstat
                0x0601c6a8                CDSUB_RspToCdstat
                0x0601c6f0                CDSUB_SoftTimer
                0x0601c5c0                CDSUB_UpdStatus
                0x0601c5f8                CDSUB_CdCmd
 *fill*         0x0601c712        0xe 00
 .text          0x0601c720       0x60 C:/Saturn~1/SH_COFF/sh-coff/bin/../lib/gcc/sh-coff/3.4-GNUSH_v0501\libgcc.a(_ashiftrt.o)
                0x0601c72c                __ashiftrt_r4_27
                0x0601c760                __ashiftrt_r4_6
                0x0601c750                __ashiftrt_r4_14
                0x0601c742                __ashiftrt_r4_19
                0x0601c75a                __ashiftrt_r4_9
                0x0601c76e                __ashiftrt_r4_0
                0x0601c720                __ashiftrt_r4_31
                0x0601c72e                __ashiftrt_r4_26
                0x0601c73c                __ashiftrt_r4_22
                0x0601c748                __ashiftrt_r4_16
                0x0601c754                __ashiftrt_r4_12
                0x0601c728                __ashiftrt_r4_29
                0x0601c746                __ashiftrt_r4_17
                0x0601c726                __ashiftrt_r4_30
                0x0601c762                __ashiftrt_r4_5
                0x0601c75c                __ashiftrt_r4_8
                0x0601c720                __ashiftrt_r4_32
                0x0601c730                __ashiftrt_r4_25
                0x0601c768                __ashiftrt_r4_2
                0x0601c732                __ashiftrt_r4_24
                0x0601c74e                __ashiftrt_r4_15
                0x0601c758                __ashiftrt_r4_10
                0x0601c76a                __ashiftrt_r4_1
                0x0601c72a                __ashiftrt_r4_28
                0x0601c740                __ashiftrt_r4_20
                0x0601c75e                __ashiftrt_r4_7
                0x0601c752                __ashiftrt_r4_13
                0x0601c756                __ashiftrt_r4_11
                0x0601c764                __ashiftrt_r4_4
                0x0601c73a                __ashiftrt_r4_23
                0x0601c744                __ashiftrt_r4_18
                0x0601c73e                __ashiftrt_r4_21
                0x0601c766                __ashiftrt_r4_3
 .text          0x0601c780       0x90 C:/Saturn~1/SH_COFF/sh-coff/bin/../lib/gcc/sh-coff/3.4-GNUSH_v0501\libgcc.a(_si_to_sf.o)
                0x0601c780                __floatsisf
 .text          0x0601c810      0x100 C:/Saturn~1/SH_COFF/sh-coff/bin/../lib/gcc/sh-coff/3.4-GNUSH_v0501\libgcc.a(_div_sf.o)
                0x0601c810                __divsf3
 .text          0x0601c910      0x180 C:/Saturn~1/SH_COFF/sh-coff/bin/../lib/gcc/sh-coff/3.4-GNUSH_v0501\libgcc.a(_mul_sf.o)
                0x0601c910                __mulsf3
 .text          0x0601ca90      0x230 C:/Saturn~1/SH_COFF/sh-coff/bin/../lib/gcc/sh-coff/3.4-GNUSH_v0501\libgcc.a(_addsub_sf.o)
                0x0601cc60                __subsf3
                0x0601cc0c                __addsf3
 .text          0x0601ccc0       0x70 C:/Saturn~1/SH_COFF/sh-coff/bin/../lib/gcc/sh-coff/3.4-GNUSH_v0501\libgcc.a(_sf_to_si.o)
                0x0601ccc0                __fixsfsi
 .text          0x0601cd30       0x90 C:/Saturn~1/SH_COFF/sh-coff/bin/../lib/gcc/sh-coff/3.4-GNUSH_v0501\libgcc.a(_ashiftlt.o)
                0x0601cd30                __ashlsi3
 .text          0x0601cdc0       0x60 C:/Saturn~1/SH_COFF/sh-coff/bin/../lib/gcc/sh-coff/3.4-GNUSH_v0501\libgcc.a(_fixunssfsi.o)
                0x0601cdc0                __fixunssfsi
 .text          0x0601ce20       0xa0 C:/Saturn~1/SH_COFF/sh-coff/bin/../lib/gcc/sh-coff/3.4-GNUSH_v0501\libgcc.a(__main.o)
                0x0601ce94                __main
                0x0601ce20                __do_global_dtors
                0x0601ce54                __do_global_ctors
 .text          0x0601cec0       0xb0 C:/Saturn~1/SH_COFF/sh-coff/bin/../lib/gcc/sh-coff/3.4-GNUSH_v0501\libgcc.a(_si_to_df.o)
                0x0601cec0                __floatsidf
 .text          0x0601cf70      0x180 C:/Saturn~1/SH_COFF/sh-coff/bin/../lib/gcc/sh-coff/3.4-GNUSH_v0501\libgcc.a(_div_df.o)
                0x0601cf78                __divdf3
 .text          0x0601d0f0       0x70 C:/Saturn~1/SH_COFF/sh-coff/bin/../lib/gcc/sh-coff/3.4-GNUSH_v0501\libgcc.a(_df_to_sf.o)
                0x0601d0f0                __truncdfsf2
 .text          0x0601d160       0x70 C:/Saturn~1/SH_COFF/sh-coff/bin/../lib/gcc/sh-coff/3.4-GNUSH_v0501\libgcc.a(_udivsi3.o)
                0x0601d182                __udivsi3
 .text          0x0601d1d0       0xa0 C:/Saturn~1/SH_COFF/sh-coff/bin/../lib/gcc/sh-coff/3.4-GNUSH_v0501\libgcc.a(_sdivsi3.o)
                0x0601d1d0                __sdivsi3
 .text          0x0601d270      0x2e0 C:/Saturn~1/SH_COFF/sh-coff/bin/../lib/gcc/sh-coff/3.4-GNUSH_v0501\libgcc.a(_mul_df.o)
                0x0601d280                __muldf3
 .text          0x0601d550       0x80 C:/Saturn~1/SH_COFF/sh-coff/bin/../lib/gcc/sh-coff/3.4-GNUSH_v0501\libgcc.a(_df_to_si.o)
                0x0601d550                __fixdfsi
 .text          0x0601d5d0       0xb0 C:/Saturn~1/SH_COFF/sh-coff/bin/../lib/gcc/sh-coff/3.4-GNUSH_v0501\libgcc.a(_movstr.o)
                0x0601d610                __movstrSI16
                0x0601d5e4                __movstrSI60
                0x0601d5f0                __movstrSI48
                0x0601d5ec                __movstrSI52
                0x0601d5e0                __movstrSI64
                0x0601d5f4                __movstrSI44
                0x0601d5f8                __movstrSI40
                0x0601d5fc                __movstrSI36
                0x0601d630                __movstr
                0x0601d5e8                __movstrSI56
                0x0601d604                __movstrSI28
                0x0601d600                __movstrSI32
                0x0601d614                __movstrSI12
                0x0601d618                __movstrSI8
                0x0601d620                __movstrSI0
                0x0601d608                __movstrSI24
                0x0601d60c                __movstrSI20
                0x0601d61c                __movstrSI4
 .text          0x0601d680      0x150 C:/Saturn~1/SH_COFF/sh-coff/bin/../lib/gcc/sh-coff/3.4-GNUSH_v0501\libgcc.a(_pack_sf.o)
                0x0601d680                __pack_f
 .text          0x0601d7d0       0xb0 C:/Saturn~1/SH_COFF/sh-coff/bin/../lib/gcc/sh-coff/3.4-GNUSH_v0501\libgcc.a(_unpack_sf.o)
                0x0601d7d0                __unpack_f
 .text          0x0601d880       0x10 C:/Saturn~1/SH_COFF/sh-coff/bin/../lib/gcc/sh-coff/3.4-GNUSH_v0501\libgcc.a(_thenan_sf.o)
                0x0601d880                __thenan_sf
 .text          0x0601d890       0xd0 C:/Saturn~1/SH_COFF/sh-coff/bin/../lib/gcc/sh-coff/3.4-GNUSH_v0501\libgcc.a(_muldi3.o)
                0x0601d890                __muldi3
 .text          0x0601d960       0x90 C:/Saturn~1/SH_COFF/sh-coff/bin/../lib/gcc/sh-coff/3.4-GNUSH_v0501\libgcc.a(_lshiftrt.o)
                0x0601d960                __lshrsi3
 .text          0x0601d9f0       0x70 C:/Saturn~1/SH_COFF/sh-coff/bin/../lib/gcc/sh-coff/3.4-GNUSH_v0501\libgcc.a(_ge_sf.o)
                0x0601d9f0                __gesf2
 .text          0x0601da60      0x220 C:/Saturn~1/SH_COFF/sh-coff/bin/../lib/gcc/sh-coff/3.4-GNUSH_v0501\libgcc.a(_pack_df.o)
                0x0601da70                __pack_d
 .text          0x0601dc80      0x120 C:/Saturn~1/SH_COFF/sh-coff/bin/../lib/gcc/sh-coff/3.4-GNUSH_v0501\libgcc.a(_unpack_df.o)
                0x0601dc90                __unpack_d
 .text          0x0601dda0       0x20 C:/Saturn~1/SH_COFF/sh-coff/bin/../lib/gcc/sh-coff/3.4-GNUSH_v0501\libgcc.a(_thenan_df.o)
                0x0601dda0                __thenan_df
 .text          0x0601ddc0       0x30 C:/Saturn~1/SH_COFF/sh-coff/bin/../lib/gcc/sh-coff/3.4-GNUSH_v0501\libgcc.a(_make_sf.o)
                0x0601ddc0                __make_fp
 .text          0x0601ddf0       0x80 C:/Saturn~1/SH_COFF/sh-coff/bin/../lib/gcc/sh-coff/3.4-GNUSH_v0501\libgcc.a(_lshrdi3.o)
                0x0601ddf0                __lshrdi3
 .text          0x0601de70       0x30 C:/Saturn~1/SH_COFF/sh-coff/bin/../lib/gcc/sh-coff/3.4-GNUSH_v0501\libgcc.a(_mulsi3.o)
                0x0601de70                __mulsi3
 .text          0x0601dea0       0xd0 C:/Saturn~1/SH_COFF/sh-coff/bin/../lib/gcc/sh-coff/3.4-GNUSH_v0501\libgcc.a(_fpcmp_parts_sf.o)
                0x0601dea0                __fpcmp_parts_f
 .text          0x0601df70       0x80 C:/Saturn~1/SH_COFF/sh-coff/bin/../lib/gcc/sh-coff/3.4-GNUSH_v0501\libgcc.a(_ashldi3.o)
                0x0601df70                __ashldi3
 .text          0x0601dff0       0xa0 C:/Saturn~1/SH_COFF/sh-coff/bin/../lib/gcc/sh-coff/3.4-GNUSH_v0501/../../../../sh-coff/lib\libc.a(memcpy.o)
                0x0601dff0                memcpy
 .text          0x0601e090       0xa0 C:/Saturn~1/SH_COFF/sh-coff/bin/../lib/gcc/sh-coff/3.4-GNUSH_v0501/../../../../sh-coff/lib\libc.a(vsprintf.o)
                0x0601e090                vsprintf
                0x0601e0e0                _vsprintf_r
 .text          0x0601e130       0x60 C:/Saturn~1/SH_COFF/sh-coff/bin/../lib/gcc/sh-coff/3.4-GNUSH_v0501/../../../../sh-coff/lib\libc.a(memcmp.o)
                0x0601e130                memcmp
 .text          0x0601e190       0xb0 C:/Saturn~1/SH_COFF/sh-coff/bin/../lib/gcc/sh-coff/3.4-GNUSH_v0501/../../../../sh-coff/lib\libc.a(strncmp.o)
                0x0601e190                strncmp
 .text          0x0601e240       0x40 C:/Saturn~1/SH_COFF/sh-coff/bin/../lib/gcc/sh-coff/3.4-GNUSH_v0501/../../../../sh-coff/lib\libc.a(memset.o)
                0x0601e240                memset
 .text          0x0601e280       0xa0 C:/Saturn~1/SH_COFF/sh-coff/bin/../lib/gcc/sh-coff/3.4-GNUSH_v0501/../../../../sh-coff/lib\libc.a(strncpy.o)
                0x0601e280                strncpy
 .text          0x0601e320       0x90 C:/Saturn~1/SH_COFF/sh-coff/bin/../lib/gcc/sh-coff/3.4-GNUSH_v0501/../../../../sh-coff/lib\libc.a(atexit.o)
                0x0601e320                atexit
 .text          0x0601e3b0     0x1a80 C:/Saturn~1/SH_COFF/sh-coff/bin/../lib/gcc/sh-coff/3.4-GNUSH_v0501/../../../../sh-coff/lib\libc.a(vfprintf.o)
                0x0601e470                _vfprintf_r
                0x0601fe0c                vfprintf
 .text          0x0601fe30       0x10 C:/Saturn~1/SH_COFF/sh-coff/bin/../lib/gcc/sh-coff/3.4-GNUSH_v0501/../../../../sh-coff/lib\libc.a(impure.o)
                0x0601fe30                _global_impure_ptr
 .text          0x0601fe40       0x40 C:/Saturn~1/SH_COFF/sh-coff/bin/../lib/gcc/sh-coff/3.4-GNUSH_v0501/../../../../sh-coff/lib\libc.a(malloc.o)
                0x0601fe5c                free
                0x0601fe40                malloc
 .text          0x0601fe80      0x2e0 C:/Saturn~1/SH_COFF/sh-coff/bin/../lib/gcc/sh-coff/3.4-GNUSH_v0501/../../../../sh-coff/lib\libc.a(fvwrite.o)
                0x0601fe80                __sfvwrite
 .text          0x06020160      0x100 C:/Saturn~1/SH_COFF/sh-coff/bin/../lib/gcc/sh-coff/3.4-GNUSH_v0501/../../../../sh-coff/lib\libc.a(locale.o)
                0x06020228                setlocale
                0x060201a8                _setlocale_r
                0x06020204                __locale_charset
                0x06020248                localeconv
                0x06020218                _localeconv_r
 .text          0x06020260      0x100 C:/Saturn~1/SH_COFF/sh-coff/bin/../lib/gcc/sh-coff/3.4-GNUSH_v0501/../../../../sh-coff/lib\libc.a(wsetup.o)
                0x06020260                __swsetup
 .text          0x06020360       0xd0 C:/Saturn~1/SH_COFF/sh-coff/bin/../lib/gcc/sh-coff/3.4-GNUSH_v0501/../../../../sh-coff/lib\libc.a(fflush.o)
                0x06020360                fflush
 .text          0x06020430      0x250 C:/Saturn~1/SH_COFF/sh-coff/bin/../lib/gcc/sh-coff/3.4-GNUSH_v0501/../../../../sh-coff/lib\libc.a(findfp.o)
                0x06020544                __sfp
                0x060204cc                __sfp_lock_acquire
                0x06020660                __fp_unlock_all
                0x06020538                __sfp_lock_release
                0x060204d8                __sinit
                0x06020610                _cleanup
                0x06020640                __fp_lock_all
                0x060205f8                _cleanup_r
                0x06020474                __sfmoreglue
 .text          0x06020680       0x20 C:/Saturn~1/SH_COFF/sh-coff/bin/../lib/gcc/sh-coff/3.4-GNUSH_v0501/../../../../sh-coff/lib\libc.a(strlen.o)
                0x06020680                strlen
 .text          0x060206a0      0x340 C:/Saturn~1/SH_COFF/sh-coff/bin/../lib/gcc/sh-coff/3.4-GNUSH_v0501/../../../../sh-coff/lib\libc.a(freer.o)
                0x060206a0                _malloc_trim_r
                0x06020794                _free_r
 .text          0x060209e0       0x80 C:/Saturn~1/SH_COFF/sh-coff/bin/../lib/gcc/sh-coff/3.4-GNUSH_v0501/../../../../sh-coff/lib\libc.a(wcrtomb.o)
                0x060209e0                _wcrtomb_r
                0x06020a38                wcrtomb
 .text          0x06020a60      0x5b0 C:/Saturn~1/SH_COFF/sh-coff/bin/../lib/gcc/sh-coff/3.4-GNUSH_v0501/../../../../sh-coff/lib\libc.a(mallocr.o)
                0x06020a60                _malloc_r
 .text          0x06021010      0x130 C:/Saturn~1/SH_COFF/sh-coff/bin/../lib/gcc/sh-coff/3.4-GNUSH_v0501/../../../../sh-coff/lib\libc.a(wcsrtombs.o)
                0x06021010                _wcsrtombs_r
                0x06021104                wcsrtombs
 .text          0x06021140       0x40 C:/Saturn~1/SH_COFF/sh-coff/bin/../lib/gcc/sh-coff/3.4-GNUSH_v0501/../../../../sh-coff/lib\libc.a(s_isinf.o)
                0x06021140                isinf
 .text          0x06021180       0x40 C:/Saturn~1/SH_COFF/sh-coff/bin/../lib/gcc/sh-coff/3.4-GNUSH_v0501/../../../../sh-coff/lib\libc.a(s_isnan.o)
                0x06021180                isnan
 .text          0x060211c0     0x12b0 C:/Saturn~1/SH_COFF/sh-coff/bin/../lib/gcc/sh-coff/3.4-GNUSH_v0501/../../../../sh-coff/lib\libc.a(dtoa.o)
                0x06021378                _dtoa_r
 .text          0x06022470       0xb0 C:/Saturn~1/SH_COFF/sh-coff/bin/../lib/gcc/sh-coff/3.4-GNUSH_v0501/../../../../sh-coff/lib\libc.a(memchr.o)
                0x06022470                memchr
 .text          0x06022520       0xa0 C:/Saturn~1/SH_COFF/sh-coff/bin/../lib/gcc/sh-coff/3.4-GNUSH_v0501/../../../../sh-coff/lib\libc.a(memmove.o)
                0x06022520                memmove
 .text          0x060225c0      0x3e0 C:/Saturn~1/SH_COFF/sh-coff/bin/../lib/gcc/sh-coff/3.4-GNUSH_v0501/../../../../sh-coff/lib\libc.a(reallocr.o)
                0x060225c0                _realloc_r
 .text          0x060229a0       0x30 C:/Saturn~1/SH_COFF/sh-coff/bin/../lib/gcc/sh-coff/3.4-GNUSH_v0501/../../../../sh-coff/lib\libc.a(strcmp.o)
                0x060229a0                strcmp
 .text          0x060229d0      0x130 C:/Saturn~1/SH_COFF/sh-coff/bin/../lib/gcc/sh-coff/3.4-GNUSH_v0501/../../../../sh-coff/lib\libc.a(makebuf.o)
                0x060229d0                __smakebuf
 .text          0x06022b00      0x190 C:/Saturn~1/SH_COFF/sh-coff/bin/../lib/gcc/sh-coff/3.4-GNUSH_v0501/../../../../sh-coff/lib\libc.a(fwalk.o)
                0x06022c34                _fwalk_reent
                0x06022bd8                _fwalk
 .text          0x06022c90      0x170 C:/Saturn~1/SH_COFF/sh-coff/bin/../lib/gcc/sh-coff/3.4-GNUSH_v0501/../../../../sh-coff/lib\libc.a(stdio.o)
                0x06022ce8                __swrite
                0x06022dd4                __sclose
                0x06022c90                __sread
                0x06022d74                __sseek
 .text          0x06022e00      0x130 C:/Saturn~1/SH_COFF/sh-coff/bin/../lib/gcc/sh-coff/3.4-GNUSH_v0501/../../../../sh-coff/lib\libc.a(fclose.o)
                0x06022e00                _fclose_r
                0x06022f14                fclose
 .text          0x06022f30       0x20 C:/Saturn~1/SH_COFF/sh-coff/bin/../lib/gcc/sh-coff/3.4-GNUSH_v0501/../../../../sh-coff/lib\libc.a(mlock.o)
                0x06022f30                __malloc_lock
                0x06022f3c                __malloc_unlock
 .text          0x06022f50       0x50 C:/Saturn~1/SH_COFF/sh-coff/bin/../lib/gcc/sh-coff/3.4-GNUSH_v0501/../../../../sh-coff/lib\libc.a(sbrkr.o)
                0x06022f50                _sbrk_r
 .text          0x06022fa0      0x2a0 C:/Saturn~1/SH_COFF/sh-coff/bin/../lib/gcc/sh-coff/3.4-GNUSH_v0501/../../../../sh-coff/lib\libc.a(wctomb_r.o)
                0x06022fc0                _wctomb_r
 .text          0x06023240      0xd10 C:/Saturn~1/SH_COFF/sh-coff/bin/../lib/gcc/sh-coff/3.4-GNUSH_v0501/../../../../sh-coff/lib\libc.a(mprec.o)
                0x06023a00                __mcmp
                0x06023e48                _ratio
                0x06023680                _i2b
                0x06023be4                _b2d
                0x060234dc                _s2b
                0x06023594                _hi0bits
                0x06023834                _pow5mult
                0x06023a44                __mdiff
                0x06023910                _lshift
                0x060236a4                _multiply
                0x06023d0c                _d2b
                0x06023358                _Balloc
                0x06023240                __mprec_tinytens
                0x06023edc                _mprec_log10
                0x06023268                __mprec_bigtens
                0x06023b5c                _ulp
                0x060233f0                _Bfree
                0x06023290                __mprec_tens
                0x060235f4                _lo0bits
                0x06023410                _multadd
 .text          0x06023f50       0x50 C:/Saturn~1/SH_COFF/sh-coff/bin/../lib/gcc/sh-coff/3.4-GNUSH_v0501/../../../../sh-coff/lib\libc.a(fstatr.o)
                0x06023f50                _fstat_r
 .text          0x06023fa0      0x380 C:/Saturn~1/SH_COFF/sh-coff/bin/../lib/gcc/sh-coff/3.4-GNUSH_v0501/../../../../sh-coff/lib\libc.a(syscalls.o)
                0x0602410c                _exit
                0x06024140                _getpid
                0x060241a8                _utime
                0x06023fd8                _write
                0x06023fa0                _read
                0x060240f4                _unlink
                0x060240bc                _open
                0x06024158                _stat
                0x06024100                isatty
                0x060241d8                _wait
                0x06024124                _kill
                0x06024174                _chmod
                0x06024208                _execv
                0x060241ec                _execve
                0x060242e4                __setup_argv_and_call_main
                0x06024240                _gettimeofday
                0x0602400c                _link
                0x0602414c                _raise
                0x060240d8                _creat
                0x06024220                _pipe
                0x0602418c                _chown
                0x06023fbc                _lseek
                0x06023ff4                _close
                0x06024234                _times
                0x060240a8                _fstat
                0x060241c4                _fork
                0x06024034                _sbrk
 .text          0x06024320       0x50 C:/Saturn~1/SH_COFF/sh-coff/bin/../lib/gcc/sh-coff/3.4-GNUSH_v0501/../../../../sh-coff/lib\libc.a(readr.o)
                0x06024320                _read_r
 .text          0x06024370       0x50 C:/Saturn~1/SH_COFF/sh-coff/bin/../lib/gcc/sh-coff/3.4-GNUSH_v0501/../../../../sh-coff/lib\libc.a(writer.o)
                0x06024370                _write_r
 .text          0x060243c0       0x50 C:/Saturn~1/SH_COFF/sh-coff/bin/../lib/gcc/sh-coff/3.4-GNUSH_v0501/../../../../sh-coff/lib\libc.a(lseekr.o)
                0x060243c0                _lseek_r
 .text          0x06024410       0x50 C:/Saturn~1/SH_COFF/sh-coff/bin/../lib/gcc/sh-coff/3.4-GNUSH_v0501/../../../../sh-coff/lib\libc.a(closer.o)
                0x06024410                _close_r
 .text          0x06024460       0x90 C:/Saturn~1/SH_COFF/sh-coff/bin/../lib/gcc/sh-coff/3.4-GNUSH_v0501/../../../../sh-coff/lib\libc.a(callocr.o)
                0x06024460                _calloc_r
 .text          0x060244f0       0x20 C:/Saturn~1/SH_COFF/sh-coff/bin/../lib/gcc/sh-coff/3.4-GNUSH_v0501/../../../../sh-coff/lib\libc.a(trap.o)
                0x060244f0                __trap34
 .text          0x06024510       0x20 C:/Saturn~1/SH_COFF/sh-coff/bin/../lib/gcc/sh-coff/3.4-GNUSH_v0501/../../../../sh-coff/lib\libc.a(abort.o)
                0x06024510                abort
 .text          0x06024530      0x270 C:/Saturn~1/SH_COFF/sh-coff/bin/../lib/gcc/sh-coff/3.4-GNUSH_v0501/../../../../sh-coff/lib\libc.a(signal.o)
                0x060245f0                _raise_r
                0x06024778                __sigtramp
                0x06024724                raise
                0x06024760                _init_signal
                0x060246b0                __sigtramp_r
                0x06024740                signal
                0x0602457c                _signal_r
                0x06024530                _init_signal_r
 .text          0x060247a0       0x60 C:/Saturn~1/SH_COFF/sh-coff/bin/../lib/gcc/sh-coff/3.4-GNUSH_v0501/../../../../sh-coff/lib\libc.a(signalr.o)
                0x060247e8                _getpid_r
                0x060247a0                _kill_r
 .text          0x06024800       0x70 C:/Saturn~1/SH_COFF/sh-coff/bin/../lib/gcc/sh-coff/3.4-GNUSH_v0501\libgcc.a(_lt_df.o)
                0x06024800                __ltdf2
 .text          0x06024870       0x70 C:/Saturn~1/SH_COFF/sh-coff/bin/../lib/gcc/sh-coff/3.4-GNUSH_v0501\libgcc.a(_eq_df.o)
                0x06024870                __eqdf2
 .text          0x060248e0       0x70 C:/Saturn~1/SH_COFF/sh-coff/bin/../lib/gcc/sh-coff/3.4-GNUSH_v0501\libgcc.a(_ne_df.o)
                0x060248e0                __nedf2
 .text          0x06024950      0x540 C:/Saturn~1/SH_COFF/sh-coff/bin/../lib/gcc/sh-coff/3.4-GNUSH_v0501\libgcc.a(_udivdi3.o)
                0x06024950                __udivdi3
 .text          0x06024e90      0x570 C:/Saturn~1/SH_COFF/sh-coff/bin/../lib/gcc/sh-coff/3.4-GNUSH_v0501\libgcc.a(_umoddi3.o)
                0x06024e90                __umoddi3
 .text          0x06025400      0x2f0 C:/Saturn~1/SH_COFF/sh-coff/bin/../lib/gcc/sh-coff/3.4-GNUSH_v0501\libgcc.a(_addsub_df.o)
                0x06025688                __subdf3
                0x06025628                __adddf3
 .text          0x060256f0       0x70 C:/Saturn~1/SH_COFF/sh-coff/bin/../lib/gcc/sh-coff/3.4-GNUSH_v0501\libgcc.a(_gt_df.o)
                0x060256f0                __gtdf2
 .text          0x06025760       0x70 C:/Saturn~1/SH_COFF/sh-coff/bin/../lib/gcc/sh-coff/3.4-GNUSH_v0501\libgcc.a(_ge_df.o)
                0x06025760                __gedf2
 .text          0x060257d0       0x90 C:/Saturn~1/SH_COFF/sh-coff/bin/../lib/gcc/sh-coff/3.4-GNUSH_v0501\libgcc.a(_ashiftrt_n.o)
                0x060257d0                __ashrsi3
 .text          0x06025860       0xf0 C:/Saturn~1/SH_COFF/sh-coff/bin/../lib/gcc/sh-coff/3.4-GNUSH_v0501\libgcc.a(_fpcmp_parts_df.o)
                0x06025860                __fpcmp_parts_d
 .text          0x06025950      0x100 C:/Saturn~1/SH_COFF/sh-coff/bin/../lib/gcc/sh-coff/3.4-GNUSH_v0501\libgcc.a(_clz.o)
                0x06025950                __clz_tab
 *(.strings)

.rodata
 *(.rodata)

.tors           0x06025a50        0x0
                0x06025a50                ___ctors = .
 *(.ctors)
                0x06025a50                ___ctors_end = .
                0x06025a50                ___dtors = .
 *(.dtors)
                0x06025a50                ___dtors_end = .

.data           0x06025a50     0x1a50
                0x06025a50                STARTOF_R = .
 *(.data)
 .data          0x06025a50      0x400 C:/SaturnOrbit/SBL_601/segasmp/per/smpclib/per_x1.o
 .data          0x06025e50       0x10 datasbin.o
                0x06025e50                dbheader
                0x06025e58                gensi
                0x06025e54                dbmap
 .data          0x06025e60       0x10 sprites.o
                0x06025e60                mastersprites
                0x06025e64                mastermapevents
                0x06025e68                spritecache
 .data          0x06025e70      0x410 events.o
                0x06025e74                EventCommandHandlers
                0x06025e70                playerhascontrol
 .data          0x06026280       0x70 main.o
                0x06026280                CycleTb
 .data          0x060262f0      0x400 C:/SaturnOrbit/SBL_601/segalib/lib_coff/sega_int.a(int.o)
 .data          0x060266f0       0x20 C:/SaturnOrbit/SBL_601/segalib/lib_coff/sega_spr.a(spr_1c.o)
 .data          0x06026710       0x10 C:/SaturnOrbit/SBL_601/segalib/lib_coff/sega_scl.a(scl_vblv.o)
                0x06026710                VBInterval
                0x06026714                SpFrameEraseMode
 .data          0x06026720       0x30 C:/SaturnOrbit/SBL_601/segalib/lib_coff/sega_scl.a(scl_func.o)
                0x06026724                SclRotregBuff
                0x06026728                SclDisplayY
                0x06026720                SclRotateTableMode
                0x0602672a                SclDisplayX
 .data          0x06026750       0x20 C:/SaturnOrbit/SBL_601/segalib/lib_coff/sega_scl.a(scl_pri.o)
                0x06026760                SclRealSpPriNum
                0x06026750                SclRealColOffset
                0x06026754                SclRealBgColMix
                0x06026758                SclRealSpColMix
                0x0602675c                SclRealBgPriNum
                0x06026764                SclRealOtherPri
 .data          0x06026770      0x3c0 C:/SaturnOrbit/SBL_601/segalib/lib_coff/sega_sat.a(dbg_disp.o)
 .data          0x06026b30      0x1c0 C:/SaturnOrbit/SBL_601/segalib/lib_coff/sega_sat.a(dbg_moni.o)
 .data          0x06026cf0      0x380 C:/Saturn~1/SH_COFF/sh-coff/bin/../lib/gcc/sh-coff/3.4-GNUSH_v0501/../../../../sh-coff/lib\libc.a(impure.o)
                0x0602706c                _impure_ptr
 .data          0x06027070       0x20 C:/Saturn~1/SH_COFF/sh-coff/bin/../lib/gcc/sh-coff/3.4-GNUSH_v0501/../../../../sh-coff/lib\libc.a(locale.o)
                0x0602707c                __mb_cur_max
                0x06027070                __lc_ctype
 .data          0x06027090      0x410 C:/Saturn~1/SH_COFF/sh-coff/bin/../lib/gcc/sh-coff/3.4-GNUSH_v0501/../../../../sh-coff/lib\libc.a(mallocr.o)
                0x06027098                __malloc_av_
                0x06027094                __malloc_trim_threshold
                0x06027090                __malloc_sbrk_base
                0x060274a0                SIZEOF_R = (. - STARTOF_R)
                0x060274a0                ENDOF_R = .

.bss            0x060274a0     0x8614
                0x060274a0                STARTOF_B = .
 *(.bss)
 .bss           0x060274a0       0x10 C:/SaturnOrbit/SBL_601/segasmp/v_blank/v_blank.o
                0x060274a6                PadData2E
                0x060274a0                PadData1
                0x060274a4                PadData2
                0x060274a8                VBLANK_CNT
                0x060274a2                PadData1E
                0x060274ac                __port
 .bss           0x060274b0       0xd0 C:/SaturnOrbit/SBL_601/segasmp/per/smpclib/per_x2.o
 .bss           0x06027580       0x10 events.o
                0x06027580                numUnhandledCommands
 .bss           0x06027590       0x10 main.o
                0x06027594                console_line
                0x06027598                console_col
                0x06027590                dbg_on
 .bss           0x060275a0       0x20 C:/SaturnOrbit/SBL_601/segalib/lib_coff/sega_spr.a(spr_1c.o)
                0x060275a0                SpInitialFlag
 .bss           0x060275c0       0x20 C:/SaturnOrbit/SBL_601/segalib/lib_coff/sega_scl.a(scl_vblv.o)
                0x060275c0                ReqDisplayFlag
                0x060275c8                SpFrameChgMode
                0x060275c4                VBIntervalCounter
 .bss           0x060275e0       0x20 C:/SaturnOrbit/SBL_601/segalib/lib_coff/sega_scl.a(scl_func.o)
                0x060275e0                SclProcess
                0x060275e4                SclCurSclNum
                0x060275ea                SclLengthLsTbl
                0x060275e8                SclLengthCsTbl
 .bss           0x06027600       0x50 C:/SaturnOrbit/SBL_601/segalib/lib_coff/sega_scl.a(scl_ro00.o)
 .bss           0x06027650       0x9c C:/SaturnOrbit/SBL_601/segalib/lib_coff/sega_per.a(per_prt.o)
 *fill*         0x060276ec        0x4 00
 .bss           0x060276f0     0x27f0 C:/SaturnOrbit/SBL_601/segalib/lib_coff/sega_sat.a(dbg_disp.o)
 .bss           0x06029ee0       0x10 C:/SaturnOrbit/SBL_601/segalib/lib_coff/sega_sat.a(gfs_trn.o)
 .bss           0x06029ef0        0x2 C:/SaturnOrbit/SBL_601/segalib/lib_coff/sega_sat.a(cdc_reg.o)
 *fill*         0x06029ef2        0xe 00
 .bss           0x06029f00       0x20 C:/SaturnOrbit/SBL_601/segalib/lib_coff/sega_sat.a(dma_scu0.o)
 .bss           0x06029f20       0x10 C:/SaturnOrbit/SBL_601/segalib/lib_coff/sega_sat.a(dbg_moni.o)
                0x06029f24                DbgRegAreaP
                0x06029f20                DbgIntrKind
 .bss           0x06029f30        0xc C:/SaturnOrbit/SBL_601/segalib/lib_coff/sega_sat.a(cdc_sub.o)
 *fill*         0x06029f3c        0x4 00
 .bss           0x06029f40       0x10 C:/Saturn~1/SH_COFF/sh-coff/bin/../lib/gcc/sh-coff/3.4-GNUSH_v0501\libgcc.a(__main.o)
 .bss           0x06029f50       0x10 C:/Saturn~1/SH_COFF/sh-coff/bin/../lib/gcc/sh-coff/3.4-GNUSH_v0501/../../../../sh-coff/lib\libc.a(atexit.o)
 .bss           0x06029f60       0x10 C:/Saturn~1/SH_COFF/sh-coff/bin/../lib/gcc/sh-coff/3.4-GNUSH_v0501/../../../../sh-coff/lib\libc.a(locale.o)
                0x06029f64                __mlocale_changed
                0x06029f60                _PathLocale
                0x06029f68                __nlocale_changed
 .bss           0x06029f70       0x40 C:/Saturn~1/SH_COFF/sh-coff/bin/../lib/gcc/sh-coff/3.4-GNUSH_v0501/../../../../sh-coff/lib\libc.a(mallocr.o)
                0x06029fa0                __malloc_top_pad
                0x06029f70                __malloc_current_mallinfo
                0x06029f9c                __malloc_max_sbrked_mem
                0x06029f98                __malloc_max_total_mem
 .bss           0x06029fb0       0x10 C:/Saturn~1/SH_COFF/sh-coff/bin/../lib/gcc/sh-coff/3.4-GNUSH_v0501/../../../../sh-coff/lib\libc.a(syscalls.o)
 *(COMMON)
 COMMON         0x06029fc0     0x1e78 filesystem.o
                                  0x0 (size before relaxing)
                0x06029fc0                dirname
                0x0602a920                buff
                0x0602b120                dirtbl
                0x0602b130                lib_work
 *fill*         0x0602be38        0x8 00
 COMMON         0x0602be40        0xc sprites.o
                                  0x0 (size before relaxing)
                0x0602be40                totalloadedsprites
                0x0602be44                nextvramaddr
                0x0602be48                spritesheetimagedata
 *fill*         0x0602be4c        0x4 00
 COMMON         0x0602be50     0x2200 events.o
                                  0x0 (size before relaxing)
                0x0602be50                mapgameflags
                0x0602ce50                globalgameflags
                0x0602de50                unhandledCommands
 COMMON         0x0602e050       0x24 main.o
                                  0x0 (size before relaxing)
                0x0602e050                spritedex
                0x0602e054                elapsedticks
                0x0602e056                lasttick
                0x0602e058                currenttick
                0x0602e05c                start
                0x0602e064                VRAM
                0x0602e070                spr_cmds
 *fill*         0x0602e074        0xc 00
 COMMON         0x0602e080      0x400 C:/SaturnOrbit/SBL_601/segalib/lib_coff/sega_int.a(int.o)
                                  0x0 (size before relaxing)
                0x0602e080                __interrupt_vector
 COMMON         0x0602e480       0x10 C:/SaturnOrbit/SBL_601/segalib/lib_coff/sega_spr.a(spr_1c.o)
                                  0x0 (size before relaxing)
                0x0602e480                SpScreenY
                0x0602e484                SpFbcrMode
                0x0602e486                SpDil
                0x0602e488                SpDie
                0x0602e48a                SpTvMode
                0x0602e48c                SpScreenX
 COMMON         0x0602e490      0xf00 C:/SaturnOrbit/SBL_601/segalib/lib_coff/sega_scl.a(scl_func.o)
                                  0x0 (size before relaxing)
                0x0602e490                SclRbgKtbAddr
                0x0602e498                SclRb
                0x0602e49a                Scl_flag
                0x0602e4a0                SclK_TableBuff
                0x0602f170                SclAddrCsTbl
                0x0602f180                Scl_s_reg
                0x0602f1a8                SclRotateXy
                0x0602f1b0                Scl_d_reg
                0x0602f1f8                SclRotateDisp
                0x0602f200                SclRotateMoveZ
                0x0602f208                SclRotXySw
                0x0602f210                Scl_r_reg
                0x0602f220                SclRPMD
                0x0602f228                SclRbgKtbOffset
                0x0602f230                _SclRotregBuff
                0x0602f300                SclRa
                0x0602f308                SclRotateZ
                0x0602f310                SclAddrLsTbl
                0x0602f318                SclK_TableNum
                0x0602f320                SclRotateTableAddress
                0x0602f324                SclK_TableFlag
                0x0602f330                Scl_w_reg
                0x0602f350                Scl_n_reg
 COMMON         0x0602f390      0x6b0 C:/SaturnOrbit/SBL_601/segalib/lib_coff/sega_scl.a(scl_pri.o)
                                  0x0 (size before relaxing)
                0x0602f390                SclAutoEndBlue2
                0x0602f3a0                SclColOffset
                0x0602f3b0                SclPriBuffDirty
                0x0602f3b2                SclAutoEndRed
                0x0602f3b4                SclAutoSurface
                0x0602f3b8                SclAutoGreen
                0x0602f3ba                SclAutoEndGreen
                0x0602f3bc                SclAutoCount
                0x0602f3c0                SclColRamAlloc256
                0x0602f3e0                SclAutoCurRate
                0x0602f3e1                SclAutoPlusFlag
                0x0602f3e8                SclSpColMix
                0x0602f3f0                SclAutoMax
                0x0602f3f4                SclLineColRamOffset
                0x0602f3f8                SclColRamAlloc2048
                0x0602f3fc                SclBgPriNum
                0x0602f402                SclAutoEndBlue
                0x0602f404                SclAutoEndGreen2
                0x0602f406                SclAutoVeFlag
                0x0602f408                SclBgColMix
                0x0602f410                SclAutoIndex
                0x0602f414                SclAutoEndRate
                0x0602f416                SclAutoBlue
                0x0602f418                SclAutoRed
                0x0602f41c                SclAutoInterval
                0x0602f420                SclOtherPri
                0x0602f430                SclAutoRGB
                0x0602fa30                SclAutoEndRed2
                0x0602fa38                SclSpPriNum
 COMMON         0x0602fa40       0x10 C:/SaturnOrbit/SBL_601/segalib/lib_coff/sega_scl.a(scl_ro00.o)
                                  0x0 (size before relaxing)
                0x0602fa40                SclCsx
                0x0602fa48                SclCsy
 COMMON         0x0602fa50       0x15 C:/SaturnOrbit/SBL_601/segalib/lib_coff/sega_per.a(per_prt.o)
                                  0x0 (size before relaxing)
                0x0602fa50                per_get_time_flg
                0x0602fa51                per_hot_res
                0x0602fa52                per_set_sys_flg
                0x0602fa54                per_get_time_adr
                0x0602fa58                per_get_sys_data
                0x0602fa64                per_time_out_flg
 *fill*         0x0602fa65        0xb 00
 COMMON         0x0602fa70        0xc C:/SaturnOrbit/SBL_601/segalib/lib_coff/sega_sat.a(gfs.o)
                                  0x0 (size before relaxing)
                0x0602fa70                GFMC_base
                0x0602fa74                gfs_mng_ptr
                0x0602fa78                gfs_use_scudma
 *fill*         0x0602fa7c        0x4 00
 COMMON         0x0602fa80        0x4 C:/SaturnOrbit/SBL_601/segalib/lib_coff/sega_sat.a(dbg_disp.o)
                                  0x0 (size before relaxing)
                0x0602fa80                DBG_DelayCount
 *fill*         0x0602fa84        0xc 00
 COMMON         0x0602fa90        0xc C:/SaturnOrbit/SBL_601/segalib/lib_coff/sega_sat.a(gfs_cdc.o)
                                  0x0 (size before relaxing)
                0x0602fa90                gfcd_fatal_err
                0x0602fa94                gfcd_work
                0x0602fa98                gfcd_playflag
 *fill*         0x0602fa9c        0x4 00
 COMMON         0x0602faa0        0x8 C:/SaturnOrbit/SBL_601/segalib/lib_coff/sega_sat.a(gfs_cdf.o)
                                  0x0 (size before relaxing)
                0x0602faa0                gfcf_fad
                0x0602faa4                gfcf_stat
 *fill*         0x0602faa8        0x8 00
 COMMON         0x0602fab0        0x4 C:/Saturn~1/SH_COFF/sh-coff/bin/../lib/gcc/sh-coff/3.4-GNUSH_v0501/../../../../sh-coff/lib\libc.a(syscalls.o)
                                  0x0 (size before relaxing)
                0x0602fab0                errno
                0x0602fab4                SIZEOF_B = (. - STARTOF_B)
                0x0602fab4                ENDOF_B = .
                0x0602fab4                _end = .
OUTPUT(main_coff.cof coff-sh)

.comment        0x0602fac0      0xe80
 .comment       0x0602fac0       0x20 C:/SaturnOrbit/SBL_601/segasmp/lib/strt2_g.o
 .comment       0x0602fae0       0x20 C:/SaturnOrbit/SBL_601/segasmp/v_blank/set_vb.o
 .comment       0x0602fb00       0x20 C:/SaturnOrbit/SBL_601/segasmp/v_blank/v_blank.o
 .comment       0x0602fb20       0x20 C:/SaturnOrbit/SBL_601/segasmp/per/smpclib/per_x1.o
 .comment       0x0602fb40       0x20 C:/SaturnOrbit/SBL_601/segasmp/per/smpclib/per_x2.o
 .comment       0x0602fb60       0x20 filesystem.o
 .comment       0x0602fb80       0x20 datasbin.o
 .comment       0x0602fba0       0x20 sprites.o
 .comment       0x0602fbc0       0x20 utilities.o
 .comment       0x0602fbe0       0x20 events.o
 .comment       0x0602fc00       0x20 main.o
 .comment       0x0602fc20       0x20 C:/SaturnOrbit/SBL_601/segalib/lib_coff/sega_int.a(int.o)
 .comment       0x0602fc40       0x20 C:/SaturnOrbit/SBL_601/segalib/lib_coff/sega_spr.a(spr_1c.o)
 .comment       0x0602fc60       0x20 C:/SaturnOrbit/SBL_601/segalib/lib_coff/sega_scl.a(scl_vblv.o)
 .comment       0x0602fc80       0x20 C:/SaturnOrbit/SBL_601/segalib/lib_coff/sega_scl.a(scl_func.o)
 .comment       0x0602fca0       0x20 C:/SaturnOrbit/SBL_601/segalib/lib_coff/sega_scl.a(scl_back.o)
 .comment       0x0602fcc0       0x20 C:/SaturnOrbit/SBL_601/segalib/lib_coff/sega_scl.a(scl_fu03.o)
 .comment       0x0602fce0       0x20 C:/SaturnOrbit/SBL_601/segalib/lib_coff/sega_scl.a(scl_fu04.o)
 .comment       0x0602fd00       0x20 C:/SaturnOrbit/SBL_601/segalib/lib_coff/sega_scl.a(scl_pr07.o)
 .comment       0x0602fd20       0x20 C:/SaturnOrbit/SBL_601/segalib/lib_coff/sega_scl.a(scl_pr01.o)
 .comment       0x0602fd40       0x20 C:/SaturnOrbit/SBL_601/segalib/lib_coff/sega_scl.a(scl_pr12.o)
 .comment       0x0602fd60       0x20 C:/SaturnOrbit/SBL_601/segalib/lib_coff/sega_scl.a(scl_pr11.o)
 .comment       0x0602fd80       0x20 C:/SaturnOrbit/SBL_601/segalib/lib_coff/sega_scl.a(scl_pri.o)
 .comment       0x0602fda0       0x20 C:/SaturnOrbit/SBL_601/segalib/lib_coff/sega_scl.a(scl_ro00.o)
 .comment       0x0602fdc0       0x20 C:/SaturnOrbit/SBL_601/segalib/lib_coff/sega_scl.a(scl_pr02.o)
 .comment       0x0602fde0       0x20 C:/SaturnOrbit/SBL_601/segalib/lib_coff/sega_scl.a(scl_pr05.o)
 .comment       0x0602fe00       0x20 C:/SaturnOrbit/SBL_601/segalib/lib_coff/sega_sat.a(gfs.o)
 .comment       0x0602fe20       0x20 C:/SaturnOrbit/SBL_601/segalib/lib_coff/sega_sat.a(dbg_disp.o)
 .comment       0x0602fe40       0x20 C:/SaturnOrbit/SBL_601/segalib/lib_coff/sega_sat.a(gfs_cdc.o)
 .comment       0x0602fe60       0x20 C:/SaturnOrbit/SBL_601/segalib/lib_coff/sega_sat.a(gfs_dir.o)
 .comment       0x0602fe80       0x20 C:/SaturnOrbit/SBL_601/segalib/lib_coff/sega_sat.a(gfs_buf.o)
 .comment       0x0602fea0       0x20 C:/SaturnOrbit/SBL_601/segalib/lib_coff/sega_sat.a(gfs_cdf.o)
 .comment       0x0602fec0       0x20 C:/SaturnOrbit/SBL_601/segalib/lib_coff/sega_sat.a(gfs_trn.o)
 .comment       0x0602fee0       0x20 C:/SaturnOrbit/SBL_601/segalib/lib_coff/sega_sat.a(gfs_cdb.o)
 .comment       0x0602ff00       0x20 C:/SaturnOrbit/SBL_601/segalib/lib_coff/sega_sat.a(scl_pr03.o)
 .comment       0x0602ff20       0x20 C:/SaturnOrbit/SBL_601/segalib/lib_coff/sega_sat.a(scl_pr08.o)
 .comment       0x0602ff40       0x20 C:/SaturnOrbit/SBL_601/segalib/lib_coff/sega_sat.a(dma_scu0.o)
 .comment       0x0602ff60       0x20 C:/SaturnOrbit/SBL_601/segalib/lib_coff/sega_sat.a(csh_main.o)
 .comment       0x0602ff80       0x20 C:/SaturnOrbit/SBL_601/segalib/lib_coff/sega_sat.a(dma_cpu0.o)
 .comment       0x0602ffa0       0x20 C:/SaturnOrbit/SBL_601/segalib/lib_coff/sega_sat.a(dbg_moni.o)
 .comment       0x0602ffc0       0x20 C:/SaturnOrbit/SBL_601/segalib/lib_coff/sega_sat.a(scl_pr06.o)
 .comment       0x0602ffe0       0x20 C:/Saturn~1/SH_COFF/sh-coff/bin/../lib/gcc/sh-coff/3.4-GNUSH_v0501\libgcc.a(_si_to_sf.o)
 .comment       0x06030000       0x20 C:/Saturn~1/SH_COFF/sh-coff/bin/../lib/gcc/sh-coff/3.4-GNUSH_v0501\libgcc.a(_div_sf.o)
 .comment       0x06030020       0x20 C:/Saturn~1/SH_COFF/sh-coff/bin/../lib/gcc/sh-coff/3.4-GNUSH_v0501\libgcc.a(_mul_sf.o)
 .comment       0x06030040       0x20 C:/Saturn~1/SH_COFF/sh-coff/bin/../lib/gcc/sh-coff/3.4-GNUSH_v0501\libgcc.a(_addsub_sf.o)
 .comment       0x06030060       0x20 C:/Saturn~1/SH_COFF/sh-coff/bin/../lib/gcc/sh-coff/3.4-GNUSH_v0501\libgcc.a(_sf_to_si.o)
 .comment       0x06030080       0x20 C:/Saturn~1/SH_COFF/sh-coff/bin/../lib/gcc/sh-coff/3.4-GNUSH_v0501\libgcc.a(_fixunssfsi.o)
 .comment       0x060300a0       0x20 C:/Saturn~1/SH_COFF/sh-coff/bin/../lib/gcc/sh-coff/3.4-GNUSH_v0501\libgcc.a(__main.o)
 .comment       0x060300c0       0x20 C:/Saturn~1/SH_COFF/sh-coff/bin/../lib/gcc/sh-coff/3.4-GNUSH_v0501\libgcc.a(_si_to_df.o)
 .comment       0x060300e0       0x20 C:/Saturn~1/SH_COFF/sh-coff/bin/../lib/gcc/sh-coff/3.4-GNUSH_v0501\libgcc.a(_div_df.o)
 .comment       0x06030100       0x20 C:/Saturn~1/SH_COFF/sh-coff/bin/../lib/gcc/sh-coff/3.4-GNUSH_v0501\libgcc.a(_df_to_sf.o)
 .comment       0x06030120       0x20 C:/Saturn~1/SH_COFF/sh-coff/bin/../lib/gcc/sh-coff/3.4-GNUSH_v0501\libgcc.a(_mul_df.o)
 .comment       0x06030140       0x20 C:/Saturn~1/SH_COFF/sh-coff/bin/../lib/gcc/sh-coff/3.4-GNUSH_v0501\libgcc.a(_df_to_si.o)
 .comment       0x06030160       0x20 C:/Saturn~1/SH_COFF/sh-coff/bin/../lib/gcc/sh-coff/3.4-GNUSH_v0501\libgcc.a(_pack_sf.o)
 .comment       0x06030180       0x20 C:/Saturn~1/SH_COFF/sh-coff/bin/../lib/gcc/sh-coff/3.4-GNUSH_v0501\libgcc.a(_unpack_sf.o)
 .comment       0x060301a0       0x20 C:/Saturn~1/SH_COFF/sh-coff/bin/../lib/gcc/sh-coff/3.4-GNUSH_v0501\libgcc.a(_thenan_sf.o)
 .comment       0x060301c0       0x20 C:/Saturn~1/SH_COFF/sh-coff/bin/../lib/gcc/sh-coff/3.4-GNUSH_v0501\libgcc.a(_muldi3.o)
 .comment       0x060301e0       0x20 C:/Saturn~1/SH_COFF/sh-coff/bin/../lib/gcc/sh-coff/3.4-GNUSH_v0501\libgcc.a(_ge_sf.o)
 .comment       0x06030200       0x20 C:/Saturn~1/SH_COFF/sh-coff/bin/../lib/gcc/sh-coff/3.4-GNUSH_v0501\libgcc.a(_pack_df.o)
 .comment       0x06030220       0x20 C:/Saturn~1/SH_COFF/sh-coff/bin/../lib/gcc/sh-coff/3.4-GNUSH_v0501\libgcc.a(_unpack_df.o)
 .comment       0x06030240       0x20 C:/Saturn~1/SH_COFF/sh-coff/bin/../lib/gcc/sh-coff/3.4-GNUSH_v0501\libgcc.a(_thenan_df.o)
 .comment       0x06030260       0x20 C:/Saturn~1/SH_COFF/sh-coff/bin/../lib/gcc/sh-coff/3.4-GNUSH_v0501\libgcc.a(_make_sf.o)
 .comment       0x06030280       0x20 C:/Saturn~1/SH_COFF/sh-coff/bin/../lib/gcc/sh-coff/3.4-GNUSH_v0501\libgcc.a(_lshrdi3.o)
 .comment       0x060302a0       0x20 C:/Saturn~1/SH_COFF/sh-coff/bin/../lib/gcc/sh-coff/3.4-GNUSH_v0501\libgcc.a(_fpcmp_parts_sf.o)
 .comment       0x060302c0       0x20 C:/Saturn~1/SH_COFF/sh-coff/bin/../lib/gcc/sh-coff/3.4-GNUSH_v0501\libgcc.a(_ashldi3.o)
 .comment       0x060302e0       0x20 C:/Saturn~1/SH_COFF/sh-coff/bin/../lib/gcc/sh-coff/3.4-GNUSH_v0501/../../../../sh-coff/lib\libc.a(vsprintf.o)
 .comment       0x06030300       0x20 C:/Saturn~1/SH_COFF/sh-coff/bin/../lib/gcc/sh-coff/3.4-GNUSH_v0501/../../../../sh-coff/lib\libc.a(memcmp.o)
 .comment       0x06030320       0x20 C:/Saturn~1/SH_COFF/sh-coff/bin/../lib/gcc/sh-coff/3.4-GNUSH_v0501/../../../../sh-coff/lib\libc.a(strncmp.o)
 .comment       0x06030340       0x20 C:/Saturn~1/SH_COFF/sh-coff/bin/../lib/gcc/sh-coff/3.4-GNUSH_v0501/../../../../sh-coff/lib\libc.a(strncpy.o)
 .comment       0x06030360       0x20 C:/Saturn~1/SH_COFF/sh-coff/bin/../lib/gcc/sh-coff/3.4-GNUSH_v0501/../../../../sh-coff/lib\libc.a(atexit.o)